Archive member included to satisfy reference by file (symbol)

C:/Users/glaugtbest/.pico-sdk/toolchain/13_3_Rel1/bin/../lib/gcc/arm-none-eabi/13.3.1/thumb/v6-m/nofp\libgcc.a(_dvmd_tls.o)
                              CMakeFiles/blink.dir/C_/Users/glaugtbest/.pico-sdk/sdk/2.1.0/src/rp2_common/pico_divider/divider_hardware.S.obj (__aeabi_idiv0)
C:/Users/glaugtbest/.pico-sdk/toolchain/13_3_Rel1/bin/../lib/gcc/arm-none-eabi/13.3.1/thumb/v6-m/nofp\libg.a(libc_a-calloc.o)
                              CMakeFiles/blink.dir/C_/Users/glaugtbest/.pico-sdk/sdk/2.1.0/src/rp2_common/pico_malloc/malloc.c.obj (calloc)
C:/Users/glaugtbest/.pico-sdk/toolchain/13_3_Rel1/bin/../lib/gcc/arm-none-eabi/13.3.1/thumb/v6-m/nofp\libg.a(libc_a-callocr.o)
                              C:/Users/glaugtbest/.pico-sdk/toolchain/13_3_Rel1/bin/../lib/gcc/arm-none-eabi/13.3.1/thumb/v6-m/nofp\libg.a(libc_a-calloc.o) (_calloc_r)
C:/Users/glaugtbest/.pico-sdk/toolchain/13_3_Rel1/bin/../lib/gcc/arm-none-eabi/13.3.1/thumb/v6-m/nofp\libg.a(libc_a-malloc.o)
                              CMakeFiles/blink.dir/C_/Users/glaugtbest/.pico-sdk/sdk/2.1.0/src/rp2_common/pico_malloc/malloc.c.obj (malloc)
C:/Users/glaugtbest/.pico-sdk/toolchain/13_3_Rel1/bin/../lib/gcc/arm-none-eabi/13.3.1/thumb/v6-m/nofp\libg.a(libc_a-mallocr.o)
                              C:/Users/glaugtbest/.pico-sdk/toolchain/13_3_Rel1/bin/../lib/gcc/arm-none-eabi/13.3.1/thumb/v6-m/nofp\libg.a(libc_a-callocr.o) (_malloc_r)
C:/Users/glaugtbest/.pico-sdk/toolchain/13_3_Rel1/bin/../lib/gcc/arm-none-eabi/13.3.1/thumb/v6-m/nofp\libg.a(libc_a-mlock.o)
                              C:/Users/glaugtbest/.pico-sdk/toolchain/13_3_Rel1/bin/../lib/gcc/arm-none-eabi/13.3.1/thumb/v6-m/nofp\libg.a(libc_a-mallocr.o) (__malloc_lock)
C:/Users/glaugtbest/.pico-sdk/toolchain/13_3_Rel1/bin/../lib/gcc/arm-none-eabi/13.3.1/thumb/v6-m/nofp\libg.a(libc_a-realloc.o)
                              CMakeFiles/blink.dir/C_/Users/glaugtbest/.pico-sdk/sdk/2.1.0/src/rp2_common/pico_malloc/malloc.c.obj (realloc)
C:/Users/glaugtbest/.pico-sdk/toolchain/13_3_Rel1/bin/../lib/gcc/arm-none-eabi/13.3.1/thumb/v6-m/nofp\libg.a(libc_a-reallocr.o)
                              C:/Users/glaugtbest/.pico-sdk/toolchain/13_3_Rel1/bin/../lib/gcc/arm-none-eabi/13.3.1/thumb/v6-m/nofp\libg.a(libc_a-realloc.o) (_realloc_r)
C:/Users/glaugtbest/.pico-sdk/toolchain/13_3_Rel1/bin/../lib/gcc/arm-none-eabi/13.3.1/thumb/v6-m/nofp\libg.a(libc_a-ctype_.o)
                              CMakeFiles/blink.dir/C_/Users/glaugtbest/.pico-sdk/sdk/2.1.0/lib/tinyusb/src/tusb.c.obj (_ctype_)
C:/Users/glaugtbest/.pico-sdk/toolchain/13_3_Rel1/bin/../lib/gcc/arm-none-eabi/13.3.1/thumb/v6-m/nofp\libg.a(libc_a-memcmp.o)
                              CMakeFiles/blink.dir/C_/Users/glaugtbest/.pico-sdk/sdk/2.1.0/src/rp2_common/pico_atomic/atomic.c.obj (memcmp)
C:/Users/glaugtbest/.pico-sdk/toolchain/13_3_Rel1/bin/../lib/gcc/arm-none-eabi/13.3.1/thumb/v6-m/nofp\libg.a(libc_a-memmove.o)
                              CMakeFiles/blink.dir/C_/Users/glaugtbest/.pico-sdk/sdk/2.1.0/lib/cyw43-driver/src/cyw43_ll.c.obj (memmove)
C:/Users/glaugtbest/.pico-sdk/toolchain/13_3_Rel1/bin/../lib/gcc/arm-none-eabi/13.3.1/thumb/v6-m/nofp\libg.a(libc_a-strncmp.o)
                              CMakeFiles/blink.dir/C_/Users/glaugtbest/.pico-sdk/sdk/2.1.0/lib/cyw43-driver/src/cyw43_ll.c.obj (strncmp)
C:/Users/glaugtbest/.pico-sdk/toolchain/13_3_Rel1/bin/../lib/gcc/arm-none-eabi/13.3.1/thumb/v6-m/nofp\libg.a(libc_a-lcltime_r.o)
                              CMakeFiles/blink.dir/C_/Users/glaugtbest/.pico-sdk/sdk/2.1.0/src/common/pico_util/datetime.c.obj (localtime_r)
C:/Users/glaugtbest/.pico-sdk/toolchain/13_3_Rel1/bin/../lib/gcc/arm-none-eabi/13.3.1/thumb/v6-m/nofp\libg.a(libc_a-mktime.o)
                              CMakeFiles/blink.dir/C_/Users/glaugtbest/.pico-sdk/sdk/2.1.0/src/common/pico_util/datetime.c.obj (mktime)
C:/Users/glaugtbest/.pico-sdk/toolchain/13_3_Rel1/bin/../lib/gcc/arm-none-eabi/13.3.1/thumb/v6-m/nofp\libg.a(libc_a-month_lengths.o)
                              C:/Users/glaugtbest/.pico-sdk/toolchain/13_3_Rel1/bin/../lib/gcc/arm-none-eabi/13.3.1/thumb/v6-m/nofp\libg.a(libc_a-lcltime_r.o) (__month_lengths)
C:/Users/glaugtbest/.pico-sdk/toolchain/13_3_Rel1/bin/../lib/gcc/arm-none-eabi/13.3.1/thumb/v6-m/nofp\libg.a(libc_a-tzcalc_limits.o)
                              C:/Users/glaugtbest/.pico-sdk/toolchain/13_3_Rel1/bin/../lib/gcc/arm-none-eabi/13.3.1/thumb/v6-m/nofp\libg.a(libc_a-lcltime_r.o) (__tzcalc_limits)
C:/Users/glaugtbest/.pico-sdk/toolchain/13_3_Rel1/bin/../lib/gcc/arm-none-eabi/13.3.1/thumb/v6-m/nofp\libg.a(libc_a-tzlock.o)
                              C:/Users/glaugtbest/.pico-sdk/toolchain/13_3_Rel1/bin/../lib/gcc/arm-none-eabi/13.3.1/thumb/v6-m/nofp\libg.a(libc_a-lcltime_r.o) (__tz_lock)
C:/Users/glaugtbest/.pico-sdk/toolchain/13_3_Rel1/bin/../lib/gcc/arm-none-eabi/13.3.1/thumb/v6-m/nofp\libg.a(libc_a-tzset.o)
[...]
Memory Configuration

Name             Origin             Length             Attributes
FLASH            0x10000000         0x00200000         xr
RAM              0x20000000         0x00040000         xrw
SCRATCH_X        0x20040000         0x00001000         xrw
SCRATCH_Y        0x20041000         0x00001000         xrw
*default*        0x00000000         0xffffffff

Linker script and memory map

LOAD C:/Users/glaugtbest/.pico-sdk/toolchain/13_3_Rel1/bin/../lib/gcc/arm-none-eabi/13.3.1/thumb/v6-m/nofp/crti.o
LOAD C:/Users/glaugtbest/.pico-sdk/toolchain/13_3_Rel1/bin/../lib/gcc/arm-none-eabi/13.3.1/thumb/v6-m/nofp/crtbegin.o
LOAD C:/Users/glaugtbest/.pico-sdk/toolchain/13_3_Rel1/bin/../lib/gcc/arm-none-eabi/13.3.1/thumb/v6-m/nofp/crt0.o

.flash_begin    0x10000000        0x0
                0x10000000                        __flash_binary_start = .

.boot2          0x10000000      0x100
                0x10000000                        __boot2_start__ = .
 *(.boot2)
 .boot2         0x10000000      0x100 pico-sdk/src/rp2040/boot_stage2/CMakeFiles/bs2_default_library.dir/./bs2_default_padded_checksummed.S.obj
                0x10000100                        __boot2_end__ = .
                0x00000001                        ASSERT (((__boot2_end__ - __boot2_start__) == 0x100), ERROR: Pico second stage bootloader must be 256 bytes in size)

.text           0x10000100     0x8838
                0x10000100                        __logical_binary_start = .
 *(.vectors)
 .vectors       0x10000100       0xd4 CMakeFiles/blink.dir/C_/Users/glaugtbest/.pico-sdk/sdk/2.1.0/src/rp2_common/pico_crt0/crt0.S.obj
                0x10000100                __VECTOR_TABLE
                0x10000100                __vectors
                0x100001c0                isr_invalid
                0x100001c0                __default_isrs_start
                0x100001c2                isr_nmi
                0x100001c4                isr_hardfault
                0x100001c6                isr_svcall
                0x100001c8                isr_pendsv
                0x100001ca                isr_systick
                0x100001cc                isr_irq23
                0x100001cc                isr_irq18
                0x100001cc                isr_irq11
                0x100001cc                isr_irq28
                0x100001cc                isr_irq19
                0x100001cc                isr_irq0
                0x100001cc                isr_irq6
                0x100001cc                isr_irq5
                0x100001cc                isr_irq12
                0x100001cc                isr_irq22
                0x100001cc                isr_irq31
                0x100001cc                isr_irq17
                0x100001cc                isr_irq27
                0x100001cc                isr_irq30
                0x100001cc                isr_irq2
                0x100001cc                isr_irq10
                0x100001cc                isr_irq8
                0x100001cc                isr_irq24
                0x100001cc                isr_irq1
                0x100001cc                isr_irq7
                0x100001cc                isr_irq21
                0x100001cc                isr_irq20
                0x100001cc                isr_irq15
                0x100001cc                isr_irq25
                0x100001cc                isr_irq13
                0x100001cc                __unhandled_user_irq
                0x100001cc                isr_irq4
                0x100001cc                isr_irq16
                0x100001cc                isr_irq29
                0x100001cc                isr_irq26
                0x100001cc                __default_isrs_end
                0x100001cc                isr_irq3
                0x100001cc                isr_irq14
                0x100001cc                isr_irq9
                0x100001d2                unhandled_user_irq_num_in_r0
 *(.binary_info_header)
 .binary_info_header
                0x100001d4       0x14 CMakeFiles/blink.dir/C_/Users/glaugtbest/.pico-sdk/sdk/2.1.0/src/rp2_common/pico_crt0/crt0.S.obj
                0x100001e8                        __binary_info_header_end = .
 *(.embedded_block)
                0x100001e8                        __embedded_block_end = .
 *(.reset)
 .reset         0x100001e8       0x9c CMakeFiles/blink.dir/C_/Users/glaugtbest/.pico-sdk/sdk/2.1.0/src/rp2_common/pico_crt0/crt0.S.obj
                0x100001e8                _entry_point
 *(.init)
 .init          0x10000284        0x4 C:/Users/glaugtbest/.pico-sdk/toolchain/13_3_Rel1/bin/../lib/gcc/arm-none-eabi/13.3.1/thumb/v6-m/nofp/crti.o
                0x10000284                _init
 *(EXCLUDE_FILE(*libm.a: *libc.a:*lib_a-mem*.o *libgcc.a:) .text*)
 .text.register_tm_clones
                0x10000288       0x28 C:/Users/glaugtbest/.pico-sdk/toolchain/13_3_Rel1/bin/../lib/gcc/arm-none-eabi/13.3.1/thumb/v6-m/nofp/crtbegin.o
 .text.frame_dummy
                0x100002b0       0x24 C:/Users/glaugtbest/.pico-sdk/toolchain/13_3_Rel1/bin/../lib/gcc/arm-none-eabi/13.3.1/thumb/v6-m/nofp/crtbegin.o
 .text.button_task
                0x100002d4       0x44 CMakeFiles/blink.dir/blink.c.obj
                0x100002d4                button_task
 .text.processing_task
                0x10000318       0x44 CMakeFiles/blink.dir/blink.c.obj
                0x10000318                processing_task
 .text.led_task
                0x1000035c       0x5c CMakeFiles/blink.dir/blink.c.obj
                0x1000035c                led_task
 .text.init_hardware
                0x100003b8       0x28 CMakeFiles/blink.dir/blink.c.obj
                0x100003b8                init_hardware
 .text.main     0x100003e0       0x88 CMakeFiles/blink.dir/blink.c.obj
                0x100003e0                main
 .text.gpio_set_function
                0x10000468       0x34 CMakeFiles/blink.dir/C_/Users/glaugtbest/.pico-sdk/sdk/2.1.0/src/rp2_common/hardware_gpio/gpio.c.obj
                0x10000468                gpio_set_function
 .text.gpio_set_pulls
                0x1000049c       0x38 CMakeFiles/blink.dir/C_/Users/glaugtbest/.pico-sdk/sdk/2.1.0/src/rp2_common/hardware_gpio/gpio.c.obj
                0x1000049c                gpio_set_pulls
 .text.gpio_init
                0x100004d4       0x16 CMakeFiles/blink.dir/C_/Users/glaugtbest/.pico-sdk/sdk/2.1.0/src/rp2_common/hardware_gpio/gpio.c.obj
                0x100004d4                gpio_init
 *fill*         0x100004ea        0x2 
 .text.rp2040_chip_version
                0x100004ec       0x54 CMakeFiles/blink.dir/C_/Users/glaugtbest/.pico-sdk/sdk/2.1.0/src/rp2040/pico_platform/platform.c.obj
                0x100004ec                rp2040_chip_version
 .text.panic    0x10000540       0x30 CMakeFiles/blink.dir/C_/Users/glaugtbest/.pico-sdk/sdk/2.1.0/src/rp2_common/pico_platform_panic/panic.c.obj
                0x10000540                panic
 .text.panic_unsupported
                0x10000570        0xc CMakeFiles/blink.dir/C_/Users/glaugtbest/.pico-sdk/sdk/2.1.0/src/rp2_common/pico_platform_panic/panic.c.obj
                0x10000570                panic_unsupported
 .text.hw_claim_lock
                0x1000057c       0x18 CMakeFiles/blink.dir/C_/Users/glaugtbest/.pico-sdk/sdk/2.1.0/src/common/hardware_claim/claim.c.obj
                0x1000057c                hw_claim_lock
 .text.hw_claim_unlock
                0x10000594       0x14 CMakeFiles/blink.dir/C_/Users/glaugtbest/.pico-sdk/sdk/2.1.0/src/common/hardware_claim/claim.c.obj
                0x10000594                hw_claim_unlock
 .text.hw_claim_or_assert
                0x100005a8       0x32 CMakeFiles/blink.dir/C_/Users/glaugtbest/.pico-sdk/sdk/2.1.0/src/common/hardware_claim/claim.c.obj
                0x100005a8                hw_claim_or_assert
 .text.hw_claim_unused_from_range
                0x100005da       0x50 CMakeFiles/blink.dir/C_/Users/glaugtbest/.pico-sdk/sdk/2.1.0/src/common/hardware_claim/claim.c.obj
                0x100005da                hw_claim_unused_from_range
 *fill*         0x1000062a        0x2 
 .text.next_striped_spin_lock_num
                0x1000062c       0x1c CMakeFiles/blink.dir/C_/Users/glaugtbest/.pico-sdk/sdk/2.1.0/src/rp2_common/hardware_sync/sync.c.obj
                0x1000062c                next_striped_spin_lock_num
 .text.spin_lock_claim_unused
                0x10000648       0x24 CMakeFiles/blink.dir/C_/Users/glaugtbest/.pico-sdk/sdk/2.1.0/src/rp2_common/hardware_sync/sync.c.obj
                0x10000648                spin_lock_claim_unused
 .text.spin_locks_reset
                0x1000066c       0x20 CMakeFiles/blink.dir/C_/Users/glaugtbest/.pico-sdk/sdk/2.1.0/src/rp2_common/hardware_sync_spin_lock/sync_spin_lock.c.obj
                0x1000066c                spin_locks_reset
 .text.set_raw_irq_handler_and_unlock
                0x1000068c       0x28 CMakeFiles/blink.dir/C_/Users/glaugtbest/.pico-sdk/sdk/2.1.0/src/rp2_common/hardware_irq/irq.c.obj
 .text.nvic_ipr0
                0x100006b4        0x8 CMakeFiles/blink.dir/C_/Users/glaugtbest/.pico-sdk/sdk/2.1.0/src/rp2_common/hardware_irq/irq.c.obj
 .text.runtime_init_per_core_irq_priorities
                0x100006bc       0x1c CMakeFiles/blink.dir/C_/Users/glaugtbest/.pico-sdk/sdk/2.1.0/src/rp2_common/hardware_irq/irq.c.obj
                0x100006bc                runtime_init_per_core_irq_priorities
 .text.resolve_j_16
                0x100006d8       0x30 CMakeFiles/blink.dir/C_/Users/glaugtbest/.pico-sdk/sdk/2.1.0/src/rp2_common/hardware_irq/irq.c.obj
 .text.make_j_16
                0x10000708       0x48 CMakeFiles/blink.dir/C_/Users/glaugtbest/.pico-sdk/sdk/2.1.0/src/rp2_common/hardware_irq/irq.c.obj
 .text.irq_is_enabled
                0x10000750       0x18 CMakeFiles/blink.dir/C_/Users/glaugtbest/.pico-sdk/sdk/2.1.0/src/rp2_common/hardware_irq/irq.c.obj
                0x10000750                irq_is_enabled
 .text.irq_set_mask_n_enabled
                0x10000768       0x1c CMakeFiles/blink.dir/C_/Users/glaugtbest/.pico-sdk/sdk/2.1.0/src/rp2_common/hardware_irq/irq.c.obj
                0x10000768                irq_set_mask_n_enabled
 .text.irq_set_enabled
                0x10000784       0x14 CMakeFiles/blink.dir/C_/Users/glaugtbest/.pico-sdk/sdk/2.1.0/src/rp2_common/hardware_irq/irq.c.obj
                0x10000784                irq_set_enabled
 .text.irq_set_pending
                0x10000798       0x10 CMakeFiles/blink.dir/C_/Users/glaugtbest/.pico-sdk/sdk/2.1.0/src/rp2_common/hardware_irq/irq.c.obj
                0x10000798                irq_set_pending
 .text.irq_get_vtable_handler
                0x100007a8       0x10 CMakeFiles/blink.dir/C_/Users/glaugtbest/.pico-sdk/sdk/2.1.0/src/rp2_common/hardware_irq/irq.c.obj
                0x100007a8                irq_get_vtable_handler
 .text.irq_has_shared_handler
                0x100007b8       0x24 CMakeFiles/blink.dir/C_/Users/glaugtbest/.pico-sdk/sdk/2.1.0/src/rp2_common/hardware_irq/irq.c.obj
                0x100007b8                irq_has_shared_handler
 .text.irq_set_exclusive_handler
                0x100007dc       0x54 CMakeFiles/blink.dir/C_/Users/glaugtbest/.pico-sdk/sdk/2.1.0/src/rp2_common/hardware_irq/irq.c.obj
                0x100007dc                irq_set_exclusive_handler
 .text.irq_add_shared_handler
                0x10000830      0x218 CMakeFiles/blink.dir/C_/Users/glaugtbest/.pico-sdk/sdk/2.1.0/src/rp2_common/hardware_irq/irq.c.obj
                0x10000830                irq_add_shared_handler
 .text.irq_set_priority
                0x10000a48       0x26 CMakeFiles/blink.dir/C_/Users/glaugtbest/.pico-sdk/sdk/2.1.0/src/rp2_common/hardware_irq/irq.c.obj
                0x10000a48                irq_set_priority
 *fill*         0x10000a6e        0x2 
 .text.irq_add_tail_to_free_list
                0x10000a70       0xf4 CMakeFiles/blink.dir/C_/Users/glaugtbest/.pico-sdk/sdk/2.1.0/src/rp2_common/hardware_irq/irq.c.obj
                0x10000a70                irq_add_tail_to_free_list
 .text.user_irq_claim_unused
                0x10000b64       0x2c CMakeFiles/blink.dir/C_/Users/glaugtbest/.pico-sdk/sdk/2.1.0/src/rp2_common/hardware_irq/irq.c.obj
                0x10000b64                user_irq_claim_unused
 .text.lock_init
                0x10000b90       0x10 CMakeFiles/blink.dir/C_/Users/glaugtbest/.pico-sdk/sdk/2.1.0/src/common/pico_sync/lock_core.c.obj
                0x10000b90                lock_init
 .text.mutex_init
                0x10000ba0       0x1c CMakeFiles/blink.dir/C_/Users/glaugtbest/.pico-sdk/sdk/2.1.0/src/common/pico_sync/mutex.c.obj
                0x10000ba0                mutex_init
 .text.recursive_mutex_init
                0x10000bbc       0x20 CMakeFiles/blink.dir/C_/Users/glaugtbest/.pico-sdk/sdk/2.1.0/src/common/pico_sync/mutex.c.obj
                0x10000bbc                recursive_mutex_init
 .text.runtime_init_mutex
                0x10000bdc       0x4c CMakeFiles/blink.dir/C_/Users/glaugtbest/.pico-sdk/sdk/2.1.0/src/common/pico_sync/mutex.c.obj
                0x10000bdc                runtime_init_mutex
 .text.critical_section_init_with_lock_num
                0x10000c28       0x14 CMakeFiles/blink.dir/C_/Users/glaugtbest/.pico-sdk/sdk/2.1.0/src/common/pico_sync/critical_section.c.obj
                0x10000c28                critical_section_init_with_lock_num
 .text.critical_section_init
                0x10000c3c       0x14 CMakeFiles/blink.dir/C_/Users/glaugtbest/.pico-sdk/sdk/2.1.0/src/common/pico_sync/critical_section.c.obj
                0x10000c3c                critical_section_init
 .text.make_alarm_id
                0x10000c50        0x6 CMakeFiles/blink.dir/C_/Users/glaugtbest/.pico-sdk/sdk/2.1.0/src/common/pico_time/time.c.obj
 *fill*         0x10000c56        0x2 
 .text.alarm_pool_irq_handler
                0x10000c58      0x2f8 CMakeFiles/blink.dir/C_/Users/glaugtbest/.pico-sdk/sdk/2.1.0/src/common/pico_time/time.c.obj
 .text.ta_enable_irq_handler
                0x10000f50       0x2c CMakeFiles/blink.dir/C_/Users/glaugtbest/.pico-sdk/sdk/2.1.0/src/common/pico_time/time.c.obj
 .text.alarm_pool_post_alloc_init
                0x10000f7c       0x78 CMakeFiles/blink.dir/C_/Users/glaugtbest/.pico-sdk/sdk/2.1.0/src/common/pico_time/time.c.obj
 .text.sleep_until_callback
                0x10000ff4       0x28 CMakeFiles/blink.dir/C_/Users/glaugtbest/.pico-sdk/sdk/2.1.0/src/common/pico_time/time.c.obj
 .text.alarm_pool_get_default
                0x1000101c       0x2c CMakeFiles/blink.dir/C_/Users/glaugtbest/.pico-sdk/sdk/2.1.0/src/common/pico_time/time.c.obj
                0x1000101c                alarm_pool_get_default
 .text.alarm_pool_add_alarm_at_force_in_context
                0x10001048       0xa4 CMakeFiles/blink.dir/C_/Users/glaugtbest/.pico-sdk/sdk/2.1.0/src/common/pico_time/time.c.obj
                0x10001048                alarm_pool_add_alarm_at_force_in_context
 .text.alarm_pool_add_alarm_at
                0x100010ec       0x3c CMakeFiles/blink.dir/C_/Users/glaugtbest/.pico-sdk/sdk/2.1.0/src/common/pico_time/time.c.obj
                0x100010ec                alarm_pool_add_alarm_at
 .text.add_alarm_at
                0x10001128       0x2e CMakeFiles/blink.dir/C_/Users/glaugtbest/.pico-sdk/sdk/2.1.0/src/common/pico_time/time.c.obj
 *fill*         0x10001156        0x2 
 .text.alarm_pool_cancel_alarm
                0x10001158       0x78 CMakeFiles/blink.dir/C_/Users/glaugtbest/.pico-sdk/sdk/2.1.0/src/common/pico_time/time.c.obj
                0x10001158                alarm_pool_cancel_alarm
 .text.cancel_alarm
                0x100011d0       0x10 CMakeFiles/blink.dir/C_/Users/glaugtbest/.pico-sdk/sdk/2.1.0/src/common/pico_time/time.c.obj
 .text.alarm_pool_core_num
                0x100011e0        0x4 CMakeFiles/blink.dir/C_/Users/glaugtbest/.pico-sdk/sdk/2.1.0/src/common/pico_time/time.c.obj
                0x100011e0                alarm_pool_core_num
 .text.best_effort_wfe_or_timeout
                0x100011e4      0x104 CMakeFiles/blink.dir/C_/Users/glaugtbest/.pico-sdk/sdk/2.1.0/src/common/pico_time/time.c.obj
                0x100011e4                best_effort_wfe_or_timeout
 .text.alarm_pool_get_default_timer
                0x100012e8        0x8 CMakeFiles/blink.dir/C_/Users/glaugtbest/.pico-sdk/sdk/2.1.0/src/common/pico_time/time.c.obj
                0x100012e8                alarm_pool_get_default_timer
 .text.runtime_init_default_alarm_pool
                0x100012f0       0x38 CMakeFiles/blink.dir/C_/Users/glaugtbest/.pico-sdk/sdk/2.1.0/src/common/pico_time/time.c.obj
                0x100012f0                runtime_init_default_alarm_pool
 .text.timer_hardware_alarm_claim
                0x10001328       0x14 CMakeFiles/blink.dir/C_/Users/glaugtbest/.pico-sdk/sdk/2.1.0/src/rp2_common/hardware_timer/timer.c.obj
                0x10001328                timer_hardware_alarm_claim
 .text.timer_time_us_64
                0x1000133c       0x10 CMakeFiles/blink.dir/C_/Users/glaugtbest/.pico-sdk/sdk/2.1.0/src/rp2_common/hardware_timer/timer.c.obj
                0x1000133c                timer_time_us_64
 .text.time_us_64
                0x1000134c       0x10 CMakeFiles/blink.dir/C_/Users/glaugtbest/.pico-sdk/sdk/2.1.0/src/rp2_common/hardware_timer/timer.c.obj
                0x1000134c                time_us_64
 .text.clock_configure_internal
                0x1000135c       0xc4 CMakeFiles/blink.dir/C_/Users/glaugtbest/.pico-sdk/sdk/2.1.0/src/rp2_common/hardware_clocks/clocks.c.obj
 .text.clock_configure_int_divider
                0x10001420       0x28 CMakeFiles/blink.dir/C_/Users/glaugtbest/.pico-sdk/sdk/2.1.0/src/rp2_common/hardware_clocks/clocks.c.obj
                0x10001420                clock_configure_int_divider
 .text.clock_configure_undivided
                0x10001448       0x12 CMakeFiles/blink.dir/C_/Users/glaugtbest/.pico-sdk/sdk/2.1.0/src/rp2_common/hardware_clocks/clocks.c.obj
                0x10001448                clock_configure_undivided
 *fill*         0x1000145a        0x2 
 .text.clock_get_hz
                0x1000145c        0xc CMakeFiles/blink.dir/C_/Users/glaugtbest/.pico-sdk/sdk/2.1.0/src/rp2_common/hardware_clocks/clocks.c.obj
                0x1000145c                clock_get_hz
 .text.pll_init
                0x10001468      0x124 CMakeFiles/blink.dir/C_/Users/glaugtbest/.pico-sdk/sdk/2.1.0/src/rp2_common/hardware_pll/pll.c.obj
                0x10001468                pll_init
 .text.watchdog_update
                0x1000158c       0x14 CMakeFiles/blink.dir/C_/Users/glaugtbest/.pico-sdk/sdk/2.1.0/src/rp2_common/hardware_watchdog/watchdog.c.obj
                0x1000158c                watchdog_update
 .text._watchdog_enable
                0x100015a0       0x7c CMakeFiles/blink.dir/C_/Users/glaugtbest/.pico-sdk/sdk/2.1.0/src/rp2_common/hardware_watchdog/watchdog.c.obj
                0x100015a0                _watchdog_enable
 .text.watchdog_reboot
                0x1000161c       0x48 CMakeFiles/blink.dir/C_/Users/glaugtbest/.pico-sdk/sdk/2.1.0/src/rp2_common/hardware_watchdog/watchdog.c.obj
                0x1000161c                watchdog_reboot
 .text.tick_start
                0x10001664       0x10 CMakeFiles/blink.dir/C_/Users/glaugtbest/.pico-sdk/sdk/2.1.0/src/rp2_common/hardware_ticks/ticks.c.obj
                0x10001664                tick_start
 .text.rom_func_lookup
                0x10001674       0x10 CMakeFiles/blink.dir/C_/Users/glaugtbest/.pico-sdk/sdk/2.1.0/src/rp2_common/pico_bootrom/bootrom.c.obj
                0x10001674                rom_func_lookup
 .text.rom_data_lookup
                0x10001684       0x10 CMakeFiles/blink.dir/C_/Users/glaugtbest/.pico-sdk/sdk/2.1.0/src/rp2_common/pico_bootrom/bootrom.c.obj
                0x10001684                rom_data_lookup
 .text.rom_funcs_lookup
                0x10001694       0x36 CMakeFiles/blink.dir/C_/Users/glaugtbest/.pico-sdk/sdk/2.1.0/src/rp2_common/pico_bootrom/bootrom.c.obj
                0x10001694                rom_funcs_lookup
 *fill*         0x100016ca        0x2 
 .text.rom_reset_usb_boot_extra
                0x100016cc       0x24 CMakeFiles/blink.dir/C_/Users/glaugtbest/.pico-sdk/sdk/2.1.0/src/rp2_common/pico_bootrom/bootrom.c.obj
                0x100016cc                rom_reset_usb_boot_extra
 .text.xosc_init
                0x100016f0       0x28 CMakeFiles/blink.dir/C_/Users/glaugtbest/.pico-sdk/sdk/2.1.0/src/rp2_common/hardware_xosc/xosc.c.obj
                0x100016f0                xosc_init
 .text.runtime_run_initializers_from
                0x10001718       0x18 CMakeFiles/blink.dir/C_/Users/glaugtbest/.pico-sdk/sdk/2.1.0/src/rp2_common/pico_runtime/runtime.c.obj
 .text.first_per_core_initializer
                0x10001730        0x2 CMakeFiles/blink.dir/C_/Users/glaugtbest/.pico-sdk/sdk/2.1.0/src/rp2_common/pico_runtime/runtime.c.obj
 *fill*         0x10001732        0x2 
 .text.runtime_run_initializers
                0x10001734       0x10 CMakeFiles/blink.dir/C_/Users/glaugtbest/.pico-sdk/sdk/2.1.0/src/rp2_common/pico_runtime/runtime.c.obj
                0x10001734                runtime_run_initializers
 .text.runtime_init_early_resets
                0x10001744       0x2c CMakeFiles/blink.dir/C_/Users/glaugtbest/.pico-sdk/sdk/2.1.0/src/rp2_common/pico_runtime_init/runtime_init.c.obj
                0x10001744                runtime_init_early_resets
 .text.runtime_init_usb_power_down
                0x10001770       0x1c CMakeFiles/blink.dir/C_/Users/glaugtbest/.pico-sdk/sdk/2.1.0/src/rp2_common/pico_runtime_init/runtime_init.c.obj
                0x10001770                runtime_init_usb_power_down
 .text.runtime_init_post_clock_resets
                0x1000178c       0x20 CMakeFiles/blink.dir/C_/Users/glaugtbest/.pico-sdk/sdk/2.1.0/src/rp2_common/pico_runtime_init/runtime_init.c.obj
                0x1000178c                runtime_init_post_clock_resets
 .text.runtime_init_rp2040_gpio_ie_disable
                0x100017ac       0x14 CMakeFiles/blink.dir/C_/Users/glaugtbest/.pico-sdk/sdk/2.1.0/src/rp2_common/pico_runtime_init/runtime_init.c.obj
                0x100017ac                runtime_init_rp2040_gpio_ie_disable
 .text.runtime_init_spin_locks_reset
                0x100017c0        0x8 CMakeFiles/blink.dir/C_/Users/glaugtbest/.pico-sdk/sdk/2.1.0/src/rp2_common/pico_runtime_init/runtime_init.c.obj
                0x100017c0                runtime_init_spin_locks_reset
 .text.runtime_init_install_ram_vector_table
                0x100017c8       0x1c CMakeFiles/blink.dir/C_/Users/glaugtbest/.pico-sdk/sdk/2.1.0/src/rp2_common/pico_runtime_init/runtime_init.c.obj
                0x100017c8                runtime_init_install_ram_vector_table
 .text.start_all_ticks
                0x100017e4       0x28 CMakeFiles/blink.dir/C_/Users/glaugtbest/.pico-sdk/sdk/2.1.0/src/rp2_common/pico_runtime_init/runtime_init_clocks.c.obj
 .text.runtime_init_clocks
                0x1000180c       0xcc CMakeFiles/blink.dir/C_/Users/glaugtbest/.pico-sdk/sdk/2.1.0/src/rp2_common/pico_runtime_init/runtime_init_clocks.c.obj
                0x1000180c                runtime_init_clocks
 .text          0x100018d8       0x10 CMakeFiles/blink.dir/C_/Users/glaugtbest/.pico-sdk/sdk/2.1.0/src/rp2_common/pico_bit_ops/bit_ops_aeabi.S.obj
 .text.__wrap___aeabi_idiv
                0x100018e8       0x50 CMakeFiles/blink.dir/C_/Users/glaugtbest/.pico-sdk/sdk/2.1.0/src/rp2_common/pico_divider/divider_hardware.S.obj
                0x100018e8                __wrap___aeabi_idivmod
                0x100018e8                divmod_s32s32
                0x100018e8                div_s32s32
                0x100018e8                __wrap___aeabi_idiv
                0x100018f0                divmod_s32s32_unsafe
                0x1000191c                divmod_s32s32_savestate
 .text.__wrap___aeabi_uidiv
                0x10001938       0x4c CMakeFiles/blink.dir/C_/Users/glaugtbest/.pico-sdk/sdk/2.1.0/src/rp2_common/pico_divider/divider_hardware.S.obj
                0x10001938                __wrap___aeabi_uidiv
                0x10001938                __wrap___aeabi_uidivmod
                0x10001938                div_u32u32
                0x10001938                divmod_u32u32
                0x10001940                divmod_u32u32_unsafe
                0x10001968                divmod_u32u32_savestate
 .text.__wrap___aeabi_ldiv
                0x10001984      0x424 CMakeFiles/blink.dir/C_/Users/glaugtbest/.pico-sdk/sdk/2.1.0/src/rp2_common/pico_divider/divider_hardware.S.obj
                0x10001984                div_s64s64
                0x10001984                divmod_s64s64
                0x10001984                __wrap___aeabi_ldivmod
                0x100019b4                divmod_u64u64
                0x100019b4                div_u64u64
                0x100019b4                __wrap___aeabi_uldivmod
                0x100019c4                divmod_u64u64_savestate
                0x100019e4                divmod_s64s64_unsafe
                0x10001a6c                divmod_u64u64_unsafe
 .text.__wrap___aeabi_darithmetic
                0x10001da8       0x60 CMakeFiles/blink.dir/C_/Users/glaugtbest/.pico-sdk/sdk/2.1.0/src/rp2_common/pico_double/double_aeabi_rp2040.S.obj
                0x10001da8                __wrap___aeabi_drsub
                0x10001dae                __wrap___aeabi_dsub
                0x10001db8                __wrap___aeabi_dadd
                0x10001dc2                __wrap___aeabi_ddiv
                0x10001df6                __wrap___aeabi_dmul
 .text.__wrap___aeabi_cdcmple
                0x10001e08       0x6c CMakeFiles/blink.dir/C_/Users/glaugtbest/.pico-sdk/sdk/2.1.0/src/rp2_common/pico_double/double_aeabi_rp2040.S.obj
                0x10001e08                __wrap___aeabi_cdrcmple
                0x10001e18                __wrap___aeabi_cdcmpeq
                0x10001e18                __wrap___aeabi_cdcmple
 .text.__wrap___aeabi_dcmplt
                0x10001e74        0xc CMakeFiles/blink.dir/C_/Users/glaugtbest/.pico-sdk/sdk/2.1.0/src/rp2_common/pico_double/double_aeabi_rp2040.S.obj
                0x10001e74                __wrap___aeabi_dcmplt
 .text.__wrap___aeabi_dcmple
                0x10001e80       0x10 CMakeFiles/blink.dir/C_/Users/glaugtbest/.pico-sdk/sdk/2.1.0/src/rp2_common/pico_double/double_aeabi_rp2040.S.obj
                0x10001e80                __wrap___aeabi_dcmple
 .text.__wrap___aeabi_dcmpge
                0x10001e90       0x10 CMakeFiles/blink.dir/C_/Users/glaugtbest/.pico-sdk/sdk/2.1.0/src/rp2_common/pico_double/double_aeabi_rp2040.S.obj
                0x10001e90                __wrap___aeabi_dcmpge
 .text.__wrap___aeabi_dcmpgt
                0x10001ea0        0xa CMakeFiles/blink.dir/C_/Users/glaugtbest/.pico-sdk/sdk/2.1.0/src/rp2_common/pico_double/double_aeabi_rp2040.S.obj
                0x10001ea0                __wrap___aeabi_dcmpgt
 .text.__wrap___aeabi_dcmpun
                0x10001eaa       0x18 CMakeFiles/blink.dir/C_/Users/glaugtbest/.pico-sdk/sdk/2.1.0/src/rp2_common/pico_double/double_aeabi_rp2040.S.obj
                0x10001eaa                __wrap___aeabi_dcmpun
 *fill*         0x10001ec2        0x2 
 .text.__wrap___aeabi_i2d
                0x10001ec4       0x38 CMakeFiles/blink.dir/C_/Users/glaugtbest/.pico-sdk/sdk/2.1.0/src/rp2_common/pico_double/double_aeabi_rp2040.S.obj
                0x10001ec4                __wrap___aeabi_ui2d
                0x10001ecc                __wrap___aeabi_i2d
 .text.__wrap___aeabi_d2iz
                0x10001efc       0x48 CMakeFiles/blink.dir/C_/Users/glaugtbest/.pico-sdk/sdk/2.1.0/src/rp2_common/pico_double/double_aeabi_rp2040.S.obj
                0x10001efc                double2int_z
                0x10001efc                __wrap___aeabi_d2iz
 .text.__wrap___aeabi_d2uiz
                0x10001f44       0x10 CMakeFiles/blink.dir/C_/Users/glaugtbest/.pico-sdk/sdk/2.1.0/src/rp2_common/pico_double/double_aeabi_rp2040.S.obj
                0x10001f44                __wrap___aeabi_d2uiz
                0x10001f44                double2uint
 .text.missing_double_func_shim
                0x10001f54        0xc CMakeFiles/blink.dir/C_/Users/glaugtbest/.pico-sdk/sdk/2.1.0/src/rp2_common/pico_double/double_init_rom_rp2040.c.obj
 .text.__aeabi_double_init
                0x10001f60       0xd0 CMakeFiles/blink.dir/C_/Users/glaugtbest/.pico-sdk/sdk/2.1.0/src/rp2_common/pico_double/double_init_rom_rp2040.c.obj
                0x10001f60                __aeabi_double_init
 .text.double_table_shim_on_use_helper
                0x10002030       0x34 CMakeFiles/blink.dir/C_/Users/glaugtbest/.pico-sdk/sdk/2.1.0/src/rp2_common/pico_double/double_v1_rom_shim_rp2040.S.obj
                0x10002030                double_table_shim_on_use_helper
 .text.__aeabi_lmul
                0x10002064       0x32 CMakeFiles/blink.dir/C_/Users/glaugtbest/.pico-sdk/sdk/2.1.0/src/rp2_common/pico_int64_ops/pico_int64_ops_aeabi.S.obj
                0x10002064                __wrap___aeabi_lmul
 *fill*         0x10002096        0x2 
 .text.missing_float_func_shim
                0x10002098        0xc CMakeFiles/blink.dir/C_/Users/glaugtbest/.pico-sdk/sdk/2.1.0/src/rp2_common/pico_float/float_init_rom_rp2040.c.obj
 .text.__aeabi_float_init
                0x100020a4       0x88 CMakeFiles/blink.dir/C_/Users/glaugtbest/.pico-sdk/sdk/2.1.0/src/rp2_common/pico_float/float_init_rom_rp2040.c.obj
                0x100020a4                __aeabi_float_init
 .text          0x1000212c       0x10 CMakeFiles/blink.dir/C_/Users/glaugtbest/.pico-sdk/sdk/2.1.0/src/rp2_common/pico_mem_ops/mem_ops_aeabi.S.obj
                0x1000212c                __aeabi_mem_init
 .text.memset   0x1000213c        0xc CMakeFiles/blink.dir/C_/Users/glaugtbest/.pico-sdk/sdk/2.1.0/src/rp2_common/pico_mem_ops/mem_ops_aeabi.S.obj
                0x1000213c                __wrap_memset
 .text.memcpy   0x10002148        0xc CMakeFiles/blink.dir/C_/Users/glaugtbest/.pico-sdk/sdk/2.1.0/src/rp2_common/pico_mem_ops/mem_ops_aeabi.S.obj
                0x10002148                __wrap_memcpy
                0x10002148                __wrap___aeabi_memcpy
 .text._out_null
                0x10002154        0x2 CMakeFiles/blink.dir/C_/Users/glaugtbest/.pico-sdk/sdk/2.1.0/src/rp2_common/pico_printf/printf.c.obj
 .text._out_fct
                0x10002156        0xe CMakeFiles/blink.dir/C_/Users/glaugtbest/.pico-sdk/sdk/2.1.0/src/rp2_common/pico_printf/printf.c.obj
 .text._atoi    0x10002164       0x24 CMakeFiles/blink.dir/C_/Users/glaugtbest/.pico-sdk/sdk/2.1.0/src/rp2_common/pico_printf/printf.c.obj
 .text._out_rev
                0x10002188       0xae CMakeFiles/blink.dir/C_/Users/glaugtbest/.pico-sdk/sdk/2.1.0/src/rp2_common/pico_printf/printf.c.obj
 .text._ntoa_format
                0x10002236      0x110 CMakeFiles/blink.dir/C_/Users/glaugtbest/.pico-sdk/sdk/2.1.0/src/rp2_common/pico_printf/printf.c.obj
 .text._ntoa_long
                0x10002346       0xbc CMakeFiles/blink.dir/C_/Users/glaugtbest/.pico-sdk/sdk/2.1.0/src/rp2_common/pico_printf/printf.c.obj
 .text._ntoa_long_long
                0x10002402      0x10e CMakeFiles/blink.dir/C_/Users/glaugtbest/.pico-sdk/sdk/2.1.0/src/rp2_common/pico_printf/printf.c.obj
 .text._etoa    0x10002510      0x420 CMakeFiles/blink.dir/C_/Users/glaugtbest/.pico-sdk/sdk/2.1.0/src/rp2_common/pico_printf/printf.c.obj
 .text._ftoa    0x10002930      0x354 CMakeFiles/blink.dir/C_/Users/glaugtbest/.pico-sdk/sdk/2.1.0/src/rp2_common/pico_printf/printf.c.obj
 .text._vsnprintf
                0x10002c84      0x668 CMakeFiles/blink.dir/C_/Users/glaugtbest/.pico-sdk/sdk/2.1.0/src/rp2_common/pico_printf/printf.c.obj
 .text.vfctprintf
                0x100032ec       0x20 CMakeFiles/blink.dir/C_/Users/glaugtbest/.pico-sdk/sdk/2.1.0/src/rp2_common/pico_printf/printf.c.obj
                0x100032ec                vfctprintf
 .text._exit    0x1000330c        0x4 CMakeFiles/blink.dir/C_/Users/glaugtbest/.pico-sdk/sdk/2.1.0/src/rp2_common/pico_clib_interface/newlib_interface.c.obj
                0x1000330c                _exit
 .text.exit     0x10003310        0x6 CMakeFiles/blink.dir/C_/Users/glaugtbest/.pico-sdk/sdk/2.1.0/src/rp2_common/pico_clib_interface/newlib_interface.c.obj
                0x10003310                exit
 *fill*         0x10003316        0x2 
 .text.__assert_func
                0x10003318       0x38 CMakeFiles/blink.dir/C_/Users/glaugtbest/.pico-sdk/sdk/2.1.0/src/rp2_common/pico_clib_interface/newlib_interface.c.obj
                0x10003318                __assert_func
 .text.runtime_init
                0x10003350       0x28 CMakeFiles/blink.dir/C_/Users/glaugtbest/.pico-sdk/sdk/2.1.0/src/rp2_common/pico_clib_interface/newlib_interface.c.obj
                0x10003350                runtime_init
 .text.stdio_out_chars_no_crlf
                0x10003378        0xe CMakeFiles/blink.dir/C_/Users/glaugtbest/.pico-sdk/sdk/2.1.0/src/rp2_common/pico_stdio/stdio.c.obj
 *fill*         0x10003386        0x2 
 .text.stdio_out_chars_crlf
                0x10003388       0x80 CMakeFiles/blink.dir/C_/Users/glaugtbest/.pico-sdk/sdk/2.1.0/src/rp2_common/pico_stdio/stdio.c.obj
 .text.stdio_stack_buffer_flush
                0x10003408       0x44 CMakeFiles/blink.dir/C_/Users/glaugtbest/.pico-sdk/sdk/2.1.0/src/rp2_common/pico_stdio/stdio.c.obj
 .text.stdio_buffered_printer
                0x1000344c       0x20 CMakeFiles/blink.dir/C_/Users/glaugtbest/.pico-sdk/sdk/2.1.0/src/rp2_common/pico_stdio/stdio.c.obj
 .text.stdout_serialize_begin
                0x1000346c       0x30 CMakeFiles/blink.dir/C_/Users/glaugtbest/.pico-sdk/sdk/2.1.0/src/rp2_common/pico_stdio/stdio.c.obj
                0x1000346c                stdout_serialize_begin
 .text.stdout_serialize_end
                0x1000349c       0x10 CMakeFiles/blink.dir/C_/Users/glaugtbest/.pico-sdk/sdk/2.1.0/src/rp2_common/pico_stdio/stdio.c.obj
                0x1000349c                stdout_serialize_end
 .text.stdio_put_string
                0x100034ac       0x94 CMakeFiles/blink.dir/C_/Users/glaugtbest/.pico-sdk/sdk/2.1.0/src/rp2_common/pico_stdio/stdio.c.obj
                0x100034ac                stdio_put_string
 .text.stdio_set_driver_enabled
                0x10003540       0x2c CMakeFiles/blink.dir/C_/Users/glaugtbest/.pico-sdk/sdk/2.1.0/src/rp2_common/pico_stdio/stdio.c.obj
                0x10003540                stdio_set_driver_enabled
 .text.stdio_flush
                0x1000356c       0x20 CMakeFiles/blink.dir/C_/Users/glaugtbest/.pico-sdk/sdk/2.1.0/src/rp2_common/pico_stdio/stdio.c.obj
                0x1000356c                stdio_flush
 .text.stdio_init_all
                0x1000358c        0x8 CMakeFiles/blink.dir/C_/Users/glaugtbest/.pico-sdk/sdk/2.1.0/src/rp2_common/pico_stdio/stdio.c.obj
                0x1000358c                stdio_init_all
 .text.__wrap_puts
                0x10003594       0x1e CMakeFiles/blink.dir/C_/Users/glaugtbest/.pico-sdk/sdk/2.1.0/src/rp2_common/pico_stdio/stdio.c.obj
                0x10003594                stdio_puts
                0x10003594                __wrap_puts
 *fill*         0x100035b2        0x2 
 .text.__wrap_vprintf
                0x100035b4       0x40 CMakeFiles/blink.dir/C_/Users/glaugtbest/.pico-sdk/sdk/2.1.0/src/rp2_common/pico_stdio/stdio.c.obj
                0x100035b4                stdio_vprintf
                0x100035b4                __wrap_vprintf
 .text.__wrap_printf
                0x100035f4       0x18 CMakeFiles/blink.dir/C_/Users/glaugtbest/.pico-sdk/sdk/2.1.0/src/rp2_common/pico_stdio/stdio.c.obj
                0x100035f4                __wrap_printf
                0x100035f4                stdio_printf
 .text.resetd_init
                0x1000360c        0x2 CMakeFiles/blink.dir/C_/Users/glaugtbest/.pico-sdk/sdk/2.1.0/src/rp2_common/pico_stdio_usb/reset_interface.c.obj
 *fill*         0x1000360e        0x2 
 .text.resetd_reset
                0x10003610        0xc CMakeFiles/blink.dir/C_/Users/glaugtbest/.pico-sdk/sdk/2.1.0/src/rp2_common/pico_stdio_usb/reset_interface.c.obj
 .text.resetd_open
                0x1000361c       0x34 CMakeFiles/blink.dir/C_/Users/glaugtbest/.pico-sdk/sdk/2.1.0/src/rp2_common/pico_stdio_usb/reset_interface.c.obj
 .text.resetd_xfer_cb
                0x10003650        0x4 CMakeFiles/blink.dir/C_/Users/glaugtbest/.pico-sdk/sdk/2.1.0/src/rp2_common/pico_stdio_usb/reset_interface.c.obj
 .text.resetd_control_xfer_cb
                0x10003654       0x60 CMakeFiles/blink.dir/C_/Users/glaugtbest/.pico-sdk/sdk/2.1.0/src/rp2_common/pico_stdio_usb/reset_interface.c.obj
 .text.tud_descriptor_bos_cb
                0x100036b4        0x8 CMakeFiles/blink.dir/C_/Users/glaugtbest/.pico-sdk/sdk/2.1.0/src/rp2_common/pico_stdio_usb/reset_interface.c.obj
                0x100036b4                tud_descriptor_bos_cb
 .text.tud_vendor_control_xfer_cb
                0x100036bc       0x38 CMakeFiles/blink.dir/C_/Users/glaugtbest/.pico-sdk/sdk/2.1.0/src/rp2_common/pico_stdio_usb/reset_interface.c.obj
                0x100036bc                tud_vendor_control_xfer_cb
 .text.usbd_app_driver_get_cb
                0x100036f4        0xc CMakeFiles/blink.dir/C_/Users/glaugtbest/.pico-sdk/sdk/2.1.0/src/rp2_common/pico_stdio_usb/reset_interface.c.obj
                0x100036f4                usbd_app_driver_get_cb
 .text.tud_cdc_line_coding_cb
                0x10003700       0x2c CMakeFiles/blink.dir/C_/Users/glaugtbest/.pico-sdk/sdk/2.1.0/src/rp2_common/pico_stdio_usb/reset_interface.c.obj
                0x10003700                tud_cdc_line_coding_cb
 .text.stdio_usb_set_chars_available_callback
                0x1000372c       0x14 CMakeFiles/blink.dir/C_/Users/glaugtbest/.pico-sdk/sdk/2.1.0/src/rp2_common/pico_stdio_usb/stdio_usb.c.obj
                0x1000372c                stdio_usb_set_chars_available_callback
 .text.stdio_usb_out_flush
                0x10003740       0x4c CMakeFiles/blink.dir/C_/Users/glaugtbest/.pico-sdk/sdk/2.1.0/src/rp2_common/pico_stdio_usb/stdio_usb.c.obj
 .text.usb_irq  0x1000378c       0x10 CMakeFiles/blink.dir/C_/Users/glaugtbest/.pico-sdk/sdk/2.1.0/src/rp2_common/pico_stdio_usb/stdio_usb.c.obj
 .text.critical_section_enter_blocking
                0x1000379c       0x16 CMakeFiles/blink.dir/C_/Users/glaugtbest/.pico-sdk/sdk/2.1.0/src/rp2_common/pico_stdio_usb/stdio_usb.c.obj
 *fill*         0x100037b2        0x2 
 .text.timer_task
                0x100037b4       0x60 CMakeFiles/blink.dir/C_/Users/glaugtbest/.pico-sdk/sdk/2.1.0/src/rp2_common/pico_stdio_usb/stdio_usb.c.obj
 .text.alarm_pool_add_alarm_in_us
                0x10003814       0x40 CMakeFiles/blink.dir/C_/Users/glaugtbest/.pico-sdk/sdk/2.1.0/src/rp2_common/pico_stdio_usb/stdio_usb.c.obj
 .text.add_alarm_in_us
                0x10003854       0x2e CMakeFiles/blink.dir/C_/Users/glaugtbest/.pico-sdk/sdk/2.1.0/src/rp2_common/pico_stdio_usb/stdio_usb.c.obj
 *fill*         0x10003882        0x2 
 .text.low_priority_worker_irq
                0x10003884       0xa0 CMakeFiles/blink.dir/C_/Users/glaugtbest/.pico-sdk/sdk/2.1.0/src/rp2_common/pico_stdio_usb/stdio_usb.c.obj
 .text.stdio_usb_init
                0x10003924       0xdc CMakeFiles/blink.dir/C_/Users/glaugtbest/.pico-sdk/sdk/2.1.0/src/rp2_common/pico_stdio_usb/stdio_usb.c.obj
                0x10003924                stdio_usb_init
 .text.stdio_usb_connected
                0x10003a00        0xa CMakeFiles/blink.dir/C_/Users/glaugtbest/.pico-sdk/sdk/2.1.0/src/rp2_common/pico_stdio_usb/stdio_usb.c.obj
                0x10003a00                stdio_usb_connected
 *fill*         0x10003a0a        0x2 
 .text.stdio_usb_in_chars
                0x10003a0c       0x98 CMakeFiles/blink.dir/C_/Users/glaugtbest/.pico-sdk/sdk/2.1.0/src/rp2_common/pico_stdio_usb/stdio_usb.c.obj
                0x10003a0c                stdio_usb_in_chars
 .text.stdio_usb_out_chars
                0x10003aa4       0xe8 CMakeFiles/blink.dir/C_/Users/glaugtbest/.pico-sdk/sdk/2.1.0/src/rp2_common/pico_stdio_usb/stdio_usb.c.obj
 .text.tud_descriptor_device_cb
                0x10003b8c        0x8 CMakeFiles/blink.dir/C_/Users/glaugtbest/.pico-sdk/sdk/2.1.0/src/rp2_common/pico_stdio_usb/stdio_usb_descriptors.c.obj
                0x10003b8c                tud_descriptor_device_cb
 .text.tud_descriptor_configuration_cb
                0x10003b94        0x8 CMakeFiles/blink.dir/C_/Users/glaugtbest/.pico-sdk/sdk/2.1.0/src/rp2_common/pico_stdio_usb/stdio_usb_descriptors.c.obj
                0x10003b94                tud_descriptor_configuration_cb
 .text.tud_descriptor_string_cb
                0x10003b9c       0x6c CMakeFiles/blink.dir/C_/Users/glaugtbest/.pico-sdk/sdk/2.1.0/src/rp2_common/pico_stdio_usb/stdio_usb_descriptors.c.obj
                0x10003b9c                tud_descriptor_string_cb
 .text._retrieve_unique_id_on_boot
                0x10003c08       0x10 CMakeFiles/blink.dir/C_/Users/glaugtbest/.pico-sdk/sdk/2.1.0/src/rp2_common/pico_unique_id/unique_id.c.obj
 .text.pico_get_unique_board_id_string
                0x10003c18       0x5c CMakeFiles/blink.dir/C_/Users/glaugtbest/.pico-sdk/sdk/2.1.0/src/rp2_common/pico_unique_id/unique_id.c.obj
                0x10003c18                pico_get_unique_board_id_string
 .text.flash_get_unique_id
                0x10003c74       0x40 CMakeFiles/blink.dir/C_/Users/glaugtbest/.pico-sdk/sdk/2.1.0/src/rp2_common/hardware_flash/flash.c.obj
                0x10003c74                flash_get_unique_id
 .text._hw_endpoint_alloc
                0x10003cb4       0x70 CMakeFiles/blink.dir/C_/Users/glaugtbest/.pico-sdk/sdk/2.1.0/lib/tinyusb/src/portable/raspberrypi/rp2040/dcd_rp2040.c.obj
 .text.hw_endpoint_init
                0x10003d24       0xbc CMakeFiles/blink.dir/C_/Users/glaugtbest/.pico-sdk/sdk/2.1.0/lib/tinyusb/src/portable/raspberrypi/rp2040/dcd_rp2040.c.obj
 .text.hw_endpoint_xfer
                0x10003de0       0x20 CMakeFiles/blink.dir/C_/Users/glaugtbest/.pico-sdk/sdk/2.1.0/lib/tinyusb/src/portable/raspberrypi/rp2040/dcd_rp2040.c.obj
 .text.dcd_int_enable
                0x10003e00       0x2c CMakeFiles/blink.dir/C_/Users/glaugtbest/.pico-sdk/sdk/2.1.0/lib/tinyusb/src/portable/raspberrypi/rp2040/dcd_rp2040.c.obj
                0x10003e00                dcd_int_enable
 .text.dcd_set_address
                0x10003e2c       0x2c CMakeFiles/blink.dir/C_/Users/glaugtbest/.pico-sdk/sdk/2.1.0/lib/tinyusb/src/portable/raspberrypi/rp2040/dcd_rp2040.c.obj
                0x10003e2c                dcd_set_address
 .text.dcd_connect
                0x10003e58       0x10 CMakeFiles/blink.dir/C_/Users/glaugtbest/.pico-sdk/sdk/2.1.0/lib/tinyusb/src/portable/raspberrypi/rp2040/dcd_rp2040.c.obj
                0x10003e58                dcd_connect
 .text.dcd_init
                0x10003e68       0x80 CMakeFiles/blink.dir/C_/Users/glaugtbest/.pico-sdk/sdk/2.1.0/lib/tinyusb/src/portable/raspberrypi/rp2040/dcd_rp2040.c.obj
                0x10003e68                dcd_init
 .text.dcd_sof_enable
                0x10003ee8       0x1c CMakeFiles/blink.dir/C_/Users/glaugtbest/.pico-sdk/sdk/2.1.0/lib/tinyusb/src/portable/raspberrypi/rp2040/dcd_rp2040.c.obj
                0x10003ee8                dcd_sof_enable
 .text.dcd_edpt0_status_complete
                0x10003f04       0x1c CMakeFiles/blink.dir/C_/Users/glaugtbest/.pico-sdk/sdk/2.1.0/lib/tinyusb/src/portable/raspberrypi/rp2040/dcd_rp2040.c.obj
                0x10003f04                dcd_edpt0_status_complete
 .text.dcd_edpt_open
                0x10003f20       0x40 CMakeFiles/blink.dir/C_/Users/glaugtbest/.pico-sdk/sdk/2.1.0/lib/tinyusb/src/portable/raspberrypi/rp2040/dcd_rp2040.c.obj
                0x10003f20                dcd_edpt_open
 .text.dcd_edpt_close_all
                0x10003f60        0x8 CMakeFiles/blink.dir/C_/Users/glaugtbest/.pico-sdk/sdk/2.1.0/lib/tinyusb/src/portable/raspberrypi/rp2040/dcd_rp2040.c.obj
                0x10003f60                dcd_edpt_close_all
 .text.dcd_edpt_xfer
                0x10003f68       0x30 CMakeFiles/blink.dir/C_/Users/glaugtbest/.pico-sdk/sdk/2.1.0/lib/tinyusb/src/portable/raspberrypi/rp2040/dcd_rp2040.c.obj
                0x10003f68                dcd_edpt_xfer
 .text.dcd_edpt_stall
                0x10003f98       0x3c CMakeFiles/blink.dir/C_/Users/glaugtbest/.pico-sdk/sdk/2.1.0/lib/tinyusb/src/portable/raspberrypi/rp2040/dcd_rp2040.c.obj
                0x10003f98                dcd_edpt_stall
 .text.dcd_edpt_clear_stall
                0x10003fd4       0x30 CMakeFiles/blink.dir/C_/Users/glaugtbest/.pico-sdk/sdk/2.1.0/lib/tinyusb/src/portable/raspberrypi/rp2040/dcd_rp2040.c.obj
                0x10003fd4                dcd_edpt_clear_stall
 .text.unaligned_memcpy
                0x10004004       0x14 CMakeFiles/blink.dir/C_/Users/glaugtbest/.pico-sdk/sdk/2.1.0/lib/tinyusb/src/portable/raspberrypi/rp2040/rp2040_usb.c.obj
 .text.rp2040_usb_init
                0x10004018       0x44 CMakeFiles/blink.dir/C_/Users/glaugtbest/.pico-sdk/sdk/2.1.0/lib/tinyusb/src/portable/raspberrypi/rp2040/rp2040_usb.c.obj
                0x10004018                rp2040_usb_init
 .text.hw_endpoint_xfer_start
                0x1000405c       0x60 CMakeFiles/blink.dir/C_/Users/glaugtbest/.pico-sdk/sdk/2.1.0/lib/tinyusb/src/portable/raspberrypi/rp2040/rp2040_usb.c.obj
                0x1000405c                hw_endpoint_xfer_start
 .text.configuration_reset
                0x100040bc       0x84 CMakeFiles/blink.dir/C_/Users/glaugtbest/.pico-sdk/sdk/2.1.0/lib/tinyusb/src/device/usbd.c.obj
 .text.critical_section_enter_blocking
                0x10004140       0x16 CMakeFiles/blink.dir/C_/Users/glaugtbest/.pico-sdk/sdk/2.1.0/lib/tinyusb/src/device/usbd.c.obj
 .text.usbd_reset
                0x10004156        0xc CMakeFiles/blink.dir/C_/Users/glaugtbest/.pico-sdk/sdk/2.1.0/lib/tinyusb/src/device/usbd.c.obj
 .text.invoke_class_control
                0x10004162       0x1a CMakeFiles/blink.dir/C_/Users/glaugtbest/.pico-sdk/sdk/2.1.0/lib/tinyusb/src/device/usbd.c.obj
 .text.process_set_config
                0x1000417c      0x1b0 CMakeFiles/blink.dir/C_/Users/glaugtbest/.pico-sdk/sdk/2.1.0/lib/tinyusb/src/device/usbd.c.obj
 .text.tud_event_hook_cb
                0x1000432c        0x2 CMakeFiles/blink.dir/C_/Users/glaugtbest/.pico-sdk/sdk/2.1.0/lib/tinyusb/src/device/usbd.c.obj
                0x1000432c                tud_event_hook_cb
 .text.tud_sof_cb
                0x1000432e        0x2 CMakeFiles/blink.dir/C_/Users/glaugtbest/.pico-sdk/sdk/2.1.0/lib/tinyusb/src/device/usbd.c.obj
                0x1000432e                tud_sof_cb
 .text.tud_descriptor_device_qualifier_cb
                0x10004330        0x4 CMakeFiles/blink.dir/C_/Users/glaugtbest/.pico-sdk/sdk/2.1.0/lib/tinyusb/src/device/usbd.c.obj
                0x10004330                tud_descriptor_device_qualifier_cb
 .text.tud_descriptor_other_speed_configuration_cb
                0x10004334        0x4 CMakeFiles/blink.dir/C_/Users/glaugtbest/.pico-sdk/sdk/2.1.0/lib/tinyusb/src/device/usbd.c.obj
                0x10004334                tud_descriptor_other_speed_configuration_cb
 .text.process_get_descriptor
                0x10004338       0xe0 CMakeFiles/blink.dir/C_/Users/glaugtbest/.pico-sdk/sdk/2.1.0/lib/tinyusb/src/device/usbd.c.obj
 .text.tud_mount_cb
                0x10004418        0x2 CMakeFiles/blink.dir/C_/Users/glaugtbest/.pico-sdk/sdk/2.1.0/lib/tinyusb/src/device/usbd.c.obj
                0x10004418                tud_mount_cb
 .text.tud_umount_cb
                0x1000441a        0x2 CMakeFiles/blink.dir/C_/Users/glaugtbest/.pico-sdk/sdk/2.1.0/lib/tinyusb/src/device/usbd.c.obj
                0x1000441a                tud_umount_cb
 .text.tud_suspend_cb
                0x1000441c        0x2 CMakeFiles/blink.dir/C_/Users/glaugtbest/.pico-sdk/sdk/2.1.0/lib/tinyusb/src/device/usbd.c.obj
                0x1000441c                tud_suspend_cb
 .text.tud_resume_cb
                0x1000441e        0x2 CMakeFiles/blink.dir/C_/Users/glaugtbest/.pico-sdk/sdk/2.1.0/lib/tinyusb/src/device/usbd.c.obj
                0x1000441e                tud_resume_cb
 .text.tud_mounted
                0x10004420       0x10 CMakeFiles/blink.dir/C_/Users/glaugtbest/.pico-sdk/sdk/2.1.0/lib/tinyusb/src/device/usbd.c.obj
                0x10004420                tud_mounted
 .text.tud_suspended
                0x10004430       0x10 CMakeFiles/blink.dir/C_/Users/glaugtbest/.pico-sdk/sdk/2.1.0/lib/tinyusb/src/device/usbd.c.obj
                0x10004430                tud_suspended
 .text.tud_inited
                0x10004440       0x14 CMakeFiles/blink.dir/C_/Users/glaugtbest/.pico-sdk/sdk/2.1.0/lib/tinyusb/src/device/usbd.c.obj
                0x10004440                tud_inited
 .text.tud_init
                0x10004454       0xdc CMakeFiles/blink.dir/C_/Users/glaugtbest/.pico-sdk/sdk/2.1.0/lib/tinyusb/src/device/usbd.c.obj
                0x10004454                tud_init
 .text.usbd_edpt_open
                0x10004530       0x60 CMakeFiles/blink.dir/C_/Users/glaugtbest/.pico-sdk/sdk/2.1.0/lib/tinyusb/src/device/usbd.c.obj
                0x10004530                usbd_edpt_open
 .text.usbd_open_edpt_pair
                0x10004590       0x88 CMakeFiles/blink.dir/C_/Users/glaugtbest/.pico-sdk/sdk/2.1.0/lib/tinyusb/src/device/usbd.c.obj
                0x10004590                usbd_open_edpt_pair
 .text.usbd_edpt_claim
                0x10004618       0x28 CMakeFiles/blink.dir/C_/Users/glaugtbest/.pico-sdk/sdk/2.1.0/lib/tinyusb/src/device/usbd.c.obj
                0x10004618                usbd_edpt_claim
 .text.usbd_edpt_release
                0x10004640       0x28 CMakeFiles/blink.dir/C_/Users/glaugtbest/.pico-sdk/sdk/2.1.0/lib/tinyusb/src/device/usbd.c.obj
                0x10004640                usbd_edpt_release
 .text.usbd_edpt_xfer
                0x10004668       0x88 CMakeFiles/blink.dir/C_/Users/glaugtbest/.pico-sdk/sdk/2.1.0/lib/tinyusb/src/device/usbd.c.obj
                0x10004668                usbd_edpt_xfer
 .text.usbd_edpt_stall
                0x100046f0       0x34 CMakeFiles/blink.dir/C_/Users/glaugtbest/.pico-sdk/sdk/2.1.0/lib/tinyusb/src/device/usbd.c.obj
                0x100046f0                usbd_edpt_stall
 .text.usbd_edpt_clear_stall
                0x10004724       0x34 CMakeFiles/blink.dir/C_/Users/glaugtbest/.pico-sdk/sdk/2.1.0/lib/tinyusb/src/device/usbd.c.obj
                0x10004724                usbd_edpt_clear_stall
 .text.usbd_edpt_stalled
                0x10004758       0x1c CMakeFiles/blink.dir/C_/Users/glaugtbest/.pico-sdk/sdk/2.1.0/lib/tinyusb/src/device/usbd.c.obj
                0x10004758                usbd_edpt_stalled
 .text.process_control_request
                0x10004774      0x390 CMakeFiles/blink.dir/C_/Users/glaugtbest/.pico-sdk/sdk/2.1.0/lib/tinyusb/src/device/usbd.c.obj
 .text.tud_task_ext
                0x10004b04      0x1c8 CMakeFiles/blink.dir/C_/Users/glaugtbest/.pico-sdk/sdk/2.1.0/lib/tinyusb/src/device/usbd.c.obj
                0x10004b04                tud_task_ext
 .text._status_stage_xact
                0x10004ccc       0x1a CMakeFiles/blink.dir/C_/Users/glaugtbest/.pico-sdk/sdk/2.1.0/lib/tinyusb/src/device/usbd_control.c.obj
 *fill*         0x10004ce6        0x2 
 .text._data_stage_xact
                0x10004ce8       0x60 CMakeFiles/blink.dir/C_/Users/glaugtbest/.pico-sdk/sdk/2.1.0/lib/tinyusb/src/device/usbd_control.c.obj
 .text.tud_control_status
                0x10004d48       0x28 CMakeFiles/blink.dir/C_/Users/glaugtbest/.pico-sdk/sdk/2.1.0/lib/tinyusb/src/device/usbd_control.c.obj
                0x10004d48                tud_control_status
 .text.tud_control_xfer
                0x10004d70       0x98 CMakeFiles/blink.dir/C_/Users/glaugtbest/.pico-sdk/sdk/2.1.0/lib/tinyusb/src/device/usbd_control.c.obj
                0x10004d70                tud_control_xfer
 .text.usbd_control_reset
                0x10004e08       0x14 CMakeFiles/blink.dir/C_/Users/glaugtbest/.pico-sdk/sdk/2.1.0/lib/tinyusb/src/device/usbd_control.c.obj
                0x10004e08                usbd_control_reset
 .text.usbd_control_set_complete_callback
                0x10004e1c        0xc CMakeFiles/blink.dir/C_/Users/glaugtbest/.pico-sdk/sdk/2.1.0/lib/tinyusb/src/device/usbd_control.c.obj
                0x10004e1c                usbd_control_set_complete_callback
 .text.usbd_control_set_request
                0x10004e28       0x1c CMakeFiles/blink.dir/C_/Users/glaugtbest/.pico-sdk/sdk/2.1.0/lib/tinyusb/src/device/usbd_control.c.obj
                0x10004e28                usbd_control_set_request
 .text.usbd_control_xfer_cb
                0x10004e44       0xe0 CMakeFiles/blink.dir/C_/Users/glaugtbest/.pico-sdk/sdk/2.1.0/lib/tinyusb/src/device/usbd_control.c.obj
                0x10004e44                usbd_control_xfer_cb
 .text._prep_out_transaction
                0x10004f24       0x72 CMakeFiles/blink.dir/C_/Users/glaugtbest/.pico-sdk/sdk/2.1.0/lib/tinyusb/src/class/cdc/cdc_device.c.obj
 *fill*         0x10004f96        0x2 
 .text.tud_cdc_n_connected
                0x10004f98       0x38 CMakeFiles/blink.dir/C_/Users/glaugtbest/.pico-sdk/sdk/2.1.0/lib/tinyusb/src/class/cdc/cdc_device.c.obj
                0x10004f98                tud_cdc_n_connected
 .text.tud_cdc_n_available
                0x10004fd0       0x18 CMakeFiles/blink.dir/C_/Users/glaugtbest/.pico-sdk/sdk/2.1.0/lib/tinyusb/src/class/cdc/cdc_device.c.obj
                0x10004fd0                tud_cdc_n_available
 .text.tud_cdc_n_read
                0x10004fe8       0x38 CMakeFiles/blink.dir/C_/Users/glaugtbest/.pico-sdk/sdk/2.1.0/lib/tinyusb/src/class/cdc/cdc_device.c.obj
                0x10004fe8                tud_cdc_n_read
 .text.tud_cdc_n_write_flush
                0x10005020       0xcc CMakeFiles/blink.dir/C_/Users/glaugtbest/.pico-sdk/sdk/2.1.0/lib/tinyusb/src/class/cdc/cdc_device.c.obj
                0x10005020                tud_cdc_n_write_flush
 .text.tud_cdc_n_write
                0x100050ec       0x48 CMakeFiles/blink.dir/C_/Users/glaugtbest/.pico-sdk/sdk/2.1.0/lib/tinyusb/src/class/cdc/cdc_device.c.obj
                0x100050ec                tud_cdc_n_write
 .text.tud_cdc_n_write_available
                0x10005134       0x1c CMakeFiles/blink.dir/C_/Users/glaugtbest/.pico-sdk/sdk/2.1.0/lib/tinyusb/src/class/cdc/cdc_device.c.obj
                0x10005134                tud_cdc_n_write_available
 .text.cdcd_init
                0x10005150       0xc0 CMakeFiles/blink.dir/C_/Users/glaugtbest/.pico-sdk/sdk/2.1.0/lib/tinyusb/src/class/cdc/cdc_device.c.obj
                0x10005150                cdcd_init
 .text.cdcd_deinit
                0x10005210       0x50 CMakeFiles/blink.dir/C_/Users/glaugtbest/.pico-sdk/sdk/2.1.0/lib/tinyusb/src/class/cdc/cdc_device.c.obj
                0x10005210                cdcd_deinit
 .text.cdcd_reset
                0x10005260       0x78 CMakeFiles/blink.dir/C_/Users/glaugtbest/.pico-sdk/sdk/2.1.0/lib/tinyusb/src/class/cdc/cdc_device.c.obj
                0x10005260                cdcd_reset
 .text.cdcd_open
                0x100052d8       0xf0 CMakeFiles/blink.dir/C_/Users/glaugtbest/.pico-sdk/sdk/2.1.0/lib/tinyusb/src/class/cdc/cdc_device.c.obj
                0x100052d8                cdcd_open
 .text.cdcd_control_xfer_cb
                0x100053c8      0x138 CMakeFiles/blink.dir/C_/Users/glaugtbest/.pico-sdk/sdk/2.1.0/lib/tinyusb/src/class/cdc/cdc_device.c.obj
                0x100053c8                cdcd_control_xfer_cb
 .text.cdcd_xfer_cb
                0x10005500      0x144 CMakeFiles/blink.dir/C_/Users/glaugtbest/.pico-sdk/sdk/2.1.0/lib/tinyusb/src/class/cdc/cdc_device.c.obj
                0x10005500                cdcd_xfer_cb
 .text.tud_vendor_n_mounted
                0x10005644       0x40 CMakeFiles/blink.dir/C_/Users/glaugtbest/.pico-sdk/sdk/2.1.0/lib/tinyusb/src/class/vendor/vendor_device.c.obj
                0x10005644                tud_vendor_n_mounted
 .text.tud_vendor_n_write_flush
                0x10005684       0x24 CMakeFiles/blink.dir/C_/Users/glaugtbest/.pico-sdk/sdk/2.1.0/lib/tinyusb/src/class/vendor/vendor_device.c.obj
                0x10005684                tud_vendor_n_write_flush
 .text.vendord_init
                0x100056a8       0x90 CMakeFiles/blink.dir/C_/Users/glaugtbest/.pico-sdk/sdk/2.1.0/lib/tinyusb/src/class/vendor/vendor_device.c.obj
                0x100056a8                vendord_init
 .text.vendord_deinit
                0x10005738       0x34 CMakeFiles/blink.dir/C_/Users/glaugtbest/.pico-sdk/sdk/2.1.0/lib/tinyusb/src/class/vendor/vendor_device.c.obj
                0x10005738                vendord_deinit
 .text.vendord_reset
                0x1000576c       0x38 CMakeFiles/blink.dir/C_/Users/glaugtbest/.pico-sdk/sdk/2.1.0/lib/tinyusb/src/class/vendor/vendor_device.c.obj
                0x1000576c                vendord_reset
 .text.vendord_open
                0x100057a4      0x164 CMakeFiles/blink.dir/C_/Users/glaugtbest/.pico-sdk/sdk/2.1.0/lib/tinyusb/src/class/vendor/vendor_device.c.obj
                0x100057a4                vendord_open
 .text.vendord_xfer_cb
                0x10005908       0xc0 CMakeFiles/blink.dir/C_/Users/glaugtbest/.pico-sdk/sdk/2.1.0/lib/tinyusb/src/class/vendor/vendor_device.c.obj
                0x10005908                vendord_xfer_cb
 .text.tusb_init
                0x100059c8       0x24 CMakeFiles/blink.dir/C_/Users/glaugtbest/.pico-sdk/sdk/2.1.0/lib/tinyusb/src/tusb.c.obj
                0x100059c8                tusb_init
 .text.tu_edpt_claim
                0x100059ec       0x50 CMakeFiles/blink.dir/C_/Users/glaugtbest/.pico-sdk/sdk/2.1.0/lib/tinyusb/src/tusb.c.obj
                0x100059ec                tu_edpt_claim
 .text.tu_edpt_release
                0x10005a3c       0x38 CMakeFiles/blink.dir/C_/Users/glaugtbest/.pico-sdk/sdk/2.1.0/lib/tinyusb/src/tusb.c.obj
                0x10005a3c                tu_edpt_release
 .text.tu_edpt_validate
                0x10005a74       0xac CMakeFiles/blink.dir/C_/Users/glaugtbest/.pico-sdk/sdk/2.1.0/lib/tinyusb/src/tusb.c.obj
                0x10005a74                tu_edpt_validate
 .text.tu_edpt_bind_driver
                0x10005b20       0x26 CMakeFiles/blink.dir/C_/Users/glaugtbest/.pico-sdk/sdk/2.1.0/lib/tinyusb/src/tusb.c.obj
                0x10005b20                tu_edpt_bind_driver
 .text.tu_edpt_stream_init
                0x10005b46       0x62 CMakeFiles/blink.dir/C_/Users/glaugtbest/.pico-sdk/sdk/2.1.0/lib/tinyusb/src/tusb.c.obj
                0x10005b46                tu_edpt_stream_init
 .text.tu_edpt_stream_deinit
                0x10005ba8        0x4 CMakeFiles/blink.dir/C_/Users/glaugtbest/.pico-sdk/sdk/2.1.0/lib/tinyusb/src/tusb.c.obj
                0x10005ba8                tu_edpt_stream_deinit
 .text.tu_edpt_stream_write_zlp_if_needed
                0x10005bac       0x80 CMakeFiles/blink.dir/C_/Users/glaugtbest/.pico-sdk/sdk/2.1.0/lib/tinyusb/src/tusb.c.obj
                0x10005bac                tu_edpt_stream_write_zlp_if_needed
 .text.tu_edpt_stream_write_xfer
                0x10005c2c       0x84 CMakeFiles/blink.dir/C_/Users/glaugtbest/.pico-sdk/sdk/2.1.0/lib/tinyusb/src/tusb.c.obj
                0x10005c2c                tu_edpt_stream_write_xfer
 .text.tu_edpt_stream_read_xfer
                0x10005cb0       0xf4 CMakeFiles/blink.dir/C_/Users/glaugtbest/.pico-sdk/sdk/2.1.0/lib/tinyusb/src/tusb.c.obj
                0x10005cb0                tu_edpt_stream_read_xfer
 .text.advance_index
                0x10005da4       0x1a CMakeFiles/blink.dir/C_/Users/glaugtbest/.pico-sdk/sdk/2.1.0/lib/tinyusb/src/common/tusb_fifo.c.obj
 .text._tu_fifo_peek
                0x10005dbe       0x56 CMakeFiles/blink.dir/C_/Users/glaugtbest/.pico-sdk/sdk/2.1.0/lib/tinyusb/src/common/tusb_fifo.c.obj
 .text._ff_pull_n
                0x10005e14       0x68 CMakeFiles/blink.dir/C_/Users/glaugtbest/.pico-sdk/sdk/2.1.0/lib/tinyusb/src/common/tusb_fifo.c.obj
 .text._tu_fifo_peek_n
                0x10005e7c       0x6a CMakeFiles/blink.dir/C_/Users/glaugtbest/.pico-sdk/sdk/2.1.0/lib/tinyusb/src/common/tusb_fifo.c.obj
 .text._tu_fifo_read_n
                0x10005ee6       0x4e CMakeFiles/blink.dir/C_/Users/glaugtbest/.pico-sdk/sdk/2.1.0/lib/tinyusb/src/common/tusb_fifo.c.obj
 .text._ff_push_n
                0x10005f34       0x68 CMakeFiles/blink.dir/C_/Users/glaugtbest/.pico-sdk/sdk/2.1.0/lib/tinyusb/src/common/tusb_fifo.c.obj
 .text._tu_fifo_write_n
                0x10005f9c       0xf0 CMakeFiles/blink.dir/C_/Users/glaugtbest/.pico-sdk/sdk/2.1.0/lib/tinyusb/src/common/tusb_fifo.c.obj
 .text.tu_fifo_config
                0x1000608c       0x7c CMakeFiles/blink.dir/C_/Users/glaugtbest/.pico-sdk/sdk/2.1.0/lib/tinyusb/src/common/tusb_fifo.c.obj
                0x1000608c                tu_fifo_config
 .text.tu_fifo_count
                0x10006108       0x2a CMakeFiles/blink.dir/C_/Users/glaugtbest/.pico-sdk/sdk/2.1.0/lib/tinyusb/src/common/tusb_fifo.c.obj
                0x10006108                tu_fifo_count
 .text.tu_fifo_empty
                0x10006132        0xe CMakeFiles/blink.dir/C_/Users/glaugtbest/.pico-sdk/sdk/2.1.0/lib/tinyusb/src/common/tusb_fifo.c.obj
                0x10006132                tu_fifo_empty
 .text.tu_fifo_full
                0x10006140       0x28 CMakeFiles/blink.dir/C_/Users/glaugtbest/.pico-sdk/sdk/2.1.0/lib/tinyusb/src/common/tusb_fifo.c.obj
                0x10006140                tu_fifo_full
 .text.tu_fifo_remaining
                0x10006168       0x2c CMakeFiles/blink.dir/C_/Users/glaugtbest/.pico-sdk/sdk/2.1.0/lib/tinyusb/src/common/tusb_fifo.c.obj
                0x10006168                tu_fifo_remaining
 .text.tu_fifo_read
                0x10006194       0x42 CMakeFiles/blink.dir/C_/Users/glaugtbest/.pico-sdk/sdk/2.1.0/lib/tinyusb/src/common/tusb_fifo.c.obj
                0x10006194                tu_fifo_read
 .text.tu_fifo_read_n
                0x100061d6        0xa CMakeFiles/blink.dir/C_/Users/glaugtbest/.pico-sdk/sdk/2.1.0/lib/tinyusb/src/common/tusb_fifo.c.obj
                0x100061d6                tu_fifo_read_n
 .text.tu_fifo_write
                0x100061e0       0x64 CMakeFiles/blink.dir/C_/Users/glaugtbest/.pico-sdk/sdk/2.1.0/lib/tinyusb/src/common/tusb_fifo.c.obj
                0x100061e0                tu_fifo_write
 .text.tu_fifo_write_n
                0x10006244        0xa CMakeFiles/blink.dir/C_/Users/glaugtbest/.pico-sdk/sdk/2.1.0/lib/tinyusb/src/common/tusb_fifo.c.obj
                0x10006244                tu_fifo_write_n
 .text.tu_fifo_clear
                0x1000624e       0x3e CMakeFiles/blink.dir/C_/Users/glaugtbest/.pico-sdk/sdk/2.1.0/lib/tinyusb/src/common/tusb_fifo.c.obj
                0x1000624e                tu_fifo_clear
 .text.tu_fifo_set_overwritable
                0x1000628c       0x46 CMakeFiles/blink.dir/C_/Users/glaugtbest/.pico-sdk/sdk/2.1.0/lib/tinyusb/src/common/tusb_fifo.c.obj
                0x1000628c                tu_fifo_set_overwritable
 .text.vPortSVCHandler
                0x100062d2        0x2 CMakeFiles/blink.dir/C_/Users/glaugtbest/FreeRTOS-LTS/FreeRTOS/FreeRTOS-Kernel/portable/ThirdParty/GCC/RP2040/port.c.obj
                0x100062d2                vPortSVCHandler
 *fill*         0x100062d4        0xc 
 .text.vPortStartFirstTask
                0x100062e0       0x34 CMakeFiles/blink.dir/C_/Users/glaugtbest/FreeRTOS-LTS/FreeRTOS/FreeRTOS-Kernel/portable/ThirdParty/GCC/RP2040/port.c.obj
 *fill*         0x10006314        0xc 
 .text.xPortPendSVHandler
                0x10006320       0x64 CMakeFiles/blink.dir/C_/Users/glaugtbest/FreeRTOS-LTS/FreeRTOS/FreeRTOS-Kernel/portable/ThirdParty/GCC/RP2040/port.c.obj
                0x10006320                xPortPendSVHandler
 .text.prvTaskExitError
                0x10006384        0x6 CMakeFiles/blink.dir/C_/Users/glaugtbest/FreeRTOS-LTS/FreeRTOS/FreeRTOS-Kernel/portable/ThirdParty/GCC/RP2040/port.c.obj
 *fill*         0x1000638a        0x2 
 .text.prvFIFOInterruptHandler
                0x1000638c       0x78 CMakeFiles/blink.dir/C_/Users/glaugtbest/FreeRTOS-LTS/FreeRTOS/FreeRTOS-Kernel/portable/ThirdParty/GCC/RP2040/port.c.obj
 .text.prvGetTicksToWaitBefore
                0x10006404       0x40 CMakeFiles/blink.dir/C_/Users/glaugtbest/FreeRTOS-LTS/FreeRTOS/FreeRTOS-Kernel/portable/ThirdParty/GCC/RP2040/port.c.obj
 .text.pxPortInitialiseStack
                0x10006444       0x24 CMakeFiles/blink.dir/C_/Users/glaugtbest/FreeRTOS-LTS/FreeRTOS/FreeRTOS-Kernel/portable/ThirdParty/GCC/RP2040/port.c.obj
                0x10006444                pxPortInitialiseStack
 .text.vPortYield
                0x10006468       0x40 CMakeFiles/blink.dir/C_/Users/glaugtbest/FreeRTOS-LTS/FreeRTOS/FreeRTOS-Kernel/portable/ThirdParty/GCC/RP2040/port.c.obj
                0x10006468                vPortYield
 .text.vPortEnterCritical
                0x100064a8       0x18 CMakeFiles/blink.dir/C_/Users/glaugtbest/FreeRTOS-LTS/FreeRTOS/FreeRTOS-Kernel/portable/ThirdParty/GCC/RP2040/port.c.obj
                0x100064a8                vPortEnterCritical
 .text.vPortEnableInterrupts
                0x100064c0       0x28 CMakeFiles/blink.dir/C_/Users/glaugtbest/FreeRTOS-LTS/FreeRTOS/FreeRTOS-Kernel/portable/ThirdParty/GCC/RP2040/port.c.obj
                0x100064c0                vPortEnableInterrupts
 .text.vPortExitCritical
                0x100064e8       0x3c CMakeFiles/blink.dir/C_/Users/glaugtbest/FreeRTOS-LTS/FreeRTOS/FreeRTOS-Kernel/portable/ThirdParty/GCC/RP2040/port.c.obj
                0x100064e8                vPortExitCritical
 .text.ulSetInterruptMaskFromISR
                0x10006524        0x8 CMakeFiles/blink.dir/C_/Users/glaugtbest/FreeRTOS-LTS/FreeRTOS/FreeRTOS-Kernel/portable/ThirdParty/GCC/RP2040/port.c.obj
                0x10006524                ulSetInterruptMaskFromISR
 .text.vClearInterruptMaskFromISR
                0x1000652c        0x6 CMakeFiles/blink.dir/C_/Users/glaugtbest/FreeRTOS-LTS/FreeRTOS/FreeRTOS-Kernel/portable/ThirdParty/GCC/RP2040/port.c.obj
                0x1000652c                vClearInterruptMaskFromISR
 *fill*         0x10006532        0x2 
 .text.xPortSysTickHandler
                0x10006534       0x24 CMakeFiles/blink.dir/C_/Users/glaugtbest/FreeRTOS-LTS/FreeRTOS/FreeRTOS-Kernel/portable/ThirdParty/GCC/RP2040/port.c.obj
                0x10006534                xPortSysTickHandler
 .text.vPortSetupTimerInterrupt
                0x10006558       0x34 CMakeFiles/blink.dir/C_/Users/glaugtbest/FreeRTOS-LTS/FreeRTOS/FreeRTOS-Kernel/portable/ThirdParty/GCC/RP2040/port.c.obj
                0x10006558                vPortSetupTimerInterrupt
 .text.xPortStartScheduler
                0x1000658c       0x9c CMakeFiles/blink.dir/C_/Users/glaugtbest/FreeRTOS-LTS/FreeRTOS/FreeRTOS-Kernel/portable/ThirdParty/GCC/RP2040/port.c.obj
                0x1000658c                xPortStartScheduler
 .text.ulPortLockGetCurrentOwnerId
                0x10006628       0x2c CMakeFiles/blink.dir/C_/Users/glaugtbest/FreeRTOS-LTS/FreeRTOS/FreeRTOS-Kernel/portable/ThirdParty/GCC/RP2040/port.c.obj
                0x10006628                ulPortLockGetCurrentOwnerId
 .text.vPortLockInternalSpinUnlockWithNotify
                0x10006654       0xd0 CMakeFiles/blink.dir/C_/Users/glaugtbest/FreeRTOS-LTS/FreeRTOS/FreeRTOS-Kernel/portable/ThirdParty/GCC/RP2040/port.c.obj
                0x10006654                vPortLockInternalSpinUnlockWithNotify
 .text.xPortLockInternalSpinUnlockWithBestEffortWaitOrTimeout
                0x10006724      0x110 CMakeFiles/blink.dir/C_/Users/glaugtbest/FreeRTOS-LTS/FreeRTOS/FreeRTOS-Kernel/portable/ThirdParty/GCC/RP2040/port.c.obj
                0x10006724                xPortLockInternalSpinUnlockWithBestEffortWaitOrTimeout
 .text.prvRuntimeInitializer
                0x10006834       0x28 CMakeFiles/blink.dir/C_/Users/glaugtbest/FreeRTOS-LTS/FreeRTOS/FreeRTOS-Kernel/portable/ThirdParty/GCC/RP2040/port.c.obj
 .text.prvTestWaitCondition
                0x1000685c       0x1e CMakeFiles/blink.dir/C_/Users/glaugtbest/FreeRTOS-LTS/FreeRTOS/FreeRTOS-Kernel/event_groups.c.obj
 .text.xEventGroupCreate
                0x1000687a       0x18 CMakeFiles/blink.dir/C_/Users/glaugtbest/FreeRTOS-LTS/FreeRTOS/FreeRTOS-Kernel/event_groups.c.obj
                0x1000687a                xEventGroupCreate
 *fill*         0x10006892        0x2 
 .text.xEventGroupWaitBits
                0x10006894      0x120 CMakeFiles/blink.dir/C_/Users/glaugtbest/FreeRTOS-LTS/FreeRTOS/FreeRTOS-Kernel/event_groups.c.obj
                0x10006894                xEventGroupWaitBits
 .text.xEventGroupSetBits
                0x100069b4       0x9c CMakeFiles/blink.dir/C_/Users/glaugtbest/FreeRTOS-LTS/FreeRTOS/FreeRTOS-Kernel/event_groups.c.obj
                0x100069b4                xEventGroupSetBits
 .text.vEventGroupSetBitsCallback
                0x10006a50        0x8 CMakeFiles/blink.dir/C_/Users/glaugtbest/FreeRTOS-LTS/FreeRTOS/FreeRTOS-Kernel/event_groups.c.obj
                0x10006a50                vEventGroupSetBitsCallback
 .text.xEventGroupSetBitsFromISR
                0x10006a58       0x18 CMakeFiles/blink.dir/C_/Users/glaugtbest/FreeRTOS-LTS/FreeRTOS/FreeRTOS-Kernel/event_groups.c.obj
                0x10006a58                xEventGroupSetBitsFromISR
 .text.vListInitialise
                0x10006a70       0x16 CMakeFiles/blink.dir/C_/Users/glaugtbest/FreeRTOS-LTS/FreeRTOS/FreeRTOS-Kernel/list.c.obj
                0x10006a70                vListInitialise
 .text.vListInitialiseItem
                0x10006a86        0x6 CMakeFiles/blink.dir/C_/Users/glaugtbest/FreeRTOS-LTS/FreeRTOS/FreeRTOS-Kernel/list.c.obj
                0x10006a86                vListInitialiseItem
 .text.vListInsert
                0x10006a8c       0x2e CMakeFiles/blink.dir/C_/Users/glaugtbest/FreeRTOS-LTS/FreeRTOS/FreeRTOS-Kernel/list.c.obj
                0x10006a8c                vListInsert
 .text.uxListRemove
                0x10006aba       0x24 CMakeFiles/blink.dir/C_/Users/glaugtbest/FreeRTOS-LTS/FreeRTOS/FreeRTOS-Kernel/list.c.obj
                0x10006aba                uxListRemove
 .text.prvIsQueueFull
                0x10006ade       0x1e CMakeFiles/blink.dir/C_/Users/glaugtbest/FreeRTOS-LTS/FreeRTOS/FreeRTOS-Kernel/queue.c.obj
 .text.prvIsQueueEmpty
                0x10006afc       0x1c CMakeFiles/blink.dir/C_/Users/glaugtbest/FreeRTOS-LTS/FreeRTOS/FreeRTOS-Kernel/queue.c.obj
 .text.prvCopyDataToQueue
                0x10006b18       0x7e CMakeFiles/blink.dir/C_/Users/glaugtbest/FreeRTOS-LTS/FreeRTOS/FreeRTOS-Kernel/queue.c.obj
 .text.prvCopyDataFromQueue
                0x10006b96       0x24 CMakeFiles/blink.dir/C_/Users/glaugtbest/FreeRTOS-LTS/FreeRTOS/FreeRTOS-Kernel/queue.c.obj
 *fill*         0x10006bba        0x2 
 .text.prvNotifyQueueSetContainer
                0x10006bbc       0xa8 CMakeFiles/blink.dir/C_/Users/glaugtbest/FreeRTOS-LTS/FreeRTOS/FreeRTOS-Kernel/queue.c.obj
 .text.prvUnlockQueue
                0x10006c64       0x88 CMakeFiles/blink.dir/C_/Users/glaugtbest/FreeRTOS-LTS/FreeRTOS/FreeRTOS-Kernel/queue.c.obj
 .text.xQueueGenericReset
                0x10006cec       0xd8 CMakeFiles/blink.dir/C_/Users/glaugtbest/FreeRTOS-LTS/FreeRTOS/FreeRTOS-Kernel/queue.c.obj
                0x10006cec                xQueueGenericReset
 .text.prvInitialiseNewQueue
                0x10006dc4       0x26 CMakeFiles/blink.dir/C_/Users/glaugtbest/FreeRTOS-LTS/FreeRTOS/FreeRTOS-Kernel/queue.c.obj
 *fill*         0x10006dea        0x2 
 .text.xQueueGenericCreate
                0x10006dec       0x90 CMakeFiles/blink.dir/C_/Users/glaugtbest/FreeRTOS-LTS/FreeRTOS/FreeRTOS-Kernel/queue.c.obj
                0x10006dec                xQueueGenericCreate
 .text.xQueueGenericSend
                0x10006e7c      0x18c CMakeFiles/blink.dir/C_/Users/glaugtbest/FreeRTOS-LTS/FreeRTOS/FreeRTOS-Kernel/queue.c.obj
                0x10006e7c                xQueueGenericSend
 .text.xQueueGenericSendFromISR
                0x10007008      0x13c CMakeFiles/blink.dir/C_/Users/glaugtbest/FreeRTOS-LTS/FreeRTOS/FreeRTOS-Kernel/queue.c.obj
                0x10007008                xQueueGenericSendFromISR
 .text.xQueueReceive
                0x10007144      0x150 CMakeFiles/blink.dir/C_/Users/glaugtbest/FreeRTOS-LTS/FreeRTOS/FreeRTOS-Kernel/queue.c.obj
                0x10007144                xQueueReceive
 .text.vQueueAddToRegistry
                0x10007294       0x68 CMakeFiles/blink.dir/C_/Users/glaugtbest/FreeRTOS-LTS/FreeRTOS/FreeRTOS-Kernel/queue.c.obj
                0x10007294                vQueueAddToRegistry
 .text.vQueueWaitForMessageRestricted
                0x100072fc       0x50 CMakeFiles/blink.dir/C_/Users/glaugtbest/FreeRTOS-LTS/FreeRTOS/FreeRTOS-Kernel/queue.c.obj
                0x100072fc                vQueueWaitForMessageRestricted
 .text.prvResetNextTaskUnblockTime
                0x1000734c       0x2c CMakeFiles/blink.dir/C_/Users/glaugtbest/FreeRTOS-LTS/FreeRTOS/FreeRTOS-Kernel/tasks.c.obj
 .text.prvDeleteTCB
                0x10007378       0x12 CMakeFiles/blink.dir/C_/Users/glaugtbest/FreeRTOS-LTS/FreeRTOS/FreeRTOS-Kernel/tasks.c.obj
 *fill*         0x1000738a        0x2 
 .text.prvInitialiseNewTask
                0x1000738c       0xb0 CMakeFiles/blink.dir/C_/Users/glaugtbest/FreeRTOS-LTS/FreeRTOS/FreeRTOS-Kernel/tasks.c.obj
 .text.prvCreateTask
                0x1000743c       0x56 CMakeFiles/blink.dir/C_/Users/glaugtbest/FreeRTOS-LTS/FreeRTOS/FreeRTOS-Kernel/tasks.c.obj
 *fill*         0x10007492        0x2 
 .text.prvInitialiseTaskLists
                0x10007494       0x68 CMakeFiles/blink.dir/C_/Users/glaugtbest/FreeRTOS-LTS/FreeRTOS/FreeRTOS-Kernel/tasks.c.obj
 .text.prvAddNewTaskToReadyList
                0x100074fc       0xc4 CMakeFiles/blink.dir/C_/Users/glaugtbest/FreeRTOS-LTS/FreeRTOS/FreeRTOS-Kernel/tasks.c.obj
 .text.prvCheckTasksWaitingTermination
                0x100075c0       0x44 CMakeFiles/blink.dir/C_/Users/glaugtbest/FreeRTOS-LTS/FreeRTOS/FreeRTOS-Kernel/tasks.c.obj
 .text.prvIdleTask
                0x10007604       0x18 CMakeFiles/blink.dir/C_/Users/glaugtbest/FreeRTOS-LTS/FreeRTOS/FreeRTOS-Kernel/tasks.c.obj
 .text.prvAddCurrentTaskToDelayedList
                0x1000761c       0xa8 CMakeFiles/blink.dir/C_/Users/glaugtbest/FreeRTOS-LTS/FreeRTOS/FreeRTOS-Kernel/tasks.c.obj
 .text.xTaskCreate
                0x100076c4       0x24 CMakeFiles/blink.dir/C_/Users/glaugtbest/FreeRTOS-LTS/FreeRTOS/FreeRTOS-Kernel/tasks.c.obj
                0x100076c4                xTaskCreate
 .text.prvCreateIdleTasks
                0x100076e8       0x54 CMakeFiles/blink.dir/C_/Users/glaugtbest/FreeRTOS-LTS/FreeRTOS/FreeRTOS-Kernel/tasks.c.obj
 .text.vTaskStartScheduler
                0x1000773c       0x64 CMakeFiles/blink.dir/C_/Users/glaugtbest/FreeRTOS-LTS/FreeRTOS/FreeRTOS-Kernel/tasks.c.obj
                0x1000773c                vTaskStartScheduler
 .text.vTaskSuspendAll
                0x100077a0       0x10 CMakeFiles/blink.dir/C_/Users/glaugtbest/FreeRTOS-LTS/FreeRTOS/FreeRTOS-Kernel/tasks.c.obj
                0x100077a0                vTaskSuspendAll
 .text.xTaskGetTickCount
                0x100077b0        0xc CMakeFiles/blink.dir/C_/Users/glaugtbest/FreeRTOS-LTS/FreeRTOS/FreeRTOS-Kernel/tasks.c.obj
                0x100077b0                xTaskGetTickCount
 .text.uxTaskGetNumberOfTasks
                0x100077bc        0xc CMakeFiles/blink.dir/C_/Users/glaugtbest/FreeRTOS-LTS/FreeRTOS/FreeRTOS-Kernel/tasks.c.obj
                0x100077bc                uxTaskGetNumberOfTasks
 .text.xTaskIncrementTick
                0x100077c8      0x17c CMakeFiles/blink.dir/C_/Users/glaugtbest/FreeRTOS-LTS/FreeRTOS/FreeRTOS-Kernel/tasks.c.obj
                0x100077c8                xTaskIncrementTick
 .text.xTaskResumeAll
                0x10007944      0x160 CMakeFiles/blink.dir/C_/Users/glaugtbest/FreeRTOS-LTS/FreeRTOS/FreeRTOS-Kernel/tasks.c.obj
                0x10007944                xTaskResumeAll
 .text.vTaskDelay
                0x10007aa4       0x48 CMakeFiles/blink.dir/C_/Users/glaugtbest/FreeRTOS-LTS/FreeRTOS/FreeRTOS-Kernel/tasks.c.obj
                0x10007aa4                vTaskDelay
 .text.vTaskSwitchContext
                0x10007aec       0xa8 CMakeFiles/blink.dir/C_/Users/glaugtbest/FreeRTOS-LTS/FreeRTOS/FreeRTOS-Kernel/tasks.c.obj
                0x10007aec                vTaskSwitchContext
 .text.vTaskPlaceOnEventList
                0x10007b94       0x3c CMakeFiles/blink.dir/C_/Users/glaugtbest/FreeRTOS-LTS/FreeRTOS/FreeRTOS-Kernel/tasks.c.obj
                0x10007b94                vTaskPlaceOnEventList
 .text.vTaskPlaceOnUnorderedEventList
                0x10007bd0       0x80 CMakeFiles/blink.dir/C_/Users/glaugtbest/FreeRTOS-LTS/FreeRTOS/FreeRTOS-Kernel/tasks.c.obj
                0x10007bd0                vTaskPlaceOnUnorderedEventList
 .text.vTaskPlaceOnEventListRestricted
                0x10007c50       0x60 CMakeFiles/blink.dir/C_/Users/glaugtbest/FreeRTOS-LTS/FreeRTOS/FreeRTOS-Kernel/tasks.c.obj
                0x10007c50                vTaskPlaceOnEventListRestricted
 .text.xTaskRemoveFromEventList
                0x10007cb0      0x100 CMakeFiles/blink.dir/C_/Users/glaugtbest/FreeRTOS-LTS/FreeRTOS/FreeRTOS-Kernel/tasks.c.obj
                0x10007cb0                xTaskRemoveFromEventList
 .text.vTaskRemoveFromUnorderedEventList
                0x10007db0       0xf4 CMakeFiles/blink.dir/C_/Users/glaugtbest/FreeRTOS-LTS/FreeRTOS/FreeRTOS-Kernel/tasks.c.obj
                0x10007db0                vTaskRemoveFromUnorderedEventList
 .text.vTaskInternalSetTimeOutState
                0x10007ea4       0x18 CMakeFiles/blink.dir/C_/Users/glaugtbest/FreeRTOS-LTS/FreeRTOS/FreeRTOS-Kernel/tasks.c.obj
                0x10007ea4                vTaskInternalSetTimeOutState
 .text.xTaskCheckForTimeOut
                0x10007ebc       0xb4 CMakeFiles/blink.dir/C_/Users/glaugtbest/FreeRTOS-LTS/FreeRTOS/FreeRTOS-Kernel/tasks.c.obj
                0x10007ebc                xTaskCheckForTimeOut
 .text.vTaskMissedYield
                0x10007f70        0xc CMakeFiles/blink.dir/C_/Users/glaugtbest/FreeRTOS-LTS/FreeRTOS/FreeRTOS-Kernel/tasks.c.obj
                0x10007f70                vTaskMissedYield
 .text.xTaskGetCurrentTaskHandle
                0x10007f7c        0xc CMakeFiles/blink.dir/C_/Users/glaugtbest/FreeRTOS-LTS/FreeRTOS/FreeRTOS-Kernel/tasks.c.obj
                0x10007f7c                xTaskGetCurrentTaskHandle
 .text.xTaskGetSchedulerState
                0x10007f88       0x24 CMakeFiles/blink.dir/C_/Users/glaugtbest/FreeRTOS-LTS/FreeRTOS/FreeRTOS-Kernel/tasks.c.obj
                0x10007f88                xTaskGetSchedulerState
 .text.xTaskPriorityDisinherit
                0x10007fac       0xc0 CMakeFiles/blink.dir/C_/Users/glaugtbest/FreeRTOS-LTS/FreeRTOS/FreeRTOS-Kernel/tasks.c.obj
                0x10007fac                xTaskPriorityDisinherit
 .text.uxTaskResetEventItemValue
                0x1000806c       0x18 CMakeFiles/blink.dir/C_/Users/glaugtbest/FreeRTOS-LTS/FreeRTOS/FreeRTOS-Kernel/tasks.c.obj
                0x1000806c                uxTaskResetEventItemValue
 .text.prvGetNextExpireTime
                0x10008084       0x24 CMakeFiles/blink.dir/C_/Users/glaugtbest/FreeRTOS-LTS/FreeRTOS/FreeRTOS-Kernel/timers.c.obj
 .text.prvInsertTimerInActiveList
                0x100080a8       0x48 CMakeFiles/blink.dir/C_/Users/glaugtbest/FreeRTOS-LTS/FreeRTOS/FreeRTOS-Kernel/timers.c.obj
 .text.prvReloadTimer
                0x100080f0       0x28 CMakeFiles/blink.dir/C_/Users/glaugtbest/FreeRTOS-LTS/FreeRTOS/FreeRTOS-Kernel/timers.c.obj
 .text.prvProcessExpiredTimer
                0x10008118       0x3c CMakeFiles/blink.dir/C_/Users/glaugtbest/FreeRTOS-LTS/FreeRTOS/FreeRTOS-Kernel/timers.c.obj
 .text.prvSwitchTimerLists
                0x10008154       0x30 CMakeFiles/blink.dir/C_/Users/glaugtbest/FreeRTOS-LTS/FreeRTOS/FreeRTOS-Kernel/timers.c.obj
 .text.prvSampleTimeNow
                0x10008184       0x2c CMakeFiles/blink.dir/C_/Users/glaugtbest/FreeRTOS-LTS/FreeRTOS/FreeRTOS-Kernel/timers.c.obj
 .text.prvProcessTimerOrBlockTask
                0x100081b0       0x70 CMakeFiles/blink.dir/C_/Users/glaugtbest/FreeRTOS-LTS/FreeRTOS/FreeRTOS-Kernel/timers.c.obj
 .text.prvProcessReceivedCommands
                0x10008220      0x10c CMakeFiles/blink.dir/C_/Users/glaugtbest/FreeRTOS-LTS/FreeRTOS/FreeRTOS-Kernel/timers.c.obj
 .text.prvTimerTask
                0x1000832c       0x16 CMakeFiles/blink.dir/C_/Users/glaugtbest/FreeRTOS-LTS/FreeRTOS/FreeRTOS-Kernel/timers.c.obj
 *fill*         0x10008342        0x2 
 .text.prvCheckForValidListAndQueue
                0x10008344       0x60 CMakeFiles/blink.dir/C_/Users/glaugtbest/FreeRTOS-LTS/FreeRTOS/FreeRTOS-Kernel/timers.c.obj
 .text.xTimerCreateTimerTask
                0x100083a4       0x58 CMakeFiles/blink.dir/C_/Users/glaugtbest/FreeRTOS-LTS/FreeRTOS/FreeRTOS-Kernel/timers.c.obj
                0x100083a4                xTimerCreateTimerTask
 .text.xTimerPendFunctionCallFromISR
                0x100083fc       0x28 CMakeFiles/blink.dir/C_/Users/glaugtbest/FreeRTOS-LTS/FreeRTOS/FreeRTOS-Kernel/timers.c.obj
                0x100083fc                xTimerPendFunctionCallFromISR
 .text.exception_is_compile_time_default
                0x10008424       0x20 CMakeFiles/blink.dir/C_/Users/glaugtbest/.pico-sdk/sdk/2.1.0/src/rp2_common/hardware_exception/exception.c.obj
 .text.set_raw_exception_handler_and_restore_interrupts
                0x10008444       0x18 CMakeFiles/blink.dir/C_/Users/glaugtbest/.pico-sdk/sdk/2.1.0/src/rp2_common/hardware_exception/exception.c.obj
 .text.exception_get_vtable_handler
                0x1000845c       0x10 CMakeFiles/blink.dir/C_/Users/glaugtbest/.pico-sdk/sdk/2.1.0/src/rp2_common/hardware_exception/exception.c.obj
                0x1000845c                exception_get_vtable_handler
 .text.exception_set_exclusive_handler
                0x1000846c       0x44 CMakeFiles/blink.dir/C_/Users/glaugtbest/.pico-sdk/sdk/2.1.0/src/rp2_common/hardware_exception/exception.c.obj
                0x1000846c                exception_set_exclusive_handler
 .text.prvHeapInit
                0x100084b0       0x58 CMakeFiles/blink.dir/C_/Users/glaugtbest/FreeRTOS-LTS/FreeRTOS/FreeRTOS-Kernel/portable/MemMang/heap_4.c.obj
 .text.prvInsertBlockIntoFreeList
                0x10008508       0x88 CMakeFiles/blink.dir/C_/Users/glaugtbest/FreeRTOS-LTS/FreeRTOS/FreeRTOS-Kernel/portable/MemMang/heap_4.c.obj
 .text.pvPortMalloc
                0x10008590      0x188 CMakeFiles/blink.dir/C_/Users/glaugtbest/FreeRTOS-LTS/FreeRTOS/FreeRTOS-Kernel/portable/MemMang/heap_4.c.obj
                0x10008590                pvPortMalloc
 .text.vPortFree
                0x10008718       0xa4 CMakeFiles/blink.dir/C_/Users/glaugtbest/FreeRTOS-LTS/FreeRTOS/FreeRTOS-Kernel/portable/MemMang/heap_4.c.obj
                0x10008718                vPortFree
 .text.strlen   0x100087bc       0x5c C:/Users/glaugtbest/.pico-sdk/toolchain/13_3_Rel1/bin/../lib/gcc/arm-none-eabi/13.3.1/thumb/v6-m/nofp\libg.a(libc_a-strlen-stub.o)
                0x100087bc                strlen
 *(.fini)
 .fini          0x10008818        0x4 C:/Users/glaugtbest/.pico-sdk/toolchain/13_3_Rel1/bin/../lib/gcc/arm-none-eabi/13.3.1/thumb/v6-m/nofp/crti.o
                0x10008818                _fini
 *fill*         0x1000881c        0x4 
 .fini.__stub   0x10008820       0xd0 linker stubs
 *crtbegin.o(.ctors)
 *crtbegin?.o(.ctors)
 *(EXCLUDE_FILE(*crtend.o *crtend?.o) .ctors)
 *(SORT_BY_NAME(.ctors.*))
 *(.ctors)
 *crtbegin.o(.dtors)
 *crtbegin?.o(.dtors)
 *(EXCLUDE_FILE(*crtend.o *crtend?.o) .dtors)
 *(SORT_BY_NAME(.dtors.*))
 *(.dtors)
                0x100088f0                        . = ALIGN (0x4)
                0x100088f0                        PROVIDE (__preinit_array_start = .)
 *(SORT_BY_NAME(.preinit_array.*))
 .preinit_array.00100
                0x100088f0        0x4 CMakeFiles/blink.dir/C_/Users/glaugtbest/.pico-sdk/sdk/2.1.0/src/rp2_common/pico_runtime_init/runtime_init.c.obj
                0x100088f0                __pre_init_runtime_init_early_resets
 .preinit_array.00101
                0x100088f4        0x4 CMakeFiles/blink.dir/C_/Users/glaugtbest/.pico-sdk/sdk/2.1.0/src/rp2_common/pico_runtime_init/runtime_init.c.obj
                0x100088f4                __pre_init_runtime_init_usb_power_down
 .preinit_array.00275
                0x100088f8        0x4 CMakeFiles/blink.dir/C_/Users/glaugtbest/.pico-sdk/sdk/2.1.0/src/rp2_common/pico_bit_ops/bit_ops_aeabi.S.obj
 .preinit_array.00300
                0x100088fc        0x4 CMakeFiles/blink.dir/C_/Users/glaugtbest/.pico-sdk/sdk/2.1.0/src/rp2_common/pico_mem_ops/mem_ops_aeabi.S.obj
 .preinit_array.00350
                0x10008900        0x4 CMakeFiles/blink.dir/C_/Users/glaugtbest/.pico-sdk/sdk/2.1.0/src/rp2_common/pico_double/double_aeabi_rp2040.S.obj
 .preinit_array.00350
                0x10008904        0x4 CMakeFiles/blink.dir/C_/Users/glaugtbest/.pico-sdk/sdk/2.1.0/src/rp2_common/pico_float/float_aeabi_rp2040.S.obj
 .preinit_array.00500
                0x10008908        0x4 CMakeFiles/blink.dir/C_/Users/glaugtbest/.pico-sdk/sdk/2.1.0/src/rp2_common/pico_runtime_init/runtime_init.c.obj
                0x10008908                __pre_init_runtime_init_clocks
 .preinit_array.00600
                0x1000890c        0x4 CMakeFiles/blink.dir/C_/Users/glaugtbest/.pico-sdk/sdk/2.1.0/src/rp2_common/pico_runtime_init/runtime_init.c.obj
                0x1000890c                __pre_init_runtime_init_post_clock_resets
 .preinit_array.00700
                0x10008910        0x4 CMakeFiles/blink.dir/C_/Users/glaugtbest/.pico-sdk/sdk/2.1.0/src/rp2_common/pico_runtime_init/runtime_init.c.obj
                0x10008910                __pre_init_runtime_init_rp2040_gpio_ie_disable
 .preinit_array.01000
                0x10008914        0x4 CMakeFiles/blink.dir/C_/Users/glaugtbest/.pico-sdk/sdk/2.1.0/src/rp2_common/pico_runtime_init/runtime_init.c.obj
                0x10008914                __pre_init_runtime_init_spin_locks_reset
 .preinit_array.01100
                0x10008918        0x4 CMakeFiles/blink.dir/C_/Users/glaugtbest/.pico-sdk/sdk/2.1.0/src/common/pico_sync/mutex.c.obj
                0x10008918                __pre_init_runtime_init_mutex
 .preinit_array.10080
                0x1000891c        0x4 CMakeFiles/blink.dir/C_/Users/glaugtbest/.pico-sdk/sdk/2.1.0/src/rp2_common/pico_runtime_init/runtime_init.c.obj
                0x1000891c                __pre_init_runtime_init_install_ram_vector_table
 .preinit_array.11000
                0x10008920        0x4 CMakeFiles/blink.dir/C_/Users/glaugtbest/.pico-sdk/sdk/2.1.0/src/common/pico_time/time.c.obj
                0x10008920                __pre_init_runtime_init_default_alarm_pool
 .preinit_array.YYYYY
                0x10008924        0x4 CMakeFiles/blink.dir/C_/Users/glaugtbest/.pico-sdk/sdk/2.1.0/src/rp2_common/pico_runtime/runtime.c.obj
                0x10008924                __pre_init_first_per_core_initializer
 .preinit_array.ZZZZZ.01200
                0x10008928        0x4 CMakeFiles/blink.dir/C_/Users/glaugtbest/.pico-sdk/sdk/2.1.0/src/rp2_common/hardware_irq/irq.c.obj
                0x10008928                __pre_init_runtime_init_per_core_irq_priorities
 *(.preinit_array)
                0x1000892c                        PROVIDE (__preinit_array_end = .)
                0x1000892c                        . = ALIGN (0x4)
                0x1000892c                        PROVIDE (__init_array_start = .)
 *(SORT_BY_NAME(.init_array.*))
 *(.init_array)
 .init_array    0x1000892c        0x4 C:/Users/glaugtbest/.pico-sdk/toolchain/13_3_Rel1/bin/../lib/gcc/arm-none-eabi/13.3.1/thumb/v6-m/nofp/crtbegin.o
 .init_array    0x10008930        0x4 CMakeFiles/blink.dir/C_/Users/glaugtbest/.pico-sdk/sdk/2.1.0/src/rp2_common/pico_unique_id/unique_id.c.obj
 .init_array    0x10008934        0x4 CMakeFiles/blink.dir/C_/Users/glaugtbest/FreeRTOS-LTS/FreeRTOS/FreeRTOS-Kernel/portable/ThirdParty/GCC/RP2040/port.c.obj
                0x10008938                        PROVIDE (__init_array_end = .)
                0x10008938                        . = ALIGN (0x4)
                [!provide]                        PROVIDE (__fini_array_start = .)
 *(SORT_BY_NAME(.fini_array.*))
 *(.fini_array)
                [!provide]                        PROVIDE (__fini_array_end = .)
 *(.eh_frame*)
 .eh_frame      0x10008938        0x0 C:/Users/glaugtbest/.pico-sdk/toolchain/13_3_Rel1/bin/../lib/gcc/arm-none-eabi/13.3.1/thumb/v6-m/nofp/crtbegin.o
                0x10008938                        . = ALIGN (0x4)

.glue_7         0x10008938        0x0
 .glue_7        0x10008938        0x0 linker stubs

.glue_7t        0x10008938        0x0
 .glue_7t       0x10008938        0x0 linker stubs

.vfp11_veneer   0x10008938        0x0
 .vfp11_veneer  0x10008938        0x0 linker stubs

.v4_bx          0x10008938        0x0
 .v4_bx         0x10008938        0x0 linker stubs

.iplt           0x10008938        0x0
 .iplt          0x10008938        0x0 C:/Users/glaugtbest/.pico-sdk/toolchain/13_3_Rel1/bin/../lib/gcc/arm-none-eabi/13.3.1/thumb/v6-m/nofp/crtbegin.o

.rodata         0x10008938     0x228c
 *(EXCLUDE_FILE(*libm.a: *libc.a:*lib_a-mem*.o *libgcc.a:) .rodata*)
 .rodata.button_task.str1.4
                0x10008938     0x1773 CMakeFiles/blink.dir/blink.c.obj
                                 0x22 (size before relaxing)
 .rodata.processing_task.str1.4
                0x1000a0ab       0x29 CMakeFiles/blink.dir/blink.c.obj
 .rodata.led_task.str1.4
                0x1000a0ab       0x20 CMakeFiles/blink.dir/blink.c.obj
 .rodata.main.str1.4
                0x1000a0ab       0x39 CMakeFiles/blink.dir/blink.c.obj
 .rodata.rp2040_chip_version.str1.4
                0x1000a0ab       0x81 CMakeFiles/blink.dir/C_/Users/glaugtbest/.pico-sdk/sdk/2.1.0/src/rp2040/pico_platform/platform.c.obj
 *fill*         0x1000a0ab        0x1 
 .rodata.__func__.0
                0x1000a0ac       0x14 CMakeFiles/blink.dir/C_/Users/glaugtbest/.pico-sdk/sdk/2.1.0/src/rp2040/pico_platform/platform.c.obj
 .rodata.panic.str1.4
                0x1000a0c0       0x12 CMakeFiles/blink.dir/C_/Users/glaugtbest/.pico-sdk/sdk/2.1.0/src/rp2_common/pico_platform_panic/panic.c.obj
 .rodata.panic_unsupported.str1.4
                0x1000a0c0        0xe CMakeFiles/blink.dir/C_/Users/glaugtbest/.pico-sdk/sdk/2.1.0/src/rp2_common/pico_platform_panic/panic.c.obj
 .rodata.spin_lock_claim_unused.str1.4
                0x1000a0c0       0x1b CMakeFiles/blink.dir/C_/Users/glaugtbest/.pico-sdk/sdk/2.1.0/src/rp2_common/hardware_sync/sync.c.obj
 .rodata.resolve_j_16.str1.4
                0x1000a0c0       0x62 CMakeFiles/blink.dir/C_/Users/glaugtbest/.pico-sdk/sdk/2.1.0/src/rp2_common/hardware_irq/irq.c.obj
 .rodata.make_j_16.str1.4
                0x1000a0c0       0x30 CMakeFiles/blink.dir/C_/Users/glaugtbest/.pico-sdk/sdk/2.1.0/src/rp2_common/hardware_irq/irq.c.obj
 .rodata.irq_set_exclusive_handler.str1.4
                0x1000a0c0       0x36 CMakeFiles/blink.dir/C_/Users/glaugtbest/.pico-sdk/sdk/2.1.0/src/rp2_common/hardware_irq/irq.c.obj
 .rodata.irq_add_shared_handler.str1.4
                0x1000a0c0       0xd2 CMakeFiles/blink.dir/C_/Users/glaugtbest/.pico-sdk/sdk/2.1.0/src/rp2_common/hardware_irq/irq.c.obj
 .rodata.irq_add_tail_to_free_list.str1.4
                0x1000a0c0       0x3a CMakeFiles/blink.dir/C_/Users/glaugtbest/.pico-sdk/sdk/2.1.0/src/rp2_common/hardware_irq/irq.c.obj
 .rodata.user_irq_claim_unused.str1.4
                0x1000a0c0       0x1b CMakeFiles/blink.dir/C_/Users/glaugtbest/.pico-sdk/sdk/2.1.0/src/rp2_common/hardware_irq/irq.c.obj
 .rodata.__func__.0
                0x1000a0c0       0x1a CMakeFiles/blink.dir/C_/Users/glaugtbest/.pico-sdk/sdk/2.1.0/src/rp2_common/hardware_irq/irq.c.obj
 *fill*         0x1000a0da        0x2 
 .rodata.__func__.3
                0x1000a0dc        0xa CMakeFiles/blink.dir/C_/Users/glaugtbest/.pico-sdk/sdk/2.1.0/src/rp2_common/hardware_irq/irq.c.obj
 *fill*         0x1000a0e6        0x2 
 .rodata.__func__.4
                0x1000a0e8        0xd CMakeFiles/blink.dir/C_/Users/glaugtbest/.pico-sdk/sdk/2.1.0/src/rp2_common/hardware_irq/irq.c.obj
 *fill*         0x1000a0f5        0x3 
 .rodata.__func__.5
                0x1000a0f8       0x17 CMakeFiles/blink.dir/C_/Users/glaugtbest/.pico-sdk/sdk/2.1.0/src/rp2_common/hardware_irq/irq.c.obj
 *fill*         0x1000a10f        0x1 
 .rodata.__func__.6
                0x1000a110       0x1a CMakeFiles/blink.dir/C_/Users/glaugtbest/.pico-sdk/sdk/2.1.0/src/rp2_common/hardware_irq/irq.c.obj
 .rodata.runtime_init_mutex.str1.4
                0x1000a12a       0x65 CMakeFiles/blink.dir/C_/Users/glaugtbest/.pico-sdk/sdk/2.1.0/src/common/pico_sync/mutex.c.obj
 .rodata.str1.4
                0x1000a12a       0x51 CMakeFiles/blink.dir/C_/Users/glaugtbest/.pico-sdk/sdk/2.1.0/src/common/pico_sync/mutex.c.obj
 *fill*         0x1000a12a        0x2 
 .rodata.__func__.1
                0x1000a12c        0xb CMakeFiles/blink.dir/C_/Users/glaugtbest/.pico-sdk/sdk/2.1.0/src/common/pico_sync/mutex.c.obj
 *fill*         0x1000a137        0x1 
 .rodata.__func__.3
                0x1000a138       0x18 CMakeFiles/blink.dir/C_/Users/glaugtbest/.pico-sdk/sdk/2.1.0/src/common/pico_sync/mutex.c.obj
 .rodata.__func__.6
                0x1000a150       0x13 CMakeFiles/blink.dir/C_/Users/glaugtbest/.pico-sdk/sdk/2.1.0/src/common/pico_sync/mutex.c.obj
 .rodata.alarm_pool_irq_handler.str1.4
                0x1000a163       0x70 CMakeFiles/blink.dir/C_/Users/glaugtbest/.pico-sdk/sdk/2.1.0/src/common/pico_time/time.c.obj
 .rodata.alarm_pool_get_default.str1.4
                0x1000a163       0x21 CMakeFiles/blink.dir/C_/Users/glaugtbest/.pico-sdk/sdk/2.1.0/src/common/pico_time/time.c.obj
 *fill*         0x1000a163        0x1 
 .rodata.__func__.1
                0x1000a164       0x17 CMakeFiles/blink.dir/C_/Users/glaugtbest/.pico-sdk/sdk/2.1.0/src/common/pico_time/time.c.obj
 *fill*         0x1000a17b        0x1 
 .rodata.__func__.2
                0x1000a17c       0x17 CMakeFiles/blink.dir/C_/Users/glaugtbest/.pico-sdk/sdk/2.1.0/src/common/pico_time/time.c.obj
 .rodata.timer_hardware_alarm_claim.str1.4
                0x1000a193       0x22 CMakeFiles/blink.dir/C_/Users/glaugtbest/.pico-sdk/sdk/2.1.0/src/rp2_common/hardware_timer/timer.c.obj
 .rodata.pll_init.str1.4
                0x1000a193      0x120 CMakeFiles/blink.dir/C_/Users/glaugtbest/.pico-sdk/sdk/2.1.0/src/rp2_common/hardware_pll/pll.c.obj
 *fill*         0x1000a193        0x1 
 .rodata.__func__.0
                0x1000a194        0x9 CMakeFiles/blink.dir/C_/Users/glaugtbest/.pico-sdk/sdk/2.1.0/src/rp2_common/hardware_pll/pll.c.obj
 .rodata.missing_double_func_shim.str1.4