Archive member included to satisfy reference by file (symbol)

C:/Users/glaugtbest/.pico-sdk/toolchain/13_3_Rel1/bin/../lib/gcc/arm-none-eabi/13.3.1/thumb/v6-m/nofp\libgcc.a(_dvmd_tls.o)
                              CMakeFiles/blink.dir/C_/Users/glaugtbest/.pico-sdk/sdk/2.1.0/src/rp2_common/pico_divider/divider_hardware.S.obj (__aeabi_idiv0)
C:/Users/glaugtbest/.pico-sdk/toolchain/13_3_Rel1/bin/../lib/gcc/arm-none-eabi/13.3.1/thumb/v6-m/nofp\libg.a(libc_a-calloc.o)
                              CMakeFiles/blink.dir/C_/Users/glaugtbest/.pico-sdk/sdk/2.1.0/src/rp2_common/pico_malloc/malloc.c.obj (calloc)
C:/Users/glaugtbest/.pico-sdk/toolchain/13_3_Rel1/bin/../lib/gcc/arm-none-eabi/13.3.1/thumb/v6-m/nofp\libg.a(libc_a-callocr.o)
                              C:/Users/glaugtbest/.pico-sdk/toolchain/13_3_Rel1/bin/../lib/gcc/arm-none-eabi/13.3.1/thumb/v6-m/nofp\libg.a(libc_a-calloc.o) (_calloc_r)
C:/Users/glaugtbest/.pico-sdk/toolchain/13_3_Rel1/bin/../lib/gcc/arm-none-eabi/13.3.1/thumb/v6-m/nofp\libg.a(libc_a-malloc.o)
                              CMakeFiles/blink.dir/C_/Users/glaugtbest/.pico-sdk/sdk/2.1.0/src/rp2_common/pico_malloc/malloc.c.obj (malloc)
C:/Users/glaugtbest/.pico-sdk/toolchain/13_3_Rel1/bin/../lib/gcc/arm-none-eabi/13.3.1/thumb/v6-m/nofp\libg.a(libc_a-mallocr.o)
                              C:/Users/glaugtbest/.pico-sdk/toolchain/13_3_Rel1/bin/../lib/gcc/arm-none-eabi/13.3.1/thumb/v6-m/nofp\libg.a(libc_a-callocr.o) (_malloc_r)
C:/Users/glaugtbest/.pico-sdk/toolchain/13_3_Rel1/bin/../lib/gcc/arm-none-eabi/13.3.1/thumb/v6-m/nofp\libg.a(libc_a-mlock.o)
                              C:/Users/glaugtbest/.pico-sdk/toolchain/13_3_Rel1/bin/../lib/gcc/arm-none-eabi/13.3.1/thumb/v6-m/nofp\libg.a(libc_a-mallocr.o) (__malloc_lock)
C:/Users/glaugtbest/.pico-sdk/toolchain/13_3_Rel1/bin/../lib/gcc/arm-none-eabi/13.3.1/thumb/v6-m/nofp\libg.a(libc_a-realloc.o)
                              CMakeFiles/blink.dir/C_/Users/glaugtbest/.pico-sdk/sdk/2.1.0/src/rp2_common/pico_malloc/malloc.c.obj (realloc)
C:/Users/glaugtbest/.pico-sdk/toolchain/13_3_Rel1/bin/../lib/gcc/arm-none-eabi/13.3.1/thumb/v6-m/nofp\libg.a(libc_a-reallocr.o)
                              C:/Users/glaugtbest/.pico-sdk/toolchain/13_3_Rel1/bin/../lib/gcc/arm-none-eabi/13.3.1/thumb/v6-m/nofp\libg.a(libc_a-realloc.o) (_realloc_r)
C:/Users/glaugtbest/.pico-sdk/toolchain/13_3_Rel1/bin/../lib/gcc/arm-none-eabi/13.3.1/thumb/v6-m/nofp\libg.a(libc_a-memcmp.o)
                              CMakeFiles/blink.dir/C_/Users/glaugtbest/.pico-sdk/sdk/2.1.0/src/rp2_common/pico_atomic/atomic.c.obj (memcmp)
C:/Users/glaugtbest/.pico-sdk/toolchain/13_3_Rel1/bin/../lib/gcc/arm-none-eabi/13.3.1/thumb/v6-m/nofp\libg.a(libc_a-memmove.o)
                              CMakeFiles/blink.dir/C_/Users/glaugtbest/.pico-sdk/sdk/2.1.0/lib/cyw43-driver/src/cyw43_ll.c.obj (memmove)
C:/Users/glaugtbest/.pico-sdk/toolchain/13_3_Rel1/bin/../lib/gcc/arm-none-eabi/13.3.1/thumb/v6-m/nofp\libg.a(libc_a-strncmp.o)
                              CMakeFiles/blink.dir/C_/Users/glaugtbest/.pico-sdk/sdk/2.1.0/lib/cyw43-driver/src/cyw43_ll.c.obj (strncmp)
C:/Users/glaugtbest/.pico-sdk/toolchain/13_3_Rel1/bin/../lib/gcc/arm-none-eabi/13.3.1/thumb/v6-m/nofp\libg.a(libc_a-lcltime_r.o)
                              CMakeFiles/blink.dir/C_/Users/glaugtbest/.pico-sdk/sdk/2.1.0/src/common/pico_util/datetime.c.obj (localtime_r)
C:/Users/glaugtbest/.pico-sdk/toolchain/13_3_Rel1/bin/../lib/gcc/arm-none-eabi/13.3.1/thumb/v6-m/nofp\libg.a(libc_a-mktime.o)
                              CMakeFiles/blink.dir/C_/Users/glaugtbest/.pico-sdk/sdk/2.1.0/src/common/pico_util/datetime.c.obj (mktime)
C:/Users/glaugtbest/.pico-sdk/toolchain/13_3_Rel1/bin/../lib/gcc/arm-none-eabi/13.3.1/thumb/v6-m/nofp\libg.a(libc_a-month_lengths.o)
                              C:/Users/glaugtbest/.pico-sdk/toolchain/13_3_Rel1/bin/../lib/gcc/arm-none-eabi/13.3.1/thumb/v6-m/nofp\libg.a(libc_a-lcltime_r.o) (__month_lengths)
C:/Users/glaugtbest/.pico-sdk/toolchain/13_3_Rel1/bin/../lib/gcc/arm-none-eabi/13.3.1/thumb/v6-m/nofp\libg.a(libc_a-tzcalc_limits.o)
                              C:/Users/glaugtbest/.pico-sdk/toolchain/13_3_Rel1/bin/../lib/gcc/arm-none-eabi/13.3.1/thumb/v6-m/nofp\libg.a(libc_a-lcltime_r.o) (__tzcalc_limits)
C:/Users/glaugtbest/.pico-sdk/toolchain/13_3_Rel1/bin/../lib/gcc/arm-none-eabi/13.3.1/thumb/v6-m/nofp\libg.a(libc_a-tzlock.o)
                              C:/Users/glaugtbest/.pico-sdk/toolchain/13_3_Rel1/bin/../lib/gcc/arm-none-eabi/13.3.1/thumb/v6-m/nofp\libg.a(libc_a-lcltime_r.o) (__tz_lock)
C:/Users/glaugtbest/.pico-sdk/toolchain/13_3_Rel1/bin/../lib/gcc/arm-none-eabi/13.3.1/thumb/v6-m/nofp\libg.a(libc_a-tzset.o)
                              C:/Users/glaugtbest/.pico-sdk/toolchain/13_3_Rel1/bin/../lib/gcc/arm-none-eabi/13.3.1/thumb/v6-m/nofp\libg.a(libc_a-lcltime_r.o) (_tzset_unlocked)
[...]
Memory Configuration

Name             Origin             Length             Attributes
FLASH            0x10000000         0x00200000         xr
RAM              0x20000000         0x00040000         xrw
SCRATCH_X        0x20040000         0x00001000         xrw
SCRATCH_Y        0x20041000         0x00001000         xrw
*default*        0x00000000         0xffffffff

Linker script and memory map

LOAD C:/Users/glaugtbest/.pico-sdk/toolchain/13_3_Rel1/bin/../lib/gcc/arm-none-eabi/13.3.1/thumb/v6-m/nofp/crti.o
LOAD C:/Users/glaugtbest/.pico-sdk/toolchain/13_3_Rel1/bin/../lib/gcc/arm-none-eabi/13.3.1/thumb/v6-m/nofp/crtbegin.o
LOAD C:/Users/glaugtbest/.pico-sdk/toolchain/13_3_Rel1/bin/../lib/gcc/arm-none-eabi/13.3.1/thumb/v6-m/nofp/crt0.o

.flash_begin    0x10000000        0x0
                0x10000000                        __flash_binary_start = .

.boot2          0x10000000      0x100
                0x10000000                        __boot2_start__ = .
 *(.boot2)
 .boot2         0x10000000      0x100 pico-sdk/src/rp2040/boot_stage2/CMakeFiles/bs2_default_library.dir/./bs2_default_padded_checksummed.S.obj
                0x10000100                        __boot2_end__ = .
                0x00000001                        ASSERT (((__boot2_end__ - __boot2_start__) == 0x100), ERROR: Pico second stage bootloader must be 256 bytes in size)

.text           0x10000100     0x5a18
                0x10000100                        __logical_binary_start = .
 *(.vectors)
 .vectors       0x10000100       0xd4 CMakeFiles/blink.dir/C_/Users/glaugtbest/.pico-sdk/sdk/2.1.0/src/rp2_common/pico_crt0/crt0.S.obj
                0x10000100                __VECTOR_TABLE
                0x10000100                __vectors
                0x100001c0                isr_invalid
                0x100001c0                __default_isrs_start
                0x100001c2                isr_nmi
                0x100001c4                isr_hardfault
                0x100001c6                isr_svcall
                0x100001c8                isr_pendsv
                0x100001ca                isr_systick
                0x100001cc                isr_irq23
                0x100001cc                isr_irq18
                0x100001cc                isr_irq11
                0x100001cc                isr_irq28
                0x100001cc                isr_irq19
                0x100001cc                isr_irq0
                0x100001cc                isr_irq6
                0x100001cc                isr_irq5
                0x100001cc                isr_irq12
                0x100001cc                isr_irq22
                0x100001cc                isr_irq31
                0x100001cc                isr_irq17
                0x100001cc                isr_irq27
                0x100001cc                isr_irq30
                0x100001cc                isr_irq2
                0x100001cc                isr_irq10
                0x100001cc                isr_irq8
                0x100001cc                isr_irq24
                0x100001cc                isr_irq1
                0x100001cc                isr_irq7
                0x100001cc                isr_irq21
                0x100001cc                isr_irq20
                0x100001cc                isr_irq15
                0x100001cc                isr_irq25
                0x100001cc                isr_irq13
                0x100001cc                __unhandled_user_irq
                0x100001cc                isr_irq4
                0x100001cc                isr_irq16
                0x100001cc                isr_irq29
                0x100001cc                isr_irq26
                0x100001cc                __default_isrs_end
                0x100001cc                isr_irq3
                0x100001cc                isr_irq14
                0x100001cc                isr_irq9
                0x100001d2                unhandled_user_irq_num_in_r0
 *(.binary_info_header)
 .binary_info_header
                0x100001d4       0x14 CMakeFiles/blink.dir/C_/Users/glaugtbest/.pico-sdk/sdk/2.1.0/src/rp2_common/pico_crt0/crt0.S.obj
                0x100001e8                        __binary_info_header_end = .
 *(.embedded_block)
                0x100001e8                        __embedded_block_end = .
 *(.reset)
 .reset         0x100001e8       0x9c CMakeFiles/blink.dir/C_/Users/glaugtbest/.pico-sdk/sdk/2.1.0/src/rp2_common/pico_crt0/crt0.S.obj
                0x100001e8                _entry_point
 *(.init)
 .init          0x10000284        0x4 C:/Users/glaugtbest/.pico-sdk/toolchain/13_3_Rel1/bin/../lib/gcc/arm-none-eabi/13.3.1/thumb/v6-m/nofp/crti.o
                0x10000284                _init
 *(EXCLUDE_FILE(*libm.a: *libc.a:*lib_a-mem*.o *libgcc.a:) .text*)
 .text.register_tm_clones
                0x10000288       0x28 C:/Users/glaugtbest/.pico-sdk/toolchain/13_3_Rel1/bin/../lib/gcc/arm-none-eabi/13.3.1/thumb/v6-m/nofp/crtbegin.o
 .text.frame_dummy
                0x100002b0       0x24 C:/Users/glaugtbest/.pico-sdk/toolchain/13_3_Rel1/bin/../lib/gcc/arm-none-eabi/13.3.1/thumb/v6-m/nofp/crtbegin.o
 .text.button_task
                0x100002d4       0x20 CMakeFiles/blink.dir/blink.c.obj
                0x100002d4                button_task
 .text.led_task
                0x100002f4       0x2c CMakeFiles/blink.dir/blink.c.obj
                0x100002f4                led_task
 .text.init_led
                0x10000320       0x14 CMakeFiles/blink.dir/blink.c.obj
                0x10000320                init_led
 .text.init_button
                0x10000334       0x1c CMakeFiles/blink.dir/blink.c.obj
                0x10000334                init_button
 .text.main     0x10000350       0x54 CMakeFiles/blink.dir/blink.c.obj
                0x10000350                main
 .text.gpio_set_function
                0x100003a4       0x34 CMakeFiles/blink.dir/C_/Users/glaugtbest/.pico-sdk/sdk/2.1.0/src/rp2_common/hardware_gpio/gpio.c.obj
                0x100003a4                gpio_set_function
 .text.gpio_set_pulls
                0x100003d8       0x38 CMakeFiles/blink.dir/C_/Users/glaugtbest/.pico-sdk/sdk/2.1.0/src/rp2_common/hardware_gpio/gpio.c.obj
                0x100003d8                gpio_set_pulls
 .text.gpio_init
                0x10000410       0x16 CMakeFiles/blink.dir/C_/Users/glaugtbest/.pico-sdk/sdk/2.1.0/src/rp2_common/hardware_gpio/gpio.c.obj
                0x10000410                gpio_init
 *fill*         0x10000426        0x2 
 .text.panic    0x10000428       0x30 CMakeFiles/blink.dir/C_/Users/glaugtbest/.pico-sdk/sdk/2.1.0/src/rp2_common/pico_platform_panic/panic.c.obj
                0x10000428                panic
 .text.panic_unsupported
                0x10000458        0xc CMakeFiles/blink.dir/C_/Users/glaugtbest/.pico-sdk/sdk/2.1.0/src/rp2_common/pico_platform_panic/panic.c.obj
                0x10000458                panic_unsupported
 .text.hw_claim_lock
                0x10000464       0x18 CMakeFiles/blink.dir/C_/Users/glaugtbest/.pico-sdk/sdk/2.1.0/src/common/hardware_claim/claim.c.obj
                0x10000464                hw_claim_lock
 .text.hw_claim_unlock
                0x1000047c       0x14 CMakeFiles/blink.dir/C_/Users/glaugtbest/.pico-sdk/sdk/2.1.0/src/common/hardware_claim/claim.c.obj
                0x1000047c                hw_claim_unlock
 .text.hw_claim_or_assert
                0x10000490       0x32 CMakeFiles/blink.dir/C_/Users/glaugtbest/.pico-sdk/sdk/2.1.0/src/common/hardware_claim/claim.c.obj
                0x10000490                hw_claim_or_assert
 *fill*         0x100004c2        0x2 
 .text.next_striped_spin_lock_num
                0x100004c4       0x1c CMakeFiles/blink.dir/C_/Users/glaugtbest/.pico-sdk/sdk/2.1.0/src/rp2_common/hardware_sync/sync.c.obj
                0x100004c4                next_striped_spin_lock_num
 .text.spin_locks_reset
                0x100004e0       0x20 CMakeFiles/blink.dir/C_/Users/glaugtbest/.pico-sdk/sdk/2.1.0/src/rp2_common/hardware_sync_spin_lock/sync_spin_lock.c.obj
                0x100004e0                spin_locks_reset
 .text.set_raw_irq_handler_and_unlock
                0x10000500       0x28 CMakeFiles/blink.dir/C_/Users/glaugtbest/.pico-sdk/sdk/2.1.0/src/rp2_common/hardware_irq/irq.c.obj
 .text.nvic_ipr0
                0x10000528        0x8 CMakeFiles/blink.dir/C_/Users/glaugtbest/.pico-sdk/sdk/2.1.0/src/rp2_common/hardware_irq/irq.c.obj
 .text.runtime_init_per_core_irq_priorities
                0x10000530       0x1c CMakeFiles/blink.dir/C_/Users/glaugtbest/.pico-sdk/sdk/2.1.0/src/rp2_common/hardware_irq/irq.c.obj
                0x10000530                runtime_init_per_core_irq_priorities
 .text.resolve_j_16
                0x1000054c       0x30 CMakeFiles/blink.dir/C_/Users/glaugtbest/.pico-sdk/sdk/2.1.0/src/rp2_common/hardware_irq/irq.c.obj
 .text.make_j_16
                0x1000057c       0x48 CMakeFiles/blink.dir/C_/Users/glaugtbest/.pico-sdk/sdk/2.1.0/src/rp2_common/hardware_irq/irq.c.obj
 .text.insert_bl_32
                0x100005c4       0x40 CMakeFiles/blink.dir/C_/Users/glaugtbest/.pico-sdk/sdk/2.1.0/src/rp2_common/hardware_irq/irq.c.obj
 .text.irq_is_enabled
                0x10000604       0x18 CMakeFiles/blink.dir/C_/Users/glaugtbest/.pico-sdk/sdk/2.1.0/src/rp2_common/hardware_irq/irq.c.obj
                0x10000604                irq_is_enabled
 .text.irq_set_mask_n_enabled
                0x1000061c       0x1c CMakeFiles/blink.dir/C_/Users/glaugtbest/.pico-sdk/sdk/2.1.0/src/rp2_common/hardware_irq/irq.c.obj
                0x1000061c                irq_set_mask_n_enabled
 .text.irq_set_enabled
                0x10000638       0x14 CMakeFiles/blink.dir/C_/Users/glaugtbest/.pico-sdk/sdk/2.1.0/src/rp2_common/hardware_irq/irq.c.obj
                0x10000638                irq_set_enabled
 .text.irq_get_vtable_handler
                0x1000064c       0x10 CMakeFiles/blink.dir/C_/Users/glaugtbest/.pico-sdk/sdk/2.1.0/src/rp2_common/hardware_irq/irq.c.obj
                0x1000064c                irq_get_vtable_handler
 .text.irq_set_exclusive_handler
                0x1000065c       0x54 CMakeFiles/blink.dir/C_/Users/glaugtbest/.pico-sdk/sdk/2.1.0/src/rp2_common/hardware_irq/irq.c.obj
                0x1000065c                irq_set_exclusive_handler
 .text.irq_remove_handler
                0x100006b0      0x18c CMakeFiles/blink.dir/C_/Users/glaugtbest/.pico-sdk/sdk/2.1.0/src/rp2_common/hardware_irq/irq.c.obj
                0x100006b0                irq_remove_handler
 .text.irq_set_priority
                0x1000083c       0x26 CMakeFiles/blink.dir/C_/Users/glaugtbest/.pico-sdk/sdk/2.1.0/src/rp2_common/hardware_irq/irq.c.obj
                0x1000083c                irq_set_priority
 *fill*         0x10000862        0x2 
 .text.irq_add_tail_to_free_list
                0x10000864       0xf4 CMakeFiles/blink.dir/C_/Users/glaugtbest/.pico-sdk/sdk/2.1.0/src/rp2_common/hardware_irq/irq.c.obj
                0x10000864                irq_add_tail_to_free_list
 .text.lock_init
                0x10000958       0x10 CMakeFiles/blink.dir/C_/Users/glaugtbest/.pico-sdk/sdk/2.1.0/src/common/pico_sync/lock_core.c.obj
                0x10000958                lock_init
 .text.mutex_init
                0x10000968       0x1c CMakeFiles/blink.dir/C_/Users/glaugtbest/.pico-sdk/sdk/2.1.0/src/common/pico_sync/mutex.c.obj
                0x10000968                mutex_init
 .text.recursive_mutex_init
                0x10000984       0x20 CMakeFiles/blink.dir/C_/Users/glaugtbest/.pico-sdk/sdk/2.1.0/src/common/pico_sync/mutex.c.obj
                0x10000984                recursive_mutex_init
 .text.runtime_init_mutex
                0x100009a4       0x4c CMakeFiles/blink.dir/C_/Users/glaugtbest/.pico-sdk/sdk/2.1.0/src/common/pico_sync/mutex.c.obj
                0x100009a4                runtime_init_mutex
 .text.make_alarm_id
                0x100009f0        0x6 CMakeFiles/blink.dir/C_/Users/glaugtbest/.pico-sdk/sdk/2.1.0/src/common/pico_time/time.c.obj
 *fill*         0x100009f6        0x2 
 .text.alarm_pool_irq_handler
                0x100009f8      0x2f8 CMakeFiles/blink.dir/C_/Users/glaugtbest/.pico-sdk/sdk/2.1.0/src/common/pico_time/time.c.obj
 .text.ta_enable_irq_handler
                0x10000cf0       0x2c CMakeFiles/blink.dir/C_/Users/glaugtbest/.pico-sdk/sdk/2.1.0/src/common/pico_time/time.c.obj
 .text.alarm_pool_post_alloc_init
                0x10000d1c       0x78 CMakeFiles/blink.dir/C_/Users/glaugtbest/.pico-sdk/sdk/2.1.0/src/common/pico_time/time.c.obj
 .text.sleep_until_callback
                0x10000d94       0x28 CMakeFiles/blink.dir/C_/Users/glaugtbest/.pico-sdk/sdk/2.1.0/src/common/pico_time/time.c.obj
 .text.alarm_pool_get_default
                0x10000dbc       0x2c CMakeFiles/blink.dir/C_/Users/glaugtbest/.pico-sdk/sdk/2.1.0/src/common/pico_time/time.c.obj
                0x10000dbc                alarm_pool_get_default
 .text.alarm_pool_add_alarm_at_force_in_context
                0x10000de8       0xa4 CMakeFiles/blink.dir/C_/Users/glaugtbest/.pico-sdk/sdk/2.1.0/src/common/pico_time/time.c.obj
                0x10000de8                alarm_pool_add_alarm_at_force_in_context
 .text.alarm_pool_add_alarm_at
                0x10000e8c       0x3c CMakeFiles/blink.dir/C_/Users/glaugtbest/.pico-sdk/sdk/2.1.0/src/common/pico_time/time.c.obj
                0x10000e8c                alarm_pool_add_alarm_at
 .text.add_alarm_at
                0x10000ec8       0x2e CMakeFiles/blink.dir/C_/Users/glaugtbest/.pico-sdk/sdk/2.1.0/src/common/pico_time/time.c.obj
 *fill*         0x10000ef6        0x2 
 .text.alarm_pool_cancel_alarm
                0x10000ef8       0x78 CMakeFiles/blink.dir/C_/Users/glaugtbest/.pico-sdk/sdk/2.1.0/src/common/pico_time/time.c.obj
                0x10000ef8                alarm_pool_cancel_alarm
 .text.cancel_alarm
                0x10000f70       0x10 CMakeFiles/blink.dir/C_/Users/glaugtbest/.pico-sdk/sdk/2.1.0/src/common/pico_time/time.c.obj
 .text.best_effort_wfe_or_timeout
                0x10000f80      0x104 CMakeFiles/blink.dir/C_/Users/glaugtbest/.pico-sdk/sdk/2.1.0/src/common/pico_time/time.c.obj
                0x10000f80                best_effort_wfe_or_timeout
 .text.alarm_pool_get_default_timer
                0x10001084        0x8 CMakeFiles/blink.dir/C_/Users/glaugtbest/.pico-sdk/sdk/2.1.0/src/common/pico_time/time.c.obj
                0x10001084                alarm_pool_get_default_timer
 .text.runtime_init_default_alarm_pool
                0x1000108c       0x38 CMakeFiles/blink.dir/C_/Users/glaugtbest/.pico-sdk/sdk/2.1.0/src/common/pico_time/time.c.obj
                0x1000108c                runtime_init_default_alarm_pool
 .text.timer_hardware_alarm_claim
                0x100010c4       0x14 CMakeFiles/blink.dir/C_/Users/glaugtbest/.pico-sdk/sdk/2.1.0/src/rp2_common/hardware_timer/timer.c.obj
                0x100010c4                timer_hardware_alarm_claim
 .text.timer_time_us_64
                0x100010d8       0x10 CMakeFiles/blink.dir/C_/Users/glaugtbest/.pico-sdk/sdk/2.1.0/src/rp2_common/hardware_timer/timer.c.obj
                0x100010d8                timer_time_us_64
 .text.timer_busy_wait_until
                0x100010e8       0x1a CMakeFiles/blink.dir/C_/Users/glaugtbest/.pico-sdk/sdk/2.1.0/src/rp2_common/hardware_timer/timer.c.obj
                0x100010e8                timer_busy_wait_until
 .text.timer_busy_wait_us
                0x10001102       0x38 CMakeFiles/blink.dir/C_/Users/glaugtbest/.pico-sdk/sdk/2.1.0/src/rp2_common/hardware_timer/timer.c.obj
                0x10001102                timer_busy_wait_us
 *fill*         0x1000113a        0x2 
 .text.time_us_64
                0x1000113c       0x10 CMakeFiles/blink.dir/C_/Users/glaugtbest/.pico-sdk/sdk/2.1.0/src/rp2_common/hardware_timer/timer.c.obj
                0x1000113c                time_us_64
 .text.busy_wait_us
                0x1000114c       0x14 CMakeFiles/blink.dir/C_/Users/glaugtbest/.pico-sdk/sdk/2.1.0/src/rp2_common/hardware_timer/timer.c.obj
                0x1000114c                busy_wait_us
 .text.uart_unreset
                0x10001160       0x2c CMakeFiles/blink.dir/C_/Users/glaugtbest/.pico-sdk/sdk/2.1.0/src/rp2_common/hardware_uart/uart.c.obj
 .text.uart_disable_before_lcr_write
                0x1000118c       0x48 CMakeFiles/blink.dir/C_/Users/glaugtbest/.pico-sdk/sdk/2.1.0/src/rp2_common/hardware_uart/uart.c.obj
 .text.uart_write_lcr_bits_masked
                0x100011d4       0x20 CMakeFiles/blink.dir/C_/Users/glaugtbest/.pico-sdk/sdk/2.1.0/src/rp2_common/hardware_uart/uart.c.obj
 .text.uart_set_baudrate
                0x100011f4       0x5c CMakeFiles/blink.dir/C_/Users/glaugtbest/.pico-sdk/sdk/2.1.0/src/rp2_common/hardware_uart/uart.c.obj
                0x100011f4                uart_set_baudrate
 .text.uart_set_translate_crlf
                0x10001250       0x28 CMakeFiles/blink.dir/C_/Users/glaugtbest/.pico-sdk/sdk/2.1.0/src/rp2_common/hardware_uart/uart.c.obj
                0x10001250                uart_set_translate_crlf
 .text.uart_init
                0x10001278       0x64 CMakeFiles/blink.dir/C_/Users/glaugtbest/.pico-sdk/sdk/2.1.0/src/rp2_common/hardware_uart/uart.c.obj
                0x10001278                uart_init
 .text.clock_configure_internal
                0x100012dc       0xc4 CMakeFiles/blink.dir/C_/Users/glaugtbest/.pico-sdk/sdk/2.1.0/src/rp2_common/hardware_clocks/clocks.c.obj
 .text.clock_configure_int_divider
                0x100013a0       0x28 CMakeFiles/blink.dir/C_/Users/glaugtbest/.pico-sdk/sdk/2.1.0/src/rp2_common/hardware_clocks/clocks.c.obj
                0x100013a0                clock_configure_int_divider
 .text.clock_configure_undivided
                0x100013c8       0x12 CMakeFiles/blink.dir/C_/Users/glaugtbest/.pico-sdk/sdk/2.1.0/src/rp2_common/hardware_clocks/clocks.c.obj
                0x100013c8                clock_configure_undivided
 *fill*         0x100013da        0x2 
 .text.clock_get_hz
                0x100013dc        0xc CMakeFiles/blink.dir/C_/Users/glaugtbest/.pico-sdk/sdk/2.1.0/src/rp2_common/hardware_clocks/clocks.c.obj
                0x100013dc                clock_get_hz
 .text.pll_init
                0x100013e8      0x124 CMakeFiles/blink.dir/C_/Users/glaugtbest/.pico-sdk/sdk/2.1.0/src/rp2_common/hardware_pll/pll.c.obj
                0x100013e8                pll_init
 .text.tick_start
                0x1000150c       0x10 CMakeFiles/blink.dir/C_/Users/glaugtbest/.pico-sdk/sdk/2.1.0/src/rp2_common/hardware_ticks/ticks.c.obj
                0x1000150c                tick_start
 .text.rom_func_lookup
                0x1000151c       0x10 CMakeFiles/blink.dir/C_/Users/glaugtbest/.pico-sdk/sdk/2.1.0/src/rp2_common/pico_bootrom/bootrom.c.obj
                0x1000151c                rom_func_lookup
 .text.rom_data_lookup
                0x1000152c       0x10 CMakeFiles/blink.dir/C_/Users/glaugtbest/.pico-sdk/sdk/2.1.0/src/rp2_common/pico_bootrom/bootrom.c.obj
                0x1000152c                rom_data_lookup
 .text.rom_funcs_lookup
                0x1000153c       0x36 CMakeFiles/blink.dir/C_/Users/glaugtbest/.pico-sdk/sdk/2.1.0/src/rp2_common/pico_bootrom/bootrom.c.obj
                0x1000153c                rom_funcs_lookup
 *fill*         0x10001572        0x2 
 .text.xosc_init
                0x10001574       0x28 CMakeFiles/blink.dir/C_/Users/glaugtbest/.pico-sdk/sdk/2.1.0/src/rp2_common/hardware_xosc/xosc.c.obj
                0x10001574                xosc_init
 .text.runtime_run_initializers_from
                0x1000159c       0x18 CMakeFiles/blink.dir/C_/Users/glaugtbest/.pico-sdk/sdk/2.1.0/src/rp2_common/pico_runtime/runtime.c.obj
 .text.first_per_core_initializer
                0x100015b4        0x2 CMakeFiles/blink.dir/C_/Users/glaugtbest/.pico-sdk/sdk/2.1.0/src/rp2_common/pico_runtime/runtime.c.obj
 *fill*         0x100015b6        0x2 
 .text.runtime_run_initializers
                0x100015b8       0x10 CMakeFiles/blink.dir/C_/Users/glaugtbest/.pico-sdk/sdk/2.1.0/src/rp2_common/pico_runtime/runtime.c.obj
                0x100015b8                runtime_run_initializers
 .text.runtime_init_early_resets
                0x100015c8       0x2c CMakeFiles/blink.dir/C_/Users/glaugtbest/.pico-sdk/sdk/2.1.0/src/rp2_common/pico_runtime_init/runtime_init.c.obj
                0x100015c8                runtime_init_early_resets
 .text.runtime_init_usb_power_down
                0x100015f4       0x1c CMakeFiles/blink.dir/C_/Users/glaugtbest/.pico-sdk/sdk/2.1.0/src/rp2_common/pico_runtime_init/runtime_init.c.obj
                0x100015f4                runtime_init_usb_power_down
 .text.runtime_init_post_clock_resets
                0x10001610       0x20 CMakeFiles/blink.dir/C_/Users/glaugtbest/.pico-sdk/sdk/2.1.0/src/rp2_common/pico_runtime_init/runtime_init.c.obj
                0x10001610                runtime_init_post_clock_resets
 .text.runtime_init_rp2040_gpio_ie_disable
                0x10001630       0x14 CMakeFiles/blink.dir/C_/Users/glaugtbest/.pico-sdk/sdk/2.1.0/src/rp2_common/pico_runtime_init/runtime_init.c.obj
                0x10001630                runtime_init_rp2040_gpio_ie_disable
 .text.runtime_init_spin_locks_reset
                0x10001644        0x8 CMakeFiles/blink.dir/C_/Users/glaugtbest/.pico-sdk/sdk/2.1.0/src/rp2_common/pico_runtime_init/runtime_init.c.obj
                0x10001644                runtime_init_spin_locks_reset
 .text.runtime_init_install_ram_vector_table
                0x1000164c       0x1c CMakeFiles/blink.dir/C_/Users/glaugtbest/.pico-sdk/sdk/2.1.0/src/rp2_common/pico_runtime_init/runtime_init.c.obj
                0x1000164c                runtime_init_install_ram_vector_table
 .text.start_all_ticks
                0x10001668       0x28 CMakeFiles/blink.dir/C_/Users/glaugtbest/.pico-sdk/sdk/2.1.0/src/rp2_common/pico_runtime_init/runtime_init_clocks.c.obj
 .text.runtime_init_clocks
                0x10001690       0xcc CMakeFiles/blink.dir/C_/Users/glaugtbest/.pico-sdk/sdk/2.1.0/src/rp2_common/pico_runtime_init/runtime_init_clocks.c.obj
                0x10001690                runtime_init_clocks
 .text          0x1000175c       0x10 CMakeFiles/blink.dir/C_/Users/glaugtbest/.pico-sdk/sdk/2.1.0/src/rp2_common/pico_bit_ops/bit_ops_aeabi.S.obj
 .text.__wrap___aeabi_idiv
                0x1000176c       0x50 CMakeFiles/blink.dir/C_/Users/glaugtbest/.pico-sdk/sdk/2.1.0/src/rp2_common/pico_divider/divider_hardware.S.obj
                0x1000176c                __wrap___aeabi_idivmod
                0x1000176c                divmod_s32s32
                0x1000176c                div_s32s32
                0x1000176c                __wrap___aeabi_idiv
                0x10001774                divmod_s32s32_unsafe
                0x100017a0                divmod_s32s32_savestate
 .text.__wrap___aeabi_uidiv
                0x100017bc       0x4c CMakeFiles/blink.dir/C_/Users/glaugtbest/.pico-sdk/sdk/2.1.0/src/rp2_common/pico_divider/divider_hardware.S.obj
                0x100017bc                __wrap___aeabi_uidiv
                0x100017bc                __wrap___aeabi_uidivmod
                0x100017bc                div_u32u32
                0x100017bc                divmod_u32u32
                0x100017c4                divmod_u32u32_unsafe
                0x100017ec                divmod_u32u32_savestate
 .text.__wrap___aeabi_ldiv
                0x10001808      0x424 CMakeFiles/blink.dir/C_/Users/glaugtbest/.pico-sdk/sdk/2.1.0/src/rp2_common/pico_divider/divider_hardware.S.obj
                0x10001808                div_s64s64
                0x10001808                divmod_s64s64
                0x10001808                __wrap___aeabi_ldivmod
                0x10001838                divmod_u64u64
                0x10001838                div_u64u64
                0x10001838                __wrap___aeabi_uldivmod
                0x10001848                divmod_u64u64_savestate
                0x10001868                divmod_s64s64_unsafe
                0x100018f0                divmod_u64u64_unsafe
 .text.__wrap___aeabi_darithmetic
                0x10001c2c       0x60 CMakeFiles/blink.dir/C_/Users/glaugtbest/.pico-sdk/sdk/2.1.0/src/rp2_common/pico_double/double_aeabi_rp2040.S.obj
                0x10001c2c                __wrap___aeabi_drsub
                0x10001c32                __wrap___aeabi_dsub
                0x10001c3c                __wrap___aeabi_dadd
                0x10001c46                __wrap___aeabi_ddiv
                0x10001c7a                __wrap___aeabi_dmul
 .text.__wrap___aeabi_cdcmple
                0x10001c8c       0x6c CMakeFiles/blink.dir/C_/Users/glaugtbest/.pico-sdk/sdk/2.1.0/src/rp2_common/pico_double/double_aeabi_rp2040.S.obj
                0x10001c8c                __wrap___aeabi_cdrcmple
                0x10001c9c                __wrap___aeabi_cdcmpeq
                0x10001c9c                __wrap___aeabi_cdcmple
 .text.__wrap___aeabi_dcmplt
                0x10001cf8        0xc CMakeFiles/blink.dir/C_/Users/glaugtbest/.pico-sdk/sdk/2.1.0/src/rp2_common/pico_double/double_aeabi_rp2040.S.obj
                0x10001cf8                __wrap___aeabi_dcmplt
 .text.__wrap___aeabi_dcmple
                0x10001d04       0x10 CMakeFiles/blink.dir/C_/Users/glaugtbest/.pico-sdk/sdk/2.1.0/src/rp2_common/pico_double/double_aeabi_rp2040.S.obj
                0x10001d04                __wrap___aeabi_dcmple
 .text.__wrap___aeabi_dcmpge
                0x10001d14       0x10 CMakeFiles/blink.dir/C_/Users/glaugtbest/.pico-sdk/sdk/2.1.0/src/rp2_common/pico_double/double_aeabi_rp2040.S.obj
                0x10001d14                __wrap___aeabi_dcmpge
 .text.__wrap___aeabi_dcmpgt
                0x10001d24        0xa CMakeFiles/blink.dir/C_/Users/glaugtbest/.pico-sdk/sdk/2.1.0/src/rp2_common/pico_double/double_aeabi_rp2040.S.obj
                0x10001d24                __wrap___aeabi_dcmpgt
 .text.__wrap___aeabi_dcmpun
                0x10001d2e       0x18 CMakeFiles/blink.dir/C_/Users/glaugtbest/.pico-sdk/sdk/2.1.0/src/rp2_common/pico_double/double_aeabi_rp2040.S.obj
                0x10001d2e                __wrap___aeabi_dcmpun
 *fill*         0x10001d46        0x2 
 .text.__wrap___aeabi_i2d
                0x10001d48       0x38 CMakeFiles/blink.dir/C_/Users/glaugtbest/.pico-sdk/sdk/2.1.0/src/rp2_common/pico_double/double_aeabi_rp2040.S.obj
                0x10001d48                __wrap___aeabi_ui2d
                0x10001d50                __wrap___aeabi_i2d
 .text.__wrap___aeabi_d2iz
                0x10001d80       0x48 CMakeFiles/blink.dir/C_/Users/glaugtbest/.pico-sdk/sdk/2.1.0/src/rp2_common/pico_double/double_aeabi_rp2040.S.obj
                0x10001d80                double2int_z
                0x10001d80                __wrap___aeabi_d2iz
 .text.__wrap___aeabi_d2uiz
                0x10001dc8       0x10 CMakeFiles/blink.dir/C_/Users/glaugtbest/.pico-sdk/sdk/2.1.0/src/rp2_common/pico_double/double_aeabi_rp2040.S.obj
                0x10001dc8                __wrap___aeabi_d2uiz
                0x10001dc8                double2uint
 .text.missing_double_func_shim
                0x10001dd8        0xc CMakeFiles/blink.dir/C_/Users/glaugtbest/.pico-sdk/sdk/2.1.0/src/rp2_common/pico_double/double_init_rom_rp2040.c.obj
 .text.__aeabi_double_init
                0x10001de4       0xd0 CMakeFiles/blink.dir/C_/Users/glaugtbest/.pico-sdk/sdk/2.1.0/src/rp2_common/pico_double/double_init_rom_rp2040.c.obj
                0x10001de4                __aeabi_double_init
 .text.double_table_shim_on_use_helper
                0x10001eb4       0x34 CMakeFiles/blink.dir/C_/Users/glaugtbest/.pico-sdk/sdk/2.1.0/src/rp2_common/pico_double/double_v1_rom_shim_rp2040.S.obj
                0x10001eb4                double_table_shim_on_use_helper
 .text.missing_float_func_shim
                0x10001ee8        0xc CMakeFiles/blink.dir/C_/Users/glaugtbest/.pico-sdk/sdk/2.1.0/src/rp2_common/pico_float/float_init_rom_rp2040.c.obj
 .text.__aeabi_float_init
                0x10001ef4       0x88 CMakeFiles/blink.dir/C_/Users/glaugtbest/.pico-sdk/sdk/2.1.0/src/rp2_common/pico_float/float_init_rom_rp2040.c.obj
                0x10001ef4                __aeabi_float_init
 .text          0x10001f7c       0x10 CMakeFiles/blink.dir/C_/Users/glaugtbest/.pico-sdk/sdk/2.1.0/src/rp2_common/pico_mem_ops/mem_ops_aeabi.S.obj
                0x10001f7c                __aeabi_mem_init
 .text.memset   0x10001f8c        0xc CMakeFiles/blink.dir/C_/Users/glaugtbest/.pico-sdk/sdk/2.1.0/src/rp2_common/pico_mem_ops/mem_ops_aeabi.S.obj
                0x10001f8c                __wrap_memset
 .text.memcpy   0x10001f98        0xc CMakeFiles/blink.dir/C_/Users/glaugtbest/.pico-sdk/sdk/2.1.0/src/rp2_common/pico_mem_ops/mem_ops_aeabi.S.obj
                0x10001f98                __wrap_memcpy
                0x10001f98                __wrap___aeabi_memcpy
 .text._out_null
                0x10001fa4        0x2 CMakeFiles/blink.dir/C_/Users/glaugtbest/.pico-sdk/sdk/2.1.0/src/rp2_common/pico_printf/printf.c.obj
 .text._out_fct
                0x10001fa6        0xe CMakeFiles/blink.dir/C_/Users/glaugtbest/.pico-sdk/sdk/2.1.0/src/rp2_common/pico_printf/printf.c.obj
 .text._atoi    0x10001fb4       0x24 CMakeFiles/blink.dir/C_/Users/glaugtbest/.pico-sdk/sdk/2.1.0/src/rp2_common/pico_printf/printf.c.obj
 .text._out_rev
                0x10001fd8       0xae CMakeFiles/blink.dir/C_/Users/glaugtbest/.pico-sdk/sdk/2.1.0/src/rp2_common/pico_printf/printf.c.obj
 .text._ntoa_format
                0x10002086      0x110 CMakeFiles/blink.dir/C_/Users/glaugtbest/.pico-sdk/sdk/2.1.0/src/rp2_common/pico_printf/printf.c.obj
 .text._ntoa_long
                0x10002196       0xbc CMakeFiles/blink.dir/C_/Users/glaugtbest/.pico-sdk/sdk/2.1.0/src/rp2_common/pico_printf/printf.c.obj
 .text._ntoa_long_long
                0x10002252      0x10e CMakeFiles/blink.dir/C_/Users/glaugtbest/.pico-sdk/sdk/2.1.0/src/rp2_common/pico_printf/printf.c.obj
 .text._etoa    0x10002360      0x420 CMakeFiles/blink.dir/C_/Users/glaugtbest/.pico-sdk/sdk/2.1.0/src/rp2_common/pico_printf/printf.c.obj
 .text._ftoa    0x10002780      0x354 CMakeFiles/blink.dir/C_/Users/glaugtbest/.pico-sdk/sdk/2.1.0/src/rp2_common/pico_printf/printf.c.obj
 .text._vsnprintf
                0x10002ad4      0x668 CMakeFiles/blink.dir/C_/Users/glaugtbest/.pico-sdk/sdk/2.1.0/src/rp2_common/pico_printf/printf.c.obj
 .text.vfctprintf
                0x1000313c       0x20 CMakeFiles/blink.dir/C_/Users/glaugtbest/.pico-sdk/sdk/2.1.0/src/rp2_common/pico_printf/printf.c.obj
                0x1000313c                vfctprintf
 .text._exit    0x1000315c        0x4 CMakeFiles/blink.dir/C_/Users/glaugtbest/.pico-sdk/sdk/2.1.0/src/rp2_common/pico_clib_interface/newlib_interface.c.obj
                0x1000315c                _exit
 .text.exit     0x10003160        0x6 CMakeFiles/blink.dir/C_/Users/glaugtbest/.pico-sdk/sdk/2.1.0/src/rp2_common/pico_clib_interface/newlib_interface.c.obj
                0x10003160                exit
 *fill*         0x10003166        0x2 
 .text.__assert_func
                0x10003168       0x38 CMakeFiles/blink.dir/C_/Users/glaugtbest/.pico-sdk/sdk/2.1.0/src/rp2_common/pico_clib_interface/newlib_interface.c.obj
                0x10003168                __assert_func
 .text.runtime_init
                0x100031a0       0x28 CMakeFiles/blink.dir/C_/Users/glaugtbest/.pico-sdk/sdk/2.1.0/src/rp2_common/pico_clib_interface/newlib_interface.c.obj
                0x100031a0                runtime_init
 .text.stdio_out_chars_no_crlf
                0x100031c8        0xe CMakeFiles/blink.dir/C_/Users/glaugtbest/.pico-sdk/sdk/2.1.0/src/rp2_common/pico_stdio/stdio.c.obj
 *fill*         0x100031d6        0x2 
 .text.stdio_out_chars_crlf
                0x100031d8       0x80 CMakeFiles/blink.dir/C_/Users/glaugtbest/.pico-sdk/sdk/2.1.0/src/rp2_common/pico_stdio/stdio.c.obj
 .text.stdio_stack_buffer_flush
                0x10003258       0x44 CMakeFiles/blink.dir/C_/Users/glaugtbest/.pico-sdk/sdk/2.1.0/src/rp2_common/pico_stdio/stdio.c.obj
 .text.stdio_buffered_printer
                0x1000329c       0x20 CMakeFiles/blink.dir/C_/Users/glaugtbest/.pico-sdk/sdk/2.1.0/src/rp2_common/pico_stdio/stdio.c.obj
 .text.stdout_serialize_begin
                0x100032bc       0x30 CMakeFiles/blink.dir/C_/Users/glaugtbest/.pico-sdk/sdk/2.1.0/src/rp2_common/pico_stdio/stdio.c.obj
                0x100032bc                stdout_serialize_begin
 .text.stdout_serialize_end
                0x100032ec       0x10 CMakeFiles/blink.dir/C_/Users/glaugtbest/.pico-sdk/sdk/2.1.0/src/rp2_common/pico_stdio/stdio.c.obj
                0x100032ec                stdout_serialize_end
 .text.stdio_put_string
                0x100032fc       0x94 CMakeFiles/blink.dir/C_/Users/glaugtbest/.pico-sdk/sdk/2.1.0/src/rp2_common/pico_stdio/stdio.c.obj
                0x100032fc                stdio_put_string
 .text.stdio_set_driver_enabled
                0x10003390       0x2c CMakeFiles/blink.dir/C_/Users/glaugtbest/.pico-sdk/sdk/2.1.0/src/rp2_common/pico_stdio/stdio.c.obj
                0x10003390                stdio_set_driver_enabled
 .text.stdio_flush
                0x100033bc       0x20 CMakeFiles/blink.dir/C_/Users/glaugtbest/.pico-sdk/sdk/2.1.0/src/rp2_common/pico_stdio/stdio.c.obj
                0x100033bc                stdio_flush
 .text.stdio_init_all
                0x100033dc        0xa CMakeFiles/blink.dir/C_/Users/glaugtbest/.pico-sdk/sdk/2.1.0/src/rp2_common/pico_stdio/stdio.c.obj
                0x100033dc                stdio_init_all
 .text.__wrap_puts
                0x100033e6       0x1e CMakeFiles/blink.dir/C_/Users/glaugtbest/.pico-sdk/sdk/2.1.0/src/rp2_common/pico_stdio/stdio.c.obj
                0x100033e6                stdio_puts
                0x100033e6                __wrap_puts
 .text.__wrap_vprintf
                0x10003404       0x40 CMakeFiles/blink.dir/C_/Users/glaugtbest/.pico-sdk/sdk/2.1.0/src/rp2_common/pico_stdio/stdio.c.obj
                0x10003404                stdio_vprintf
                0x10003404                __wrap_vprintf
 .text.__wrap_printf
                0x10003444       0x18 CMakeFiles/blink.dir/C_/Users/glaugtbest/.pico-sdk/sdk/2.1.0/src/rp2_common/pico_stdio/stdio.c.obj
                0x10003444                __wrap_printf
                0x10003444                stdio_printf
 .text.uart_putc
                0x1000345c       0x60 CMakeFiles/blink.dir/C_/Users/glaugtbest/.pico-sdk/sdk/2.1.0/src/rp2_common/pico_stdio_uart/stdio_uart.c.obj
 .text.uart_getc
                0x100034bc       0x24 CMakeFiles/blink.dir/C_/Users/glaugtbest/.pico-sdk/sdk/2.1.0/src/rp2_common/pico_stdio_uart/stdio_uart.c.obj
 .text.stdio_uart_out_chars
                0x100034e0       0x20 CMakeFiles/blink.dir/C_/Users/glaugtbest/.pico-sdk/sdk/2.1.0/src/rp2_common/pico_stdio_uart/stdio_uart.c.obj
 .text.stdio_uart_in_chars
                0x10003500       0x5c CMakeFiles/blink.dir/C_/Users/glaugtbest/.pico-sdk/sdk/2.1.0/src/rp2_common/pico_stdio_uart/stdio_uart.c.obj
                0x10003500                stdio_uart_in_chars
 .text.on_uart_rx
                0x1000355c       0x28 CMakeFiles/blink.dir/C_/Users/glaugtbest/.pico-sdk/sdk/2.1.0/src/rp2_common/pico_stdio_uart/stdio_uart.c.obj
 .text.stdio_uart_out_flush
                0x10003584       0x10 CMakeFiles/blink.dir/C_/Users/glaugtbest/.pico-sdk/sdk/2.1.0/src/rp2_common/pico_stdio_uart/stdio_uart.c.obj
 .text.stdio_uart_set_chars_available_callback
                0x10003594       0x90 CMakeFiles/blink.dir/C_/Users/glaugtbest/.pico-sdk/sdk/2.1.0/src/rp2_common/pico_stdio_uart/stdio_uart.c.obj
 .text.stdio_uart_init_full
                0x10003624       0x44 CMakeFiles/blink.dir/C_/Users/glaugtbest/.pico-sdk/sdk/2.1.0/src/rp2_common/pico_stdio_uart/stdio_uart.c.obj
                0x10003624                stdio_uart_init_full
 .text.stdio_uart_init
                0x10003668       0x30 CMakeFiles/blink.dir/C_/Users/glaugtbest/.pico-sdk/sdk/2.1.0/src/rp2_common/pico_stdio_uart/stdio_uart.c.obj
                0x10003668                stdio_uart_init
 .text.vPortSVCHandler
                0x10003698        0x2 CMakeFiles/blink.dir/C_/Users/glaugtbest/FreeRTOS-LTS/FreeRTOS/FreeRTOS-Kernel/portable/ThirdParty/GCC/RP2040/port.c.obj
                0x10003698                vPortSVCHandler
 *fill*         0x1000369a        0x6 
 .text.vPortStartFirstTask
                0x100036a0       0x34 CMakeFiles/blink.dir/C_/Users/glaugtbest/FreeRTOS-LTS/FreeRTOS/FreeRTOS-Kernel/portable/ThirdParty/GCC/RP2040/port.c.obj
 *fill*         0x100036d4        0xc 
 .text.xPortPendSVHandler
                0x100036e0       0x64 CMakeFiles/blink.dir/C_/Users/glaugtbest/FreeRTOS-LTS/FreeRTOS/FreeRTOS-Kernel/portable/ThirdParty/GCC/RP2040/port.c.obj
                0x100036e0                xPortPendSVHandler
 .text.prvTaskExitError
                0x10003744        0x6 CMakeFiles/blink.dir/C_/Users/glaugtbest/FreeRTOS-LTS/FreeRTOS/FreeRTOS-Kernel/portable/ThirdParty/GCC/RP2040/port.c.obj
 *fill*         0x1000374a        0x2 
 .text.prvFIFOInterruptHandler
                0x1000374c       0x78 CMakeFiles/blink.dir/C_/Users/glaugtbest/FreeRTOS-LTS/FreeRTOS/FreeRTOS-Kernel/portable/ThirdParty/GCC/RP2040/port.c.obj
 .text.prvGetTicksToWaitBefore
                0x100037c4       0x40 CMakeFiles/blink.dir/C_/Users/glaugtbest/FreeRTOS-LTS/FreeRTOS/FreeRTOS-Kernel/portable/ThirdParty/GCC/RP2040/port.c.obj
 .text.pxPortInitialiseStack
                0x10003804       0x24 CMakeFiles/blink.dir/C_/Users/glaugtbest/FreeRTOS-LTS/FreeRTOS/FreeRTOS-Kernel/portable/ThirdParty/GCC/RP2040/port.c.obj
                0x10003804                pxPortInitialiseStack
 .text.vPortYield
                0x10003828       0x40 CMakeFiles/blink.dir/C_/Users/glaugtbest/FreeRTOS-LTS/FreeRTOS/FreeRTOS-Kernel/portable/ThirdParty/GCC/RP2040/port.c.obj
                0x10003828                vPortYield
 .text.vPortEnterCritical
                0x10003868       0x18 CMakeFiles/blink.dir/C_/Users/glaugtbest/FreeRTOS-LTS/FreeRTOS/FreeRTOS-Kernel/portable/ThirdParty/GCC/RP2040/port.c.obj
                0x10003868                vPortEnterCritical
 .text.vPortEnableInterrupts
                0x10003880       0x28 CMakeFiles/blink.dir/C_/Users/glaugtbest/FreeRTOS-LTS/FreeRTOS/FreeRTOS-Kernel/portable/ThirdParty/GCC/RP2040/port.c.obj
                0x10003880                vPortEnableInterrupts
 .text.vPortExitCritical
                0x100038a8       0x3c CMakeFiles/blink.dir/C_/Users/glaugtbest/FreeRTOS-LTS/FreeRTOS/FreeRTOS-Kernel/portable/ThirdParty/GCC/RP2040/port.c.obj
                0x100038a8                vPortExitCritical
 .text.ulSetInterruptMaskFromISR
                0x100038e4        0x8 CMakeFiles/blink.dir/C_/Users/glaugtbest/FreeRTOS-LTS/FreeRTOS/FreeRTOS-Kernel/portable/ThirdParty/GCC/RP2040/port.c.obj
                0x100038e4                ulSetInterruptMaskFromISR
 .text.vClearInterruptMaskFromISR
                0x100038ec        0x6 CMakeFiles/blink.dir/C_/Users/glaugtbest/FreeRTOS-LTS/FreeRTOS/FreeRTOS-Kernel/portable/ThirdParty/GCC/RP2040/port.c.obj
                0x100038ec                vClearInterruptMaskFromISR
 *fill*         0x100038f2        0x2 
 .text.xPortSysTickHandler
                0x100038f4       0x24 CMakeFiles/blink.dir/C_/Users/glaugtbest/FreeRTOS-LTS/FreeRTOS/FreeRTOS-Kernel/portable/ThirdParty/GCC/RP2040/port.c.obj
                0x100038f4                xPortSysTickHandler
 .text.vPortSetupTimerInterrupt
                0x10003918       0x34 CMakeFiles/blink.dir/C_/Users/glaugtbest/FreeRTOS-LTS/FreeRTOS/FreeRTOS-Kernel/portable/ThirdParty/GCC/RP2040/port.c.obj
                0x10003918                vPortSetupTimerInterrupt
 .text.xPortStartScheduler
                0x1000394c       0x9c CMakeFiles/blink.dir/C_/Users/glaugtbest/FreeRTOS-LTS/FreeRTOS/FreeRTOS-Kernel/portable/ThirdParty/GCC/RP2040/port.c.obj
                0x1000394c                xPortStartScheduler
 .text.ulPortLockGetCurrentOwnerId
                0x100039e8       0x2c CMakeFiles/blink.dir/C_/Users/glaugtbest/FreeRTOS-LTS/FreeRTOS/FreeRTOS-Kernel/portable/ThirdParty/GCC/RP2040/port.c.obj
                0x100039e8                ulPortLockGetCurrentOwnerId
 .text.vPortLockInternalSpinUnlockWithNotify
                0x10003a14       0xd0 CMakeFiles/blink.dir/C_/Users/glaugtbest/FreeRTOS-LTS/FreeRTOS/FreeRTOS-Kernel/portable/ThirdParty/GCC/RP2040/port.c.obj
                0x10003a14                vPortLockInternalSpinUnlockWithNotify
 .text.xPortLockInternalSpinUnlockWithBestEffortWaitOrTimeout
                0x10003ae4      0x110 CMakeFiles/blink.dir/C_/Users/glaugtbest/FreeRTOS-LTS/FreeRTOS/FreeRTOS-Kernel/portable/ThirdParty/GCC/RP2040/port.c.obj
                0x10003ae4                xPortLockInternalSpinUnlockWithBestEffortWaitOrTimeout
 .text.prvRuntimeInitializer
                0x10003bf4       0x28 CMakeFiles/blink.dir/C_/Users/glaugtbest/FreeRTOS-LTS/FreeRTOS/FreeRTOS-Kernel/portable/ThirdParty/GCC/RP2040/port.c.obj
 .text.prvTestWaitCondition
                0x10003c1c       0x1e CMakeFiles/blink.dir/C_/Users/glaugtbest/FreeRTOS-LTS/FreeRTOS/FreeRTOS-Kernel/event_groups.c.obj
 .text.xEventGroupCreate
                0x10003c3a       0x18 CMakeFiles/blink.dir/C_/Users/glaugtbest/FreeRTOS-LTS/FreeRTOS/FreeRTOS-Kernel/event_groups.c.obj
                0x10003c3a                xEventGroupCreate
 *fill*         0x10003c52        0x2 
 .text.xEventGroupWaitBits
                0x10003c54      0x120 CMakeFiles/blink.dir/C_/Users/glaugtbest/FreeRTOS-LTS/FreeRTOS/FreeRTOS-Kernel/event_groups.c.obj
                0x10003c54                xEventGroupWaitBits
 .text.xEventGroupSetBits
                0x10003d74       0x9c CMakeFiles/blink.dir/C_/Users/glaugtbest/FreeRTOS-LTS/FreeRTOS/FreeRTOS-Kernel/event_groups.c.obj
                0x10003d74                xEventGroupSetBits
 .text.vEventGroupSetBitsCallback
                0x10003e10        0x8 CMakeFiles/blink.dir/C_/Users/glaugtbest/FreeRTOS-LTS/FreeRTOS/FreeRTOS-Kernel/event_groups.c.obj
                0x10003e10                vEventGroupSetBitsCallback
 .text.xEventGroupSetBitsFromISR
                0x10003e18       0x18 CMakeFiles/blink.dir/C_/Users/glaugtbest/FreeRTOS-LTS/FreeRTOS/FreeRTOS-Kernel/event_groups.c.obj
                0x10003e18                xEventGroupSetBitsFromISR
 .text.vListInitialise
                0x10003e30       0x16 CMakeFiles/blink.dir/C_/Users/glaugtbest/FreeRTOS-LTS/FreeRTOS/FreeRTOS-Kernel/list.c.obj
                0x10003e30                vListInitialise
 .text.vListInitialiseItem
                0x10003e46        0x6 CMakeFiles/blink.dir/C_/Users/glaugtbest/FreeRTOS-LTS/FreeRTOS/FreeRTOS-Kernel/list.c.obj
                0x10003e46                vListInitialiseItem
 .text.vListInsert
                0x10003e4c       0x2e CMakeFiles/blink.dir/C_/Users/glaugtbest/FreeRTOS-LTS/FreeRTOS/FreeRTOS-Kernel/list.c.obj
                0x10003e4c                vListInsert
 .text.uxListRemove
                0x10003e7a       0x24 CMakeFiles/blink.dir/C_/Users/glaugtbest/FreeRTOS-LTS/FreeRTOS/FreeRTOS-Kernel/list.c.obj
                0x10003e7a                uxListRemove
 .text.prvIsQueueEmpty
                0x10003e9e       0x1c CMakeFiles/blink.dir/C_/Users/glaugtbest/FreeRTOS-LTS/FreeRTOS/FreeRTOS-Kernel/queue.c.obj
 .text.prvCopyDataToQueue
                0x10003eba       0x7e CMakeFiles/blink.dir/C_/Users/glaugtbest/FreeRTOS-LTS/FreeRTOS/FreeRTOS-Kernel/queue.c.obj
 .text.prvCopyDataFromQueue
                0x10003f38       0x24 CMakeFiles/blink.dir/C_/Users/glaugtbest/FreeRTOS-LTS/FreeRTOS/FreeRTOS-Kernel/queue.c.obj
 .text.prvNotifyQueueSetContainer
                0x10003f5c       0xa8 CMakeFiles/blink.dir/C_/Users/glaugtbest/FreeRTOS-LTS/FreeRTOS/FreeRTOS-Kernel/queue.c.obj
 .text.prvUnlockQueue
                0x10004004       0x88 CMakeFiles/blink.dir/C_/Users/glaugtbest/FreeRTOS-LTS/FreeRTOS/FreeRTOS-Kernel/queue.c.obj
 .text.xQueueGenericReset
                0x1000408c       0xd8 CMakeFiles/blink.dir/C_/Users/glaugtbest/FreeRTOS-LTS/FreeRTOS/FreeRTOS-Kernel/queue.c.obj
                0x1000408c                xQueueGenericReset
 .text.prvInitialiseNewQueue
                0x10004164       0x26 CMakeFiles/blink.dir/C_/Users/glaugtbest/FreeRTOS-LTS/FreeRTOS/FreeRTOS-Kernel/queue.c.obj
 *fill*         0x1000418a        0x2 
 .text.xQueueGenericCreate
                0x1000418c       0x90 CMakeFiles/blink.dir/C_/Users/glaugtbest/FreeRTOS-LTS/FreeRTOS/FreeRTOS-Kernel/queue.c.obj
                0x1000418c                xQueueGenericCreate
 .text.xQueueGenericSendFromISR
                0x1000421c      0x13c CMakeFiles/blink.dir/C_/Users/glaugtbest/FreeRTOS-LTS/FreeRTOS/FreeRTOS-Kernel/queue.c.obj
                0x1000421c                xQueueGenericSendFromISR
 .text.xQueueReceive
                0x10004358      0x150 CMakeFiles/blink.dir/C_/Users/glaugtbest/FreeRTOS-LTS/FreeRTOS/FreeRTOS-Kernel/queue.c.obj
                0x10004358                xQueueReceive
 .text.vQueueAddToRegistry
                0x100044a8       0x68 CMakeFiles/blink.dir/C_/Users/glaugtbest/FreeRTOS-LTS/FreeRTOS/FreeRTOS-Kernel/queue.c.obj
                0x100044a8                vQueueAddToRegistry
 .text.vQueueWaitForMessageRestricted
                0x10004510       0x50 CMakeFiles/blink.dir/C_/Users/glaugtbest/FreeRTOS-LTS/FreeRTOS/FreeRTOS-Kernel/queue.c.obj
                0x10004510                vQueueWaitForMessageRestricted
 .text.prvResetNextTaskUnblockTime
                0x10004560       0x2c CMakeFiles/blink.dir/C_/Users/glaugtbest/FreeRTOS-LTS/FreeRTOS/FreeRTOS-Kernel/tasks.c.obj
 .text.prvDeleteTCB
                0x1000458c       0x12 CMakeFiles/blink.dir/C_/Users/glaugtbest/FreeRTOS-LTS/FreeRTOS/FreeRTOS-Kernel/tasks.c.obj
 *fill*         0x1000459e        0x2 
 .text.prvInitialiseNewTask
                0x100045a0       0xb0 CMakeFiles/blink.dir/C_/Users/glaugtbest/FreeRTOS-LTS/FreeRTOS/FreeRTOS-Kernel/tasks.c.obj
 .text.prvCreateTask
                0x10004650       0x56 CMakeFiles/blink.dir/C_/Users/glaugtbest/FreeRTOS-LTS/FreeRTOS/FreeRTOS-Kernel/tasks.c.obj
 *fill*         0x100046a6        0x2 
 .text.prvInitialiseTaskLists
                0x100046a8       0x68 CMakeFiles/blink.dir/C_/Users/glaugtbest/FreeRTOS-LTS/FreeRTOS/FreeRTOS-Kernel/tasks.c.obj
 .text.prvAddNewTaskToReadyList
                0x10004710       0xc4 CMakeFiles/blink.dir/C_/Users/glaugtbest/FreeRTOS-LTS/FreeRTOS/FreeRTOS-Kernel/tasks.c.obj
 .text.prvCheckTasksWaitingTermination
                0x100047d4       0x44 CMakeFiles/blink.dir/C_/Users/glaugtbest/FreeRTOS-LTS/FreeRTOS/FreeRTOS-Kernel/tasks.c.obj
 .text.prvIdleTask
                0x10004818       0x18 CMakeFiles/blink.dir/C_/Users/glaugtbest/FreeRTOS-LTS/FreeRTOS/FreeRTOS-Kernel/tasks.c.obj
 .text.prvAddCurrentTaskToDelayedList
                0x10004830       0xa8 CMakeFiles/blink.dir/C_/Users/glaugtbest/FreeRTOS-LTS/FreeRTOS/FreeRTOS-Kernel/tasks.c.obj
 .text.xTaskCreate
                0x100048d8       0x24 CMakeFiles/blink.dir/C_/Users/glaugtbest/FreeRTOS-LTS/FreeRTOS/FreeRTOS-Kernel/tasks.c.obj
                0x100048d8                xTaskCreate
 .text.prvCreateIdleTasks
                0x100048fc       0x54 CMakeFiles/blink.dir/C_/Users/glaugtbest/FreeRTOS-LTS/FreeRTOS/FreeRTOS-Kernel/tasks.c.obj
 .text.vTaskStartScheduler
                0x10004950       0x64 CMakeFiles/blink.dir/C_/Users/glaugtbest/FreeRTOS-LTS/FreeRTOS/FreeRTOS-Kernel/tasks.c.obj
                0x10004950                vTaskStartScheduler
 .text.vTaskSuspendAll
                0x100049b4       0x10 CMakeFiles/blink.dir/C_/Users/glaugtbest/FreeRTOS-LTS/FreeRTOS/FreeRTOS-Kernel/tasks.c.obj
                0x100049b4                vTaskSuspendAll
 .text.xTaskGetTickCount
                0x100049c4        0xc CMakeFiles/blink.dir/C_/Users/glaugtbest/FreeRTOS-LTS/FreeRTOS/FreeRTOS-Kernel/tasks.c.obj
                0x100049c4                xTaskGetTickCount
 .text.uxTaskGetNumberOfTasks
                0x100049d0        0xc CMakeFiles/blink.dir/C_/Users/glaugtbest/FreeRTOS-LTS/FreeRTOS/FreeRTOS-Kernel/tasks.c.obj
                0x100049d0                uxTaskGetNumberOfTasks
 .text.xTaskIncrementTick
                0x100049dc      0x17c CMakeFiles/blink.dir/C_/Users/glaugtbest/FreeRTOS-LTS/FreeRTOS/FreeRTOS-Kernel/tasks.c.obj
                0x100049dc                xTaskIncrementTick
 .text.xTaskResumeAll
                0x10004b58      0x160 CMakeFiles/blink.dir/C_/Users/glaugtbest/FreeRTOS-LTS/FreeRTOS/FreeRTOS-Kernel/tasks.c.obj
                0x10004b58                xTaskResumeAll
 .text.vTaskDelay
                0x10004cb8       0x48 CMakeFiles/blink.dir/C_/Users/glaugtbest/FreeRTOS-LTS/FreeRTOS/FreeRTOS-Kernel/tasks.c.obj
                0x10004cb8                vTaskDelay
 .text.vTaskSwitchContext
                0x10004d00       0xa8 CMakeFiles/blink.dir/C_/Users/glaugtbest/FreeRTOS-LTS/FreeRTOS/FreeRTOS-Kernel/tasks.c.obj
                0x10004d00                vTaskSwitchContext
 .text.vTaskPlaceOnEventList
                0x10004da8       0x3c CMakeFiles/blink.dir/C_/Users/glaugtbest/FreeRTOS-LTS/FreeRTOS/FreeRTOS-Kernel/tasks.c.obj
                0x10004da8                vTaskPlaceOnEventList
 .text.vTaskPlaceOnUnorderedEventList
                0x10004de4       0x80 CMakeFiles/blink.dir/C_/Users/glaugtbest/FreeRTOS-LTS/FreeRTOS/FreeRTOS-Kernel/tasks.c.obj
                0x10004de4                vTaskPlaceOnUnorderedEventList
 .text.vTaskPlaceOnEventListRestricted
                0x10004e64       0x60 CMakeFiles/blink.dir/C_/Users/glaugtbest/FreeRTOS-LTS/FreeRTOS/FreeRTOS-Kernel/tasks.c.obj
                0x10004e64                vTaskPlaceOnEventListRestricted
 .text.xTaskRemoveFromEventList
                0x10004ec4      0x100 CMakeFiles/blink.dir/C_/Users/glaugtbest/FreeRTOS-LTS/FreeRTOS/FreeRTOS-Kernel/tasks.c.obj
                0x10004ec4                xTaskRemoveFromEventList
 .text.vTaskRemoveFromUnorderedEventList
                0x10004fc4       0xf4 CMakeFiles/blink.dir/C_/Users/glaugtbest/FreeRTOS-LTS/FreeRTOS/FreeRTOS-Kernel/tasks.c.obj
                0x10004fc4                vTaskRemoveFromUnorderedEventList
 .text.vTaskInternalSetTimeOutState
                0x100050b8       0x18 CMakeFiles/blink.dir/C_/Users/glaugtbest/FreeRTOS-LTS/FreeRTOS/FreeRTOS-Kernel/tasks.c.obj
                0x100050b8                vTaskInternalSetTimeOutState
 .text.xTaskCheckForTimeOut
                0x100050d0       0xb4 CMakeFiles/blink.dir/C_/Users/glaugtbest/FreeRTOS-LTS/FreeRTOS/FreeRTOS-Kernel/tasks.c.obj
                0x100050d0                xTaskCheckForTimeOut
 .text.vTaskMissedYield
                0x10005184        0xc CMakeFiles/blink.dir/C_/Users/glaugtbest/FreeRTOS-LTS/FreeRTOS/FreeRTOS-Kernel/tasks.c.obj
                0x10005184                vTaskMissedYield
 .text.xTaskGetCurrentTaskHandle
                0x10005190        0xc CMakeFiles/blink.dir/C_/Users/glaugtbest/FreeRTOS-LTS/FreeRTOS/FreeRTOS-Kernel/tasks.c.obj
                0x10005190                xTaskGetCurrentTaskHandle
 .text.xTaskGetSchedulerState
                0x1000519c       0x24 CMakeFiles/blink.dir/C_/Users/glaugtbest/FreeRTOS-LTS/FreeRTOS/FreeRTOS-Kernel/tasks.c.obj
                0x1000519c                xTaskGetSchedulerState
 .text.xTaskPriorityDisinherit
                0x100051c0       0xc0 CMakeFiles/blink.dir/C_/Users/glaugtbest/FreeRTOS-LTS/FreeRTOS/FreeRTOS-Kernel/tasks.c.obj
                0x100051c0                xTaskPriorityDisinherit
 .text.uxTaskResetEventItemValue
                0x10005280       0x18 CMakeFiles/blink.dir/C_/Users/glaugtbest/FreeRTOS-LTS/FreeRTOS/FreeRTOS-Kernel/tasks.c.obj
                0x10005280                uxTaskResetEventItemValue
 .text.prvGetNextExpireTime
                0x10005298       0x24 CMakeFiles/blink.dir/C_/Users/glaugtbest/FreeRTOS-LTS/FreeRTOS/FreeRTOS-Kernel/timers.c.obj
 .text.prvInsertTimerInActiveList
                0x100052bc       0x48 CMakeFiles/blink.dir/C_/Users/glaugtbest/FreeRTOS-LTS/FreeRTOS/FreeRTOS-Kernel/timers.c.obj
 .text.prvReloadTimer
                0x10005304       0x28 CMakeFiles/blink.dir/C_/Users/glaugtbest/FreeRTOS-LTS/FreeRTOS/FreeRTOS-Kernel/timers.c.obj
 .text.prvProcessExpiredTimer
                0x1000532c       0x3c CMakeFiles/blink.dir/C_/Users/glaugtbest/FreeRTOS-LTS/FreeRTOS/FreeRTOS-Kernel/timers.c.obj
 .text.prvSwitchTimerLists
                0x10005368       0x30 CMakeFiles/blink.dir/C_/Users/glaugtbest/FreeRTOS-LTS/FreeRTOS/FreeRTOS-Kernel/timers.c.obj
 .text.prvSampleTimeNow
                0x10005398       0x2c CMakeFiles/blink.dir/C_/Users/glaugtbest/FreeRTOS-LTS/FreeRTOS/FreeRTOS-Kernel/timers.c.obj
 .text.prvProcessTimerOrBlockTask
                0x100053c4       0x70 CMakeFiles/blink.dir/C_/Users/glaugtbest/FreeRTOS-LTS/FreeRTOS/FreeRTOS-Kernel/timers.c.obj
 .text.prvProcessReceivedCommands
                0x10005434      0x10c CMakeFiles/blink.dir/C_/Users/glaugtbest/FreeRTOS-LTS/FreeRTOS/FreeRTOS-Kernel/timers.c.obj
 .text.prvTimerTask
                0x10005540       0x16 CMakeFiles/blink.dir/C_/Users/glaugtbest/FreeRTOS-LTS/FreeRTOS/FreeRTOS-Kernel/timers.c.obj
 *fill*         0x10005556        0x2 
 .text.prvCheckForValidListAndQueue
                0x10005558       0x60 CMakeFiles/blink.dir/C_/Users/glaugtbest/FreeRTOS-LTS/FreeRTOS/FreeRTOS-Kernel/timers.c.obj
 .text.xTimerCreateTimerTask
                0x100055b8       0x58 CMakeFiles/blink.dir/C_/Users/glaugtbest/FreeRTOS-LTS/FreeRTOS/FreeRTOS-Kernel/timers.c.obj
                0x100055b8                xTimerCreateTimerTask
 .text.xTimerPendFunctionCallFromISR
                0x10005610       0x28 CMakeFiles/blink.dir/C_/Users/glaugtbest/FreeRTOS-LTS/FreeRTOS/FreeRTOS-Kernel/timers.c.obj
                0x10005610                xTimerPendFunctionCallFromISR
 .text.exception_is_compile_time_default
                0x10005638       0x20 CMakeFiles/blink.dir/C_/Users/glaugtbest/.pico-sdk/sdk/2.1.0/src/rp2_common/hardware_exception/exception.c.obj
 .text.set_raw_exception_handler_and_restore_interrupts
                0x10005658       0x18 CMakeFiles/blink.dir/C_/Users/glaugtbest/.pico-sdk/sdk/2.1.0/src/rp2_common/hardware_exception/exception.c.obj
 .text.exception_get_vtable_handler
                0x10005670       0x10 CMakeFiles/blink.dir/C_/Users/glaugtbest/.pico-sdk/sdk/2.1.0/src/rp2_common/hardware_exception/exception.c.obj
                0x10005670                exception_get_vtable_handler
 .text.exception_set_exclusive_handler
                0x10005680       0x44 CMakeFiles/blink.dir/C_/Users/glaugtbest/.pico-sdk/sdk/2.1.0/src/rp2_common/hardware_exception/exception.c.obj
                0x10005680                exception_set_exclusive_handler
 .text.prvHeapInit
                0x100056c4       0x58 CMakeFiles/blink.dir/C_/Users/glaugtbest/FreeRTOS-LTS/FreeRTOS/FreeRTOS-Kernel/portable/MemMang/heap_4.c.obj
 .text.prvInsertBlockIntoFreeList
                0x1000571c       0x88 CMakeFiles/blink.dir/C_/Users/glaugtbest/FreeRTOS-LTS/FreeRTOS/FreeRTOS-Kernel/portable/MemMang/heap_4.c.obj
 .text.pvPortMalloc
                0x100057a4      0x188 CMakeFiles/blink.dir/C_/Users/glaugtbest/FreeRTOS-LTS/FreeRTOS/FreeRTOS-Kernel/portable/MemMang/heap_4.c.obj
                0x100057a4                pvPortMalloc
 .text.vPortFree
                0x1000592c       0xa4 CMakeFiles/blink.dir/C_/Users/glaugtbest/FreeRTOS-LTS/FreeRTOS/FreeRTOS-Kernel/portable/MemMang/heap_4.c.obj
                0x1000592c                vPortFree
 .text._retrieve_unique_id_on_boot
                0x100059d0       0x10 CMakeFiles/blink.dir/C_/Users/glaugtbest/.pico-sdk/sdk/2.1.0/src/rp2_common/pico_unique_id/unique_id.c.obj
 .text.flash_get_unique_id
                0x100059e0       0x40 CMakeFiles/blink.dir/C_/Users/glaugtbest/.pico-sdk/sdk/2.1.0/src/rp2_common/hardware_flash/flash.c.obj
                0x100059e0                flash_get_unique_id
 .text.strlen   0x10005a20       0x5c C:/Users/glaugtbest/.pico-sdk/toolchain/13_3_Rel1/bin/../lib/gcc/arm-none-eabi/13.3.1/thumb/v6-m/nofp\libg.a(libc_a-strlen-stub.o)
                0x10005a20                strlen
 *(.fini)
 .fini          0x10005a7c        0x4 C:/Users/glaugtbest/.pico-sdk/toolchain/13_3_Rel1/bin/../lib/gcc/arm-none-eabi/13.3.1/thumb/v6-m/nofp/crti.o
                0x10005a7c                _fini
 .fini.__stub   0x10005a80       0x50 linker stubs
 *crtbegin.o(.ctors)
 *crtbegin?.o(.ctors)
 *(EXCLUDE_FILE(*crtend.o *crtend?.o) .ctors)
 *(SORT_BY_NAME(.ctors.*))
 *(.ctors)
 *crtbegin.o(.dtors)
 *crtbegin?.o(.dtors)
 *(EXCLUDE_FILE(*crtend.o *crtend?.o) .dtors)
 *(SORT_BY_NAME(.dtors.*))
 *(.dtors)
                0x10005ad0                        . = ALIGN (0x4)
                0x10005ad0                        PROVIDE (__preinit_array_start = .)
 *(SORT_BY_NAME(.preinit_array.*))
 .preinit_array.00100
                0x10005ad0        0x4 CMakeFiles/blink.dir/C_/Users/glaugtbest/.pico-sdk/sdk/2.1.0/src/rp2_common/pico_runtime_init/runtime_init.c.obj
                0x10005ad0                __pre_init_runtime_init_early_resets
 .preinit_array.00101
                0x10005ad4        0x4 CMakeFiles/blink.dir/C_/Users/glaugtbest/.pico-sdk/sdk/2.1.0/src/rp2_common/pico_runtime_init/runtime_init.c.obj
                0x10005ad4                __pre_init_runtime_init_usb_power_down
 .preinit_array.00275
                0x10005ad8        0x4 CMakeFiles/blink.dir/C_/Users/glaugtbest/.pico-sdk/sdk/2.1.0/src/rp2_common/pico_bit_ops/bit_ops_aeabi.S.obj
 .preinit_array.00300
                0x10005adc        0x4 CMakeFiles/blink.dir/C_/Users/glaugtbest/.pico-sdk/sdk/2.1.0/src/rp2_common/pico_mem_ops/mem_ops_aeabi.S.obj
 .preinit_array.00350
                0x10005ae0        0x4 CMakeFiles/blink.dir/C_/Users/glaugtbest/.pico-sdk/sdk/2.1.0/src/rp2_common/pico_double/double_aeabi_rp2040.S.obj
 .preinit_array.00350
                0x10005ae4        0x4 CMakeFiles/blink.dir/C_/Users/glaugtbest/.pico-sdk/sdk/2.1.0/src/rp2_common/pico_float/float_aeabi_rp2040.S.obj
 .preinit_array.00500
                0x10005ae8        0x4 CMakeFiles/blink.dir/C_/Users/glaugtbest/.pico-sdk/sdk/2.1.0/src/rp2_common/pico_runtime_init/runtime_init.c.obj
                0x10005ae8                __pre_init_runtime_init_clocks
 .preinit_array.00600
                0x10005aec        0x4 CMakeFiles/blink.dir/C_/Users/glaugtbest/.pico-sdk/sdk/2.1.0/src/rp2_common/pico_runtime_init/runtime_init.c.obj
                0x10005aec                __pre_init_runtime_init_post_clock_resets
 .preinit_array.00700
                0x10005af0        0x4 CMakeFiles/blink.dir/C_/Users/glaugtbest/.pico-sdk/sdk/2.1.0/src/rp2_common/pico_runtime_init/runtime_init.c.obj
                0x10005af0                __pre_init_runtime_init_rp2040_gpio_ie_disable
 .preinit_array.01000
                0x10005af4        0x4 CMakeFiles/blink.dir/C_/Users/glaugtbest/.pico-sdk/sdk/2.1.0/src/rp2_common/pico_runtime_init/runtime_init.c.obj
                0x10005af4                __pre_init_runtime_init_spin_locks_reset
 .preinit_array.01100
                0x10005af8        0x4 CMakeFiles/blink.dir/C_/Users/glaugtbest/.pico-sdk/sdk/2.1.0/src/common/pico_sync/mutex.c.obj
                0x10005af8                __pre_init_runtime_init_mutex
 .preinit_array.10080
                0x10005afc        0x4 CMakeFiles/blink.dir/C_/Users/glaugtbest/.pico-sdk/sdk/2.1.0/src/rp2_common/pico_runtime_init/runtime_init.c.obj
                0x10005afc                __pre_init_runtime_init_install_ram_vector_table
 .preinit_array.11000
                0x10005b00        0x4 CMakeFiles/blink.dir/C_/Users/glaugtbest/.pico-sdk/sdk/2.1.0/src/common/pico_time/time.c.obj
                0x10005b00                __pre_init_runtime_init_default_alarm_pool
 .preinit_array.YYYYY
                0x10005b04        0x4 CMakeFiles/blink.dir/C_/Users/glaugtbest/.pico-sdk/sdk/2.1.0/src/rp2_common/pico_runtime/runtime.c.obj
                0x10005b04                __pre_init_first_per_core_initializer
 .preinit_array.ZZZZZ.01200
                0x10005b08        0x4 CMakeFiles/blink.dir/C_/Users/glaugtbest/.pico-sdk/sdk/2.1.0/src/rp2_common/hardware_irq/irq.c.obj
                0x10005b08                __pre_init_runtime_init_per_core_irq_priorities
 *(.preinit_array)
                0x10005b0c                        PROVIDE (__preinit_array_end = .)
                0x10005b0c                        . = ALIGN (0x4)
                0x10005b0c                        PROVIDE (__init_array_start = .)
 *(SORT_BY_NAME(.init_array.*))
 *(.init_array)
 .init_array    0x10005b0c        0x4 C:/Users/glaugtbest/.pico-sdk/toolchain/13_3_Rel1/bin/../lib/gcc/arm-none-eabi/13.3.1/thumb/v6-m/nofp/crtbegin.o
 .init_array    0x10005b10        0x4 CMakeFiles/blink.dir/C_/Users/glaugtbest/FreeRTOS-LTS/FreeRTOS/FreeRTOS-Kernel/portable/ThirdParty/GCC/RP2040/port.c.obj
 .init_array    0x10005b14        0x4 CMakeFiles/blink.dir/C_/Users/glaugtbest/.pico-sdk/sdk/2.1.0/src/rp2_common/pico_unique_id/unique_id.c.obj
                0x10005b18                        PROVIDE (__init_array_end = .)
                0x10005b18                        . = ALIGN (0x4)
                [!provide]                        PROVIDE (__fini_array_start = .)
 *(SORT_BY_NAME(.fini_array.*))
 *(.fini_array)
                [!provide]                        PROVIDE (__fini_array_end = .)
 *(.eh_frame*)
 .eh_frame      0x10005b18        0x0 C:/Users/glaugtbest/.pico-sdk/toolchain/13_3_Rel1/bin/../lib/gcc/arm-none-eabi/13.3.1/thumb/v6-m/nofp/crtbegin.o
                0x10005b18                        . = ALIGN (0x4)

.glue_7         0x10005b18        0x0
 .glue_7        0x10005b18        0x0 linker stubs

.glue_7t        0x10005b18        0x0
 .glue_7t       0x10005b18        0x0 linker stubs

.vfp11_veneer   0x10005b18        0x0
 .vfp11_veneer  0x10005b18        0x0 linker stubs

.v4_bx          0x10005b18        0x0
 .v4_bx         0x10005b18        0x0 linker stubs

.iplt           0x10005b18        0x0
 .iplt          0x10005b18        0x0 C:/Users/glaugtbest/.pico-sdk/toolchain/13_3_Rel1/bin/../lib/gcc/arm-none-eabi/13.3.1/thumb/v6-m/nofp/crtbegin.o

.rodata         0x10005b18     0x192c
 *(EXCLUDE_FILE(*libm.a: *libc.a:*lib_a-mem*.o *libgcc.a:) .rodata*)
 .rodata.main.str1.4
                0x10005b18     0x12ad CMakeFiles/blink.dir/blink.c.obj
                                 0x15 (size before relaxing)
 .rodata.panic.str1.4
                0x10006dc5       0x12 CMakeFiles/blink.dir/C_/Users/glaugtbest/.pico-sdk/sdk/2.1.0/src/rp2_common/pico_platform_panic/panic.c.obj
 .rodata.panic_unsupported.str1.4
                0x10006dc5        0xe CMakeFiles/blink.dir/C_/Users/glaugtbest/.pico-sdk/sdk/2.1.0/src/rp2_common/pico_platform_panic/panic.c.obj
 .rodata.resolve_j_16.str1.4
                0x10006dc5       0x62 CMakeFiles/blink.dir/C_/Users/glaugtbest/.pico-sdk/sdk/2.1.0/src/rp2_common/hardware_irq/irq.c.obj
 .rodata.make_j_16.str1.4
                0x10006dc5       0x30 CMakeFiles/blink.dir/C_/Users/glaugtbest/.pico-sdk/sdk/2.1.0/src/rp2_common/hardware_irq/irq.c.obj
 .rodata.insert_bl_32.str1.4
                0x10006dc5       0x10 CMakeFiles/blink.dir/C_/Users/glaugtbest/.pico-sdk/sdk/2.1.0/src/rp2_common/hardware_irq/irq.c.obj
 .rodata.irq_set_exclusive_handler.str1.4
                0x10006dc5       0x36 CMakeFiles/blink.dir/C_/Users/glaugtbest/.pico-sdk/sdk/2.1.0/src/rp2_common/hardware_irq/irq.c.obj
 .rodata.irq_remove_handler.str1.4
                0x10006dc5       0x3a CMakeFiles/blink.dir/C_/Users/glaugtbest/.pico-sdk/sdk/2.1.0/src/rp2_common/hardware_irq/irq.c.obj
 .rodata.irq_add_tail_to_free_list.str1.4
                0x10006dc5       0x3a CMakeFiles/blink.dir/C_/Users/glaugtbest/.pico-sdk/sdk/2.1.0/src/rp2_common/hardware_irq/irq.c.obj
 *fill*         0x10006dc5        0x3 
 .rodata.__func__.0
                0x10006dc8       0x1a CMakeFiles/blink.dir/C_/Users/glaugtbest/.pico-sdk/sdk/2.1.0/src/rp2_common/hardware_irq/irq.c.obj
 *fill*         0x10006de2        0x2 
 .rodata.__func__.1
                0x10006de4        0xd CMakeFiles/blink.dir/C_/Users/glaugtbest/.pico-sdk/sdk/2.1.0/src/rp2_common/hardware_irq/irq.c.obj
 *fill*         0x10006df1        0x3 
 .rodata.__func__.2
                0x10006df4       0x13 CMakeFiles/blink.dir/C_/Users/glaugtbest/.pico-sdk/sdk/2.1.0/src/rp2_common/hardware_irq/irq.c.obj
 *fill*         0x10006e07        0x1 
 .rodata.__func__.3
                0x10006e08        0xa CMakeFiles/blink.dir/C_/Users/glaugtbest/.pico-sdk/sdk/2.1.0/src/rp2_common/hardware_irq/irq.c.obj
 *fill*         0x10006e12        0x2 
 .rodata.__func__.4
                0x10006e14        0xd CMakeFiles/blink.dir/C_/Users/glaugtbest/.pico-sdk/sdk/2.1.0/src/rp2_common/hardware_irq/irq.c.obj
 *fill*         0x10006e21        0x3 
 .rodata.__func__.6
                0x10006e24       0x1a CMakeFiles/blink.dir/C_/Users/glaugtbest/.pico-sdk/sdk/2.1.0/src/rp2_common/hardware_irq/irq.c.obj
 .rodata.runtime_init_mutex.str1.4
                0x10006e3e       0x65 CMakeFiles/blink.dir/C_/Users/glaugtbest/.pico-sdk/sdk/2.1.0/src/common/pico_sync/mutex.c.obj
 .rodata.str1.4
                0x10006e3e       0x51 CMakeFiles/blink.dir/C_/Users/glaugtbest/.pico-sdk/sdk/2.1.0/src/common/pico_sync/mutex.c.obj
 *fill*         0x10006e3e        0x2 
 .rodata.__func__.1
                0x10006e40        0xb CMakeFiles/blink.dir/C_/Users/glaugtbest/.pico-sdk/sdk/2.1.0/src/common/pico_sync/mutex.c.obj
 *fill*         0x10006e4b        0x1 
 .rodata.__func__.3
                0x10006e4c       0x18 CMakeFiles/blink.dir/C_/Users/glaugtbest/.pico-sdk/sdk/2.1.0/src/common/pico_sync/mutex.c.obj
 .rodata.__func__.6
                0x10006e64       0x13 CMakeFiles/blink.dir/C_/Users/glaugtbest/.pico-sdk/sdk/2.1.0/src/common/pico_sync/mutex.c.obj
 .rodata.alarm_pool_irq_handler.str1.4
                0x10006e77       0x70 CMakeFiles/blink.dir/C_/Users/glaugtbest/.pico-sdk/sdk/2.1.0/src/common/pico_time/time.c.obj
 .rodata.alarm_pool_get_default.str1.4
                0x10006e77       0x21 CMakeFiles/blink.dir/C_/Users/glaugtbest/.pico-sdk/sdk/2.1.0/src/common/pico_time/time.c.obj
 *fill*         0x10006e77        0x1 
 .rodata.__func__.1
                0x10006e78       0x17 CMakeFiles/blink.dir/C_/Users/glaugtbest/.pico-sdk/sdk/2.1.0/src/common/pico_time/time.c.obj
 *fill*         0x10006e8f        0x1 
 .rodata.__func__.2
                0x10006e90       0x17 CMakeFiles/blink.dir/C_/Users/glaugtbest/.pico-sdk/sdk/2.1.0/src/common/pico_time/time.c.obj
 .rodata.timer_hardware_alarm_claim.str1.4
                0x10006ea7       0x22 CMakeFiles/blink.dir/C_/Users/glaugtbest/.pico-sdk/sdk/2.1.0/src/rp2_common/hardware_timer/timer.c.obj
 .rodata.pll_init.str1.4
                0x10006ea7      0x120 CMakeFiles/blink.dir/C_/Users/glaugtbest/.pico-sdk/sdk/2.1.0/src/rp2_common/hardware_pll/pll.c.obj
 *fill*         0x10006ea7        0x1 
 .rodata.__func__.0
                0x10006ea8        0x9 CMakeFiles/blink.dir/C_/Users/glaugtbest/.pico-sdk/sdk/2.1.0/src/rp2_common/hardware_pll/pll.c.obj
 .rodata.missing_double_func_shim.str1.4
                0x10006eb1       0x18 CMakeFiles/blink.dir/C_/Users/glaugtbest/.pico-sdk/sdk/2.1.0/src/rp2_common/pico_double/double_init_rom_rp2040.c.obj
 .rodata.__aeabi_double_init.str1.4
                0x10006eb1       0xa0 CMakeFiles/blink.dir/C_/Users/glaugtbest/.pico-sdk/sdk/2.1.0/src/rp2_common/pico_double/double_init_rom_rp2040.c.obj
 *fill*         0x10006eb1        0x3 
 .rodata.__func__.0
                0x10006eb4       0x14 CMakeFiles/blink.dir/C_/Users/glaugtbest/.pico-sdk/sdk/2.1.0/src/rp2_common/pico_double/double_init_rom_rp2040.c.obj
 .rodata.missing_float_func_shim.str1.4
                0x10006ec8        0x1 CMakeFiles/blink.dir/C_/Users/glaugtbest/.pico-sdk/sdk/2.1.0/src/rp2_common/pico_float/float_init_rom_rp2040.c.obj
 .rodata.__aeabi_float_init.str1.4
                0x10006ec8       0x8e CMakeFiles/blink.dir/C_/Users/glaugtbest/.pico-sdk/sdk/2.1.0/src/rp2_common/pico_float/float_init_rom_rp2040.c.obj
 .rodata.__func__.0
                0x10006ec8       0x13 CMakeFiles/blink.dir/C_/Users/glaugtbest/.pico-sdk/sdk/2.1.0/src/rp2_common/pico_float/float_init_rom_rp2040.c.obj
 .rodata.str1.4
                0x10006edb       0x3c CMakeFiles/blink.dir/C_/Users/glaugtbest/.pico-sdk/sdk/2.1.0/src/rp2_common/pico_standard_binary_info/standard_binary_info.c.obj
 *fill*         0x10006edb        0x1 
 .rodata.__bi_84
                0x10006edc        0xc CMakeFiles/blink.dir/C_/Users/glaugtbest/.pico-sdk/sdk/2.1.0/src/rp2_common/pico_standard_binary_info/standard_binary_info.c.obj
 .rodata.__bi_78
                0x10006ee8        0xc CMakeFiles/blink.dir/C_/Users/glaugtbest/.pico-sdk/sdk/2.1.0/src/rp2_common/pico_standard_binary_info/standard_binary_info.c.obj
 .rodata.__bi_54
                0x10006ef4        0xc CMakeFiles/blink.dir/C_/Users/glaugtbest/.pico-sdk/sdk/2.1.0/src/rp2_common/pico_standard_binary_info/standard_binary_info.c.obj
 .rodata.__bi_48
                0x10006f00        0xc CMakeFiles/blink.dir/C_/Users/glaugtbest/.pico-sdk/sdk/2.1.0/src/rp2_common/pico_standard_binary_info/standard_binary_info.c.obj
 .rodata.__bi_42
                0x10006f0c        0xc CMakeFiles/blink.dir/C_/Users/glaugtbest/.pico-sdk/sdk/2.1.0/src/rp2_common/pico_standard_binary_info/standard_binary_info.c.obj
 .rodata.__bi_34
                0x10006f18        0xc CMakeFiles/blink.dir/C_/Users/glaugtbest/.pico-sdk/sdk/2.1.0/src/rp2_common/pico_standard_binary_info/standard_binary_info.c.obj
 .rodata.__bi_26
                0x10006f24        0xc CMakeFiles/blink.dir/C_/Users/glaugtbest/.pico-sdk/sdk/2.1.0/src/rp2_common/pico_standard_binary_info/standard_binary_info.c.obj
 .rodata._ftoa.str1.4
                0x10006f30       0x15 CMakeFiles/blink.dir/C_/Users/glaugtbest/.pico-sdk/sdk/2.1.0/src/rp2_common/pico_printf/printf.c.obj
 .rodata._vsnprintf
                0x10006f30      0x19c CMakeFiles/blink.dir/C_/Users/glaugtbest/.pico-sdk/sdk/2.1.0/src/rp2_common/pico_printf/printf.c.obj
 *fill*         0x100070cc        0x4 
 .rodata.pow10.0
                0x100070d0       0x50 CMakeFiles/blink.dir/C_/Users/glaugtbest/.pico-sdk/sdk/2.1.0/src/rp2_common/pico_printf/printf.c.obj
 .rodata.__assert_func.str1.4
                0x10007120       0x43 CMakeFiles/blink.dir/C_/Users/glaugtbest/.pico-sdk/sdk/2.1.0/src/rp2_common/pico_clib_interface/newlib_interface.c.obj
 .rodata.crlf_str.0
                0x10007120        0x2 CMakeFiles/blink.dir/C_/Users/glaugtbest/.pico-sdk/sdk/2.1.0/src/rp2_common/pico_stdio/stdio.c.obj
 .rodata.str1.4
                0x10007122       0x2c CMakeFiles/blink.dir/C_/Users/glaugtbest/.pico-sdk/sdk/2.1.0/src/rp2_common/pico_stdio_uart/stdio_uart.c.obj
 *fill*         0x10007122        0x2 
 .rodata.__bi_45.4
                0x10007124        0xc CMakeFiles/blink.dir/C_/Users/glaugtbest/.pico-sdk/sdk/2.1.0/src/rp2_common/pico_stdio_uart/stdio_uart.c.obj
 .rodata.__bi_49.5
                0x10007130        0x8 CMakeFiles/blink.dir/C_/Users/glaugtbest/.pico-sdk/sdk/2.1.0/src/rp2_common/pico_stdio_uart/stdio_uart.c.obj
 .rodata.__bi_50.6
                0x10007138        0x8 CMakeFiles/blink.dir/C_/Users/glaugtbest/.pico-sdk/sdk/2.1.0/src/rp2_common/pico_stdio_uart/stdio_uart.c.obj
 .rodata.vPortYield.str1.4
                0x10007140       0x84 CMakeFiles/blink.dir/C_/Users/glaugtbest/FreeRTOS-LTS/FreeRTOS/FreeRTOS-Kernel/portable/ThirdParty/GCC/RP2040/port.c.obj
 .rodata.vPortExitCritical.str1.4
                0x10007140       0x12 CMakeFiles/blink.dir/C_/Users/glaugtbest/FreeRTOS-LTS/FreeRTOS/FreeRTOS-Kernel/portable/ThirdParty/GCC/RP2040/port.c.obj
 .rodata.vPortLockInternalSpinUnlockWithWait.str1.4
                0x10007140       0x7e CMakeFiles/blink.dir/C_/Users/glaugtbest/FreeRTOS-LTS/FreeRTOS/FreeRTOS-Kernel/portable/ThirdParty/GCC/RP2040/port.c.obj
 .rodata.__func__.0
                0x10007140       0x37 CMakeFiles/blink.dir/C_/Users/glaugtbest/FreeRTOS-LTS/FreeRTOS/FreeRTOS-Kernel/portable/ThirdParty/GCC/RP2040/port.c.obj
 *fill*         0x10007177        0x1 
 .rodata.__func__.3
                0x10007178       0x12 CMakeFiles/blink.dir/C_/Users/glaugtbest/FreeRTOS-LTS/FreeRTOS/FreeRTOS-Kernel/portable/ThirdParty/GCC/RP2040/port.c.obj
 *fill*         0x1000718a        0x2 
 .rodata.__func__.4
                0x1000718c        0xb CMakeFiles/blink.dir/C_/Users/glaugtbest/FreeRTOS-LTS/FreeRTOS/FreeRTOS-Kernel/portable/ThirdParty/GCC/RP2040/port.c.obj
 .rodata.xEventGroupWaitBits.str1.4
                0x10007197       0xfb CMakeFiles/blink.dir/C_/Users/glaugtbest/FreeRTOS-LTS/FreeRTOS/FreeRTOS-Kernel/event_groups.c.obj
 .rodata.xEventGroupSetBits.str1.4
                0x10007197       0x34 CMakeFiles/blink.dir/C_/Users/glaugtbest/FreeRTOS-LTS/FreeRTOS/FreeRTOS-Kernel/event_groups.c.obj
 *fill*         0x10007197        0x1 
 .rodata.__func__.1
                0x10007198       0x13 CMakeFiles/blink.dir/C_/Users/glaugtbest/FreeRTOS-LTS/FreeRTOS/FreeRTOS-Kernel/event_groups.c.obj
 *fill*         0x100071ab        0x1 
 .rodata.__func__.3
                0x100071ac       0x14 CMakeFiles/blink.dir/C_/Users/glaugtbest/FreeRTOS-LTS/FreeRTOS/FreeRTOS-Kernel/event_groups.c.obj
 .rodata.prvNotifyQueueSetContainer.str1.4
                0x100071c0       0xc2 CMakeFiles/blink.dir/C_/Users/glaugtbest/FreeRTOS-LTS/FreeRTOS/FreeRTOS-Kernel/queue.c.obj
 .rodata.xQueueGenericReset.str1.4
                0x100071c0       0x2c CMakeFiles/blink.dir/C_/Users/glaugtbest/FreeRTOS-LTS/FreeRTOS/FreeRTOS-Kernel/queue.c.obj
 .rodata.xQueueGenericCreate.str1.4
                0x100071c0        0xb CMakeFiles/blink.dir/C_/Users/glaugtbest/FreeRTOS-LTS/FreeRTOS/FreeRTOS-Kernel/queue.c.obj
 .rodata.xQueueGenericSend.str1.4
                0x100071c0       0xfb CMakeFiles/blink.dir/C_/Users/glaugtbest/FreeRTOS-LTS/FreeRTOS/FreeRTOS-Kernel/queue.c.obj
 .rodata.xQueueReceive.str1.4
                0x100071c0       0x66 CMakeFiles/blink.dir/C_/Users/glaugtbest/FreeRTOS-LTS/FreeRTOS/FreeRTOS-Kernel/queue.c.obj
 .rodata.uxQueueMessagesWaiting.str1.4
                0x100071c0        0x7 CMakeFiles/blink.dir/C_/Users/glaugtbest/FreeRTOS-LTS/FreeRTOS/FreeRTOS-Kernel/queue.c.obj
 .rodata.__func__.2
                0x100071c0       0x14 CMakeFiles/blink.dir/C_/Users/glaugtbest/FreeRTOS-LTS/FreeRTOS/FreeRTOS-Kernel/queue.c.obj
 .rodata.__func__.13
                0x100071d4        0xe CMakeFiles/blink.dir/C_/Users/glaugtbest/FreeRTOS-LTS/FreeRTOS/FreeRTOS-Kernel/queue.c.obj
 *fill*         0x100071e2        0x2 
 .rodata.__func__.15
                0x100071e4       0x19 CMakeFiles/blink.dir/C_/Users/glaugtbest/FreeRTOS-LTS/FreeRTOS/FreeRTOS-Kernel/queue.c.obj
 *fill*         0x100071fd        0x3 
 .rodata.__func__.16
                0x10007200       0x1b CMakeFiles/blink.dir/C_/Users/glaugtbest/FreeRTOS-LTS/FreeRTOS/FreeRTOS-Kernel/queue.c.obj
 *fill*         0x1000721b        0x1 
 .rodata.__func__.23
                0x1000721c       0x14 CMakeFiles/blink.dir/C_/Users/glaugtbest/FreeRTOS-LTS/FreeRTOS/FreeRTOS-Kernel/queue.c.obj
 .rodata.__func__.24
                0x10007230       0x13 CMakeFiles/blink.dir/C_/Users/glaugtbest/FreeRTOS-LTS/FreeRTOS/FreeRTOS-Kernel/queue.c.obj
 .rodata.prvTaskIsTaskSuspended.str1.4
                0x10007243       0x4a CMakeFiles/blink.dir/C_/Users/glaugtbest/FreeRTOS-LTS/FreeRTOS/FreeRTOS-Kernel/tasks.c.obj
 .rodata.prvInitialiseNewTask.str1.4
                0x10007243       0x10 CMakeFiles/blink.dir/C_/Users/glaugtbest/FreeRTOS-LTS/FreeRTOS/FreeRTOS-Kernel/tasks.c.obj
 .rodata.prvCreateIdleTasks.str1.4
                0x10007243        0x5 CMakeFiles/blink.dir/C_/Users/glaugtbest/FreeRTOS-LTS/FreeRTOS/FreeRTOS-Kernel/tasks.c.obj
 .rodata.vTaskStartScheduler.str1.4
                0x10007243       0x12 CMakeFiles/blink.dir/C_/Users/glaugtbest/FreeRTOS-LTS/FreeRTOS/FreeRTOS-Kernel/tasks.c.obj
 .rodata.xTaskIncrementTick.str1.4
                0x10007243       0x76 CMakeFiles/blink.dir/C_/Users/glaugtbest/FreeRTOS-LTS/FreeRTOS/FreeRTOS-Kernel/tasks.c.obj
 .rodata.xTaskResumeAll.str1.4
                0x10007243       0x1b CMakeFiles/blink.dir/C_/Users/glaugtbest/FreeRTOS-LTS/FreeRTOS/FreeRTOS-Kernel/tasks.c.obj
 .rodata.xTaskDelayUntil.str1.4
                0x10007243       0x47 CMakeFiles/blink.dir/C_/Users/glaugtbest/FreeRTOS-LTS/FreeRTOS/FreeRTOS-Kernel/tasks.c.obj
 .rodata.vTaskSwitchContext.str1.4
                0x10007243        0xe CMakeFiles/blink.dir/C_/Users/glaugtbest/FreeRTOS-LTS/FreeRTOS/FreeRTOS-Kernel/tasks.c.obj
 .rodata.vTaskPlaceOnEventList.str1.4
                0x10007243        0xc CMakeFiles/blink.dir/C_/Users/glaugtbest/FreeRTOS-LTS/FreeRTOS/FreeRTOS-Kernel/tasks.c.obj
 .rodata.vTaskPlaceOnUnorderedEventList.str1.4
                0x10007243       0x2b CMakeFiles/blink.dir/C_/Users/glaugtbest/FreeRTOS-LTS/FreeRTOS/FreeRTOS-Kernel/tasks.c.obj
 .rodata.xTaskRemoveFromEventList.str1.4
                0x10007243        0xf CMakeFiles/blink.dir/C_/Users/glaugtbest/FreeRTOS-LTS/FreeRTOS/FreeRTOS-Kernel/tasks.c.obj
 .rodata.vTaskSetTimeOutState.str1.4
                0x10007243        0xa CMakeFiles/blink.dir/C_/Users/glaugtbest/FreeRTOS-LTS/FreeRTOS/FreeRTOS-Kernel/tasks.c.obj
 .rodata.xTaskCheckForTimeOut.str1.4
                0x10007243        0xe CMakeFiles/blink.dir/C_/Users/glaugtbest/FreeRTOS-LTS/FreeRTOS/FreeRTOS-Kernel/tasks.c.obj
 .rodata.xTaskPriorityDisinherit.str1.4
                0x10007243       0x2d CMakeFiles/blink.dir/C_/Users/glaugtbest/FreeRTOS-LTS/FreeRTOS/FreeRTOS-Kernel/tasks.c.obj
 *fill*         0x10007243        0x1 
 .rodata.__func__.8
                0x10007244       0x18 CMakeFiles/blink.dir/C_/Users/glaugtbest/FreeRTOS-LTS/FreeRTOS/FreeRTOS-Kernel/tasks.c.obj
 .rodata.__func__.10
                0x1000725c       0x15 CMakeFiles/blink.dir/C_/Users/glaugtbest/FreeRTOS-LTS/FreeRTOS/FreeRTOS-Kernel/tasks.c.obj
 *fill*         0x10007271        0x3 
 .rodata.__func__.12
                0x10007274       0x22 CMakeFiles/blink.dir/C_/Users/glaugtbest/FreeRTOS-LTS/FreeRTOS/FreeRTOS-Kernel/tasks.c.obj
 *fill*         0x10007296        0x2 
 .rodata.__func__.13
                0x10007298       0x19 CMakeFiles/blink.dir/C_/Users/glaugtbest/FreeRTOS-LTS/FreeRTOS/FreeRTOS-Kernel/tasks.c.obj
 *fill*         0x100072b1        0x3 
 .rodata.__func__.14
                0x100072b4       0x20 CMakeFiles/blink.dir/C_/Users/glaugtbest/FreeRTOS-LTS/FreeRTOS/FreeRTOS-Kernel/tasks.c.obj
 .rodata.__func__.15
                0x100072d4       0x1f CMakeFiles/blink.dir/C_/Users/glaugtbest/FreeRTOS-LTS/FreeRTOS/FreeRTOS-Kernel/tasks.c.obj
 *fill*         0x100072f3        0x1 
 .rodata.__func__.16
                0x100072f4       0x16 CMakeFiles/blink.dir/C_/Users/glaugtbest/FreeRTOS-LTS/FreeRTOS/FreeRTOS-Kernel/tasks.c.obj
 *fill*         0x1000730a        0x2 
 .rodata.__func__.17
                0x1000730c       0x13 CMakeFiles/blink.dir/C_/Users/glaugtbest/FreeRTOS-LTS/FreeRTOS/FreeRTOS-Kernel/tasks.c.obj
 *fill*         0x1000731f        0x1 
 .rodata.__func__.18
                0x10007320       0x13 CMakeFiles/blink.dir/C_/Users/glaugtbest/FreeRTOS-LTS/FreeRTOS/FreeRTOS-Kernel/tasks.c.obj
 *fill*         0x10007333        0x1 
 .rodata.__func__.25
                0x10007334        0xf CMakeFiles/blink.dir/C_/Users/glaugtbest/FreeRTOS-LTS/FreeRTOS/FreeRTOS-Kernel/tasks.c.obj
 *fill*         0x10007343        0x1 
 .rodata.__func__.26
                0x10007344       0x14 CMakeFiles/blink.dir/C_/Users/glaugtbest/FreeRTOS-LTS/FreeRTOS/FreeRTOS-Kernel/tasks.c.obj
 .rodata.__func__.33
                0x10007358        0xb CMakeFiles/blink.dir/C_/Users/glaugtbest/FreeRTOS-LTS/FreeRTOS/FreeRTOS-Kernel/tasks.c.obj
 *fill*         0x10007363        0x1 
 .rodata.__func__.36
                0x10007364       0x15 CMakeFiles/blink.dir/C_/Users/glaugtbest/FreeRTOS-LTS/FreeRTOS/FreeRTOS-Kernel/tasks.c.obj
 *fill*         0x10007379        0x3 
 .rodata.uxTopUsedPriority
                0x1000737c        0x4 CMakeFiles/blink.dir/C_/Users/glaugtbest/FreeRTOS-LTS/FreeRTOS/FreeRTOS-Kernel/tasks.c.obj
 .rodata.prvProcessReceivedCommands.str1.4
                0x10007380       0x6b CMakeFiles/blink.dir/C_/Users/glaugtbest/FreeRTOS-LTS/FreeRTOS/FreeRTOS-Kernel/timers.c.obj
 .rodata.prvProcessReceivedCommands
                0x10007380       0x28 CMakeFiles/blink.dir/C_/Users/glaugtbest/FreeRTOS-LTS/FreeRTOS/FreeRTOS-Kernel/timers.c.obj
 .rodata.prvCheckForValidListAndQueue.str1.4
                0x100073a8        0x5 CMakeFiles/blink.dir/C_/Users/glaugtbest/FreeRTOS-LTS/FreeRTOS/FreeRTOS-Kernel/timers.c.obj
 .rodata.xTimerCreateTimerTask.str1.4
                0x100073a8       0x10 CMakeFiles/blink.dir/C_/Users/glaugtbest/FreeRTOS-LTS/FreeRTOS/FreeRTOS-Kernel/timers.c.obj
 .rodata.__func__.13
                0x100073a8       0x1b CMakeFiles/blink.dir/C_/Users/glaugtbest/FreeRTOS-LTS/FreeRTOS/FreeRTOS-Kernel/timers.c.obj
 *fill*         0x100073c3        0x1 
 .rodata.__func__.15
                0x100073c4       0x16 CMakeFiles/blink.dir/C_/Users/glaugtbest/FreeRTOS-LTS/FreeRTOS/FreeRTOS-Kernel/timers.c.obj
 .rodata.exception_set_exclusive_handler.str1.4
                0x100073da       0x9a CMakeFiles/blink.dir/C_/Users/glaugtbest/.pico-sdk/sdk/2.1.0/src/rp2_common/hardware_exception/exception.c.obj
 *fill*         0x100073da        0x2 
 .rodata.__func__.1
                0x100073dc       0x20 CMakeFiles/blink.dir/C_/Users/glaugtbest/.pico-sdk/sdk/2.1.0/src/rp2_common/hardware_exception/exception.c.obj
 .rodata.prvInsertBlockIntoFreeList.str1.4
                0x100073fc       0xd0 CMakeFiles/blink.dir/C_/Users/glaugtbest/FreeRTOS-LTS/FreeRTOS/FreeRTOS-Kernel/portable/MemMang/heap_4.c.obj
 .rodata.pvPortMalloc.str1.4
                0x100073fc      0x18d CMakeFiles/blink.dir/C_/Users/glaugtbest/FreeRTOS-LTS/FreeRTOS/FreeRTOS-Kernel/portable/MemMang/heap_4.c.obj
 .rodata.vPortFree.str1.4
                0x100073fc      0x10f CMakeFiles/blink.dir/C_/Users/glaugtbest/FreeRTOS-LTS/FreeRTOS/FreeRTOS-Kernel/portable/MemMang/heap_4.c.obj
 .rodata.__func__.0
                0x100073fc       0x1b CMakeFiles/blink.dir/C_/Users/glaugtbest/FreeRTOS-LTS/FreeRTOS/FreeRTOS-Kernel/portable/MemMang/heap_4.c.obj
 *fill*         0x10007417        0x1 
 .rodata.__func__.1
                0x10007418        0xa CMakeFiles/blink.dir/C_/Users/glaugtbest/FreeRTOS-LTS/FreeRTOS/FreeRTOS-Kernel/portable/MemMang/heap_4.c.obj
 *fill*         0x10007422        0x2 
 .rodata.__func__.2
                0x10007424        0xd CMakeFiles/blink.dir/C_/Users/glaugtbest/FreeRTOS-LTS/FreeRTOS/FreeRTOS-Kernel/portable/MemMang/heap_4.c.obj
 .rodata.str1.4
                0x10007431      0x19d CMakeFiles/blink.dir/C_/Users/glaugtbest/.pico-sdk/sdk/2.1.0/src/rp2_common/hardware_flash/flash.c.obj
 *fill*         0x10007431        0x3 
 .rodata.__func__.0
                0x10007434        0xd CMakeFiles/blink.dir/C_/Users/glaugtbest/.pico-sdk/sdk/2.1.0/src/rp2_common/hardware_flash/flash.c.obj
                0x10007444                        . = ALIGN (0x4)
 *fill*         0x10007441        0x3 
 *(SORT_BY_ALIGNMENT(SORT_BY_NAME(.flashdata*)))
                0x10007444                        . = ALIGN (0x4)

.ARM.extab
 *(.ARM.extab* .gnu.linkonce.armextab.*)
                0x10007444                        __exidx_start = .

.ARM.exidx
 *(.ARM.exidx* .gnu.linkonce.armexidx.*)
                0x10007444                        __exidx_end = .
                0x10007444                        . = ALIGN (0x4)
                0x10007444                        __binary_info_start = .

.binary_info    0x10007444       0x28
 *(.binary_info.keep.*)
 .binary_info.keep.__bi_ptr84
                0x10007444        0x4 CMakeFiles/blink.dir/C_/Users/glaugtbest/.pico-sdk/sdk/2.1.0/src/rp2_common/pico_standard_binary_info/standard_binary_info.c.obj
 .binary_info.keep.__bi_ptr78
                0x10007448        0x4 CMakeFiles/blink.dir/C_/Users/glaugtbest/.pico-sdk/sdk/2.1.0/src/rp2_common/pico_standard_binary_info/standard_binary_info.c.obj
 .binary_info.keep.__bi_ptr54
                0x1000744c        0x4 CMakeFiles/blink.dir/C_/Users/glaugtbest/.pico-sdk/sdk/2.1.0/src/rp2_common/pico_standard_binary_info/standard_binary_info.c.obj
 .binary_info.keep.__bi_ptr48
                0x10007450        0x4 CMakeFiles/blink.dir/C_/Users/glaugtbest/.pico-sdk/sdk/2.1.0/src/rp2_common/pico_standard_binary_info/standard_binary_info.c.obj
 .binary_info.keep.__bi_ptr42
                0x10007454        0x4 CMakeFiles/blink.dir/C_/Users/glaugtbest/.pico-sdk/sdk/2.1.0/src/rp2_common/pico_standard_binary_info/standard_binary_info.c.obj
 .binary_info.keep.__bi_ptr34
                0x10007458        0x4 CMakeFiles/blink.dir/C_/Users/glaugtbest/.pico-sdk/sdk/2.1.0/src/rp2_common/pico_standard_binary_info/standard_binary_info.c.obj
 .binary_info.keep.__bi_ptr26
                0x1000745c        0x4 CMakeFiles/blink.dir/C_/Users/glaugtbest/.pico-sdk/sdk/2.1.0/src/rp2_common/pico_standard_binary_info/standard_binary_info.c.obj
 *(.binary_info.*)
 .binary_info.__bi_ptr50
                0x10007460        0x4 CMakeFiles/blink.dir/C_/Users/glaugtbest/.pico-sdk/sdk/2.1.0/src/rp2_common/pico_stdio_uart/stdio_uart.c.obj
 .binary_info.__bi_ptr49
                0x10007464        0x4 CMakeFiles/blink.dir/C_/Users/glaugtbest/.pico-sdk/sdk/2.1.0/src/rp2_common/pico_stdio_uart/stdio_uart.c.obj
 .binary_info.__bi_ptr45
                0x10007468        0x4 CMakeFiles/blink.dir/C_/Users/glaugtbest/.pico-sdk/sdk/2.1.0/src/rp2_common/pico_stdio_uart/stdio_uart.c.obj
                0x1000746c                        __binary_info_end = .

.rel.dyn        0x1000746c        0x0
 .rel.iplt      0x1000746c        0x0 C:/Users/glaugtbest/.pico-sdk/toolchain/13_3_Rel1/bin/../lib/gcc/arm-none-eabi/13.3.1/thumb/v6-m/nofp/crtbegin.o
                0x1000746c                        . = ALIGN (0x4)

.ram_vector_table
                0x20000000       0xc0
 *(.ram_vector_table)
 .ram_vector_table
                0x20000000       0xc0 CMakeFiles/blink.dir/C_/Users/glaugtbest/.pico-sdk/sdk/2.1.0/src/rp2_common/pico_runtime_init/runtime_init.c.obj
                0x20000000                ram_vector_table

.uninitialized_data
                0x200000c0        0x0
                0x200000c0                        . = ALIGN (0x4)
 *(.uninitialized_data*)

.data           0x200000c0      0x36c load address 0x1000746c
                0x200000c0                        __data_start__ = .
 *(vtable)
 *(.time_critical*)
 .time_critical.mutex_try_enter
                0x200000c0       0x42 CMakeFiles/blink.dir/C_/Users/glaugtbest/.pico-sdk/sdk/2.1.0/src/common/pico_sync/mutex.c.obj
                0x200000c0                mutex_try_enter
 *fill*         0x20000102        0x2 
 .time_critical.mutex_enter_block_until
                0x20000104       0x74 CMakeFiles/blink.dir/C_/Users/glaugtbest/.pico-sdk/sdk/2.1.0/src/common/pico_sync/mutex.c.obj
                0x20000104                mutex_enter_block_until
 .time_critical.mutex_try_enter_block_until
                0x20000178       0x32 CMakeFiles/blink.dir/C_/Users/glaugtbest/.pico-sdk/sdk/2.1.0/src/common/pico_sync/mutex.c.obj
                0x20000178                mutex_try_enter_block_until
 *fill*         0x200001aa        0x2 
 .time_critical.mutex_exit
                0x200001ac       0x40 CMakeFiles/blink.dir/C_/Users/glaugtbest/.pico-sdk/sdk/2.1.0/src/common/pico_sync/mutex.c.obj
                0x200001ac                mutex_exit
 .time_critical.flash_init_boot2_copyout
                0x200001ec       0x30 CMakeFiles/blink.dir/C_/Users/glaugtbest/.pico-sdk/sdk/2.1.0/src/rp2_common/hardware_flash/flash.c.obj
 .time_critical.flash_enable_xip_via_boot2
                0x2000021c        0xc CMakeFiles/blink.dir/C_/Users/glaugtbest/.pico-sdk/sdk/2.1.0/src/rp2_common/hardware_flash/flash.c.obj
 .time_critical.flash_cs_force
                0x20000228       0x28 CMakeFiles/blink.dir/C_/Users/glaugtbest/.pico-sdk/sdk/2.1.0/src/rp2_common/hardware_flash/flash.c.obj
 .time_critical.flash_do_cmd
                0x20000250       0xd8 CMakeFiles/blink.dir/C_/Users/glaugtbest/.pico-sdk/sdk/2.1.0/src/rp2_common/hardware_flash/flash.c.obj
                0x20000250                flash_do_cmd
 *(.text*)
 .text          0x20000328        0x4 C:/Users/glaugtbest/.pico-sdk/toolchain/13_3_Rel1/bin/../lib/gcc/arm-none-eabi/13.3.1/thumb/v6-m/nofp\libgcc.a(_dvmd_tls.o)
                0x20000328                __aeabi_idiv0
                0x20000328                __aeabi_ldiv0
 *fill*         0x2000032c        0x4 
 .text.__stub   0x20000330       0x40 linker stubs
                0x20000370                        . = ALIGN (0x4)
 *(.rodata*)
                0x20000370                        . = ALIGN (0x4)
 *(.data*)
 .data.striped_spin_lock_num
                0x20000370        0x1 CMakeFiles/blink.dir/C_/Users/glaugtbest/.pico-sdk/sdk/2.1.0/src/rp2_common/hardware_sync/sync.c.obj
 *fill*         0x20000371        0x3 
 .data          0x20000374       0x48 CMakeFiles/blink.dir/C_/Users/glaugtbest/.pico-sdk/sdk/2.1.0/src/rp2_common/hardware_irq/irq_handler_chain.S.obj
                0x20000374                irq_handler_chain_slots
                0x200003a4                irq_handler_chain_first_slot
                0x200003ae                irq_handler_chain_remove_tail
 .data.default_alarm_pool
                0x200003bc       0x18 CMakeFiles/blink.dir/C_/Users/glaugtbest/.pico-sdk/sdk/2.1.0/src/common/pico_time/time.c.obj
 *fill*         0x200003d4        0xc 
 .data.aeabi_bits_funcs
                0x200003e0       0x10 CMakeFiles/blink.dir/C_/Users/glaugtbest/.pico-sdk/sdk/2.1.0/src/rp2_common/pico_bit_ops/bit_ops_aeabi.S.obj
                0x200003e0                aeabi_bits_funcs
                0x200003f0                aeabi_bits_funcs_end
 .data.aeabi_mem_funcs
                0x200003f0       0x10 CMakeFiles/blink.dir/C_/Users/glaugtbest/.pico-sdk/sdk/2.1.0/src/rp2_common/pico_mem_ops/mem_ops_aeabi.S.obj
                0x200003f0                aeabi_mem_funcs
                0x20000400                aeabi_mem_funcs_end
 .data.stdio_uart
                0x20000400       0x18 CMakeFiles/blink.dir/C_/Users/glaugtbest/.pico-sdk/sdk/2.1.0/src/rp2_common/pico_stdio_uart/stdio_uart.c.obj
                0x20000400                stdio_uart
 .data.ucPrimaryCoreNum
                0x20000418        0x1 CMakeFiles/blink.dir/C_/Users/glaugtbest/FreeRTOS-LTS/FreeRTOS/FreeRTOS-Kernel/portable/ThirdParty/GCC/RP2040/port.c.obj
                0x2000041c                        . = ALIGN (0x4)
 *fill*         0x20000419        0x3 
 *(.after_data.*)
                0x2000041c                        . = ALIGN (0x4)
                0x2000041c                        PROVIDE (__mutex_array_start = .)
 *(SORT_BY_NAME(.mutex_array.*))
 *(.mutex_array)
 .mutex_array   0x2000041c        0x8 CMakeFiles/blink.dir/C_/Users/glaugtbest/.pico-sdk/sdk/2.1.0/src/rp2_common/pico_malloc/malloc.c.obj
 .mutex_array   0x20000424        0x8 CMakeFiles/blink.dir/C_/Users/glaugtbest/.pico-sdk/sdk/2.1.0/src/rp2_common/pico_stdio/stdio.c.obj
                0x2000042c                        PROVIDE (__mutex_array_end = .)
                0x2000042c                        . = ALIGN (0x4)
 *(.jcr)
                0x2000042c                        . = ALIGN (0x4)

.tm_clone_table
                0x2000042c        0x0 load address 0x100077d8
 .tm_clone_table
                0x2000042c        0x0 C:/Users/glaugtbest/.pico-sdk/toolchain/13_3_Rel1/bin/../lib/gcc/arm-none-eabi/13.3.1/thumb/v6-m/nofp/crtbegin.o
 .tm_clone_table
                0x2000042c        0x0 C:/Users/glaugtbest/.pico-sdk/toolchain/13_3_Rel1/bin/../lib/gcc/arm-none-eabi/13.3.1/thumb/v6-m/nofp/crtend.o

.igot.plt       0x2000042c        0x0 load address 0x100077d8
 .igot.plt      0x2000042c        0x0 C:/Users/glaugtbest/.pico-sdk/toolchain/13_3_Rel1/bin/../lib/gcc/arm-none-eabi/13.3.1/thumb/v6-m/nofp/crtbegin.o

.tdata          0x2000042c        0x0 load address 0x100077d8
                0x2000042c                        . = ALIGN (0x4)
 *(.tdata .tdata.* .gnu.linkonce.td.*)
                0x2000042c                        __tdata_end = .
                0x2000042c                        PROVIDE (__data_end__ = .)
                0x1000746c                        __etext = LOADADDR (.data)

.tbss           0x2000042c        0x0 load address 0x100077d8
                0x2000042c                        . = ALIGN (0x4)
                0x2000042c                        __bss_start__ = .
                0x2000042c                        __tls_base = .
 *(.tbss .tbss.* .gnu.linkonce.tb.*)
 *(.tcommon)
                0x2000042c                        __tls_end = .

.bss            0x20000430    0x208d0 load address 0x100077d8
                0x20000430                        . = ALIGN (0x4)
                0x20000430                        __tbss_end = .
 *(SORT_BY_ALIGNMENT(SORT_BY_NAME(.bss*)))
 .bss.default_alarm_pool_entries
                0x20000430      0x180 CMakeFiles/blink.dir/C_/Users/glaugtbest/.pico-sdk/sdk/2.1.0/src/common/pico_time/time.c.obj
 .bss.boot2_copyout
                0x200005b0      0x100 CMakeFiles/blink.dir/C_/Users/glaugtbest/.pico-sdk/sdk/2.1.0/src/rp2_common/hardware_flash/flash.c.obj
 .bss.chars_available_callback
                0x200006b0        0x4 CMakeFiles/blink.dir/C_/Users/glaugtbest/.pico-sdk/sdk/2.1.0/src/rp2_common/pico_stdio_uart/stdio_uart.c.obj
 .bss.chars_available_param
                0x200006b4        0x4 CMakeFiles/blink.dir/C_/Users/glaugtbest/.pico-sdk/sdk/2.1.0/src/rp2_common/pico_stdio_uart/stdio_uart.c.obj
 .bss.claimed   0x200006b8        0x1 CMakeFiles/blink.dir/C_/Users/glaugtbest/.pico-sdk/sdk/2.1.0/src/rp2_common/hardware_timer/timer.c.obj
 *fill*         0x200006b9        0x3 
 .bss.configured_freq
                0x200006bc       0x28 CMakeFiles/blink.dir/C_/Users/glaugtbest/.pico-sdk/sdk/2.1.0/src/rp2_common/hardware_clocks/clocks.c.obj
 .bss.drivers   0x200006e4        0x4 CMakeFiles/blink.dir/C_/Users/glaugtbest/.pico-sdk/sdk/2.1.0/src/rp2_common/pico_stdio/stdio.c.obj
 .bss.filter    0x200006e8        0x4 CMakeFiles/blink.dir/C_/Users/glaugtbest/.pico-sdk/sdk/2.1.0/src/rp2_common/pico_stdio/stdio.c.obj
 .bss.object.0  0x200006ec       0x18 C:/Users/glaugtbest/.pico-sdk/toolchain/13_3_Rel1/bin/../lib/gcc/arm-none-eabi/13.3.1/thumb/v6-m/nofp/crtbegin.o
 .bss.pools     0x20000704       0x10 CMakeFiles/blink.dir/C_/Users/glaugtbest/.pico-sdk/sdk/2.1.0/src/common/pico_time/time.c.obj
 .bss.pxCrossCoreSpinLock